Component: ARM Compiler 5.06 update 6 (build 750) Tool: armlink [4d35ed]

==============================================================================

Section Cross References

    stm32f3xx_hal.o(i.HAL_DeInit) refers to stm32f3xx_hal.o(i.HAL_MspDeInit) for HAL_MspDeInit
    stm32f3xx_hal.o(i.HAL_Delay) refers to stm32f3xx_hal.o(i.HAL_GetTick) for HAL_GetTick
    stm32f3xx_hal.o(i.HAL_GetTick) refers to stm32f3xx_hal.o(.data) for .data
    stm32f3xx_hal.o(i.HAL_IncTick) refers to stm32f3xx_hal.o(.data) for .data
    stm32f3xx_hal.o(i.HAL_Init) refers to stm32f3xx_hal_cortex.o(i.HAL_NVIC_SetPriorityGrouping) for HAL_NVIC_SetPriorityGrouping
    stm32f3xx_hal.o(i.HAL_Init) refers to stm32f3xx_hal.o(i.HAL_InitTick) for HAL_InitTick
    stm32f3xx_hal.o(i.HAL_Init) refers to stm32f3xx_hal_msp.o(i.HAL_MspInit) for HAL_MspInit
    stm32f3xx_hal.o(i.HAL_InitTick) refers to stm32f3xx_hal_cortex.o(i.HAL_SYSTICK_Config) for HAL_SYSTICK_Config
    stm32f3xx_hal.o(i.HAL_InitTick) refers to stm32f3xx_hal_cortex.o(i.HAL_NVIC_SetPriority) for HAL_NVIC_SetPriority
    stm32f3xx_hal.o(i.HAL_InitTick) refers to system_stm32f3xx.o(.data) for SystemCoreClock
    stm32f3xx_hal_gpio.o(i.HAL_GPIO_EXTI_IRQHandler) refers to dri_mpu6050.o(i.HAL_GPIO_EXTI_Callback) for HAL_GPIO_EXTI_Callback
    stm32f3xx_hal_adc_ex.o(i.ADC_ConversionStop) refers to stm32f3xx_hal.o(i.HAL_GetTick) for HAL_GetTick
    stm32f3xx_hal_adc_ex.o(i.ADC_DMAConvCplt) refers to stm32f3xx_hal_adc.o(i.HAL_ADC_ConvCpltCallback) for HAL_ADC_ConvCpltCallback
    stm32f3xx_hal_adc_ex.o(i.ADC_DMAError) refers to stm32f3xx_hal_adc.o(i.HAL_ADC_ErrorCallback) for HAL_ADC_ErrorCallback
    stm32f3xx_hal_adc_ex.o(i.ADC_DMAHalfConvCplt) refers to stm32f3xx_hal_adc.o(i.HAL_ADC_ConvHalfCpltCallback) for HAL_ADC_ConvHalfCpltCallback
    stm32f3xx_hal_adc_ex.o(i.ADC_Disable) refers to stm32f3xx_hal.o(i.HAL_GetTick) for HAL_GetTick
    stm32f3xx_hal_adc_ex.o(i.ADC_Enable) refers to stm32f3xx_hal.o(i.HAL_GetTick) for HAL_GetTick
    stm32f3xx_hal_adc_ex.o(i.HAL_ADCEx_Calibration_Start) refers to stm32f3xx_hal_adc_ex.o(i.ADC_Disable) for ADC_Disable
    stm32f3xx_hal_adc_ex.o(i.HAL_ADCEx_Calibration_Start) refers to stm32f3xx_hal.o(i.HAL_GetTick) for HAL_GetTick
    stm32f3xx_hal_adc_ex.o(i.HAL_ADCEx_InjectedConfigChannel) refers to system_stm32f3xx.o(.data) for SystemCoreClock
    stm32f3xx_hal_adc_ex.o(i.HAL_ADCEx_InjectedPollForConversion) refers to stm32f3xx_hal.o(i.HAL_GetTick) for HAL_GetTick
    stm32f3xx_hal_adc_ex.o(i.HAL_ADCEx_InjectedStart) refers to stm32f3xx_hal_adc_ex.o(i.ADC_Enable) for ADC_Enable
    stm32f3xx_hal_adc_ex.o(i.HAL_ADCEx_InjectedStart_IT) refers to stm32f3xx_hal_adc_ex.o(i.ADC_Enable) for ADC_Enable
    stm32f3xx_hal_adc_ex.o(i.HAL_ADCEx_InjectedStop) refers to stm32f3xx_hal_adc_ex.o(i.ADC_ConversionStop) for ADC_ConversionStop
    stm32f3xx_hal_adc_ex.o(i.HAL_ADCEx_InjectedStop) refers to stm32f3xx_hal_adc_ex.o(i.ADC_Disable) for ADC_Disable
    stm32f3xx_hal_adc_ex.o(i.HAL_ADCEx_InjectedStop_IT) refers to stm32f3xx_hal_adc_ex.o(i.ADC_ConversionStop) for ADC_ConversionStop
    stm32f3xx_hal_adc_ex.o(i.HAL_ADCEx_InjectedStop_IT) refers to stm32f3xx_hal_adc_ex.o(i.ADC_Disable) for ADC_Disable
    stm32f3xx_hal_adc_ex.o(i.HAL_ADCEx_MultiModeStart_DMA) refers to stm32f3xx_hal_adc_ex.o(i.ADC_Enable) for ADC_Enable
    stm32f3xx_hal_adc_ex.o(i.HAL_ADCEx_MultiModeStart_DMA) refers to stm32f3xx_hal_dma.o(i.HAL_DMA_Start_IT) for HAL_DMA_Start_IT
    stm32f3xx_hal_adc_ex.o(i.HAL_ADCEx_MultiModeStart_DMA) refers to stm32f3xx_hal_adc_ex.o(i.ADC_DMAConvCplt) for ADC_DMAConvCplt
    stm32f3xx_hal_adc_ex.o(i.HAL_ADCEx_MultiModeStart_DMA) refers to stm32f3xx_hal_adc_ex.o(i.ADC_DMAHalfConvCplt) for ADC_DMAHalfConvCplt
    stm32f3xx_hal_adc_ex.o(i.HAL_ADCEx_MultiModeStart_DMA) refers to stm32f3xx_hal_adc_ex.o(i.ADC_DMAError) for ADC_DMAError
    stm32f3xx_hal_adc_ex.o(i.HAL_ADCEx_MultiModeStop_DMA) refers to stm32f3xx_hal_adc_ex.o(i.ADC_ConversionStop) for ADC_ConversionStop
    stm32f3xx_hal_adc_ex.o(i.HAL_ADCEx_MultiModeStop_DMA) refers to stm32f3xx_hal.o(i.HAL_GetTick) for HAL_GetTick
    stm32f3xx_hal_adc_ex.o(i.HAL_ADCEx_MultiModeStop_DMA) refers to stm32f3xx_hal_dma.o(i.HAL_DMA_Abort) for HAL_DMA_Abort
    stm32f3xx_hal_adc_ex.o(i.HAL_ADCEx_MultiModeStop_DMA) refers to stm32f3xx_hal_adc_ex.o(i.ADC_Disable) for ADC_Disable
    stm32f3xx_hal_adc_ex.o(i.HAL_ADCEx_RegularMultiModeStop_DMA) refers to stm32f3xx_hal_adc_ex.o(i.ADC_ConversionStop) for ADC_ConversionStop
    stm32f3xx_hal_adc_ex.o(i.HAL_ADCEx_RegularMultiModeStop_DMA) refers to stm32f3xx_hal.o(i.HAL_GetTick) for HAL_GetTick
    stm32f3xx_hal_adc_ex.o(i.HAL_ADCEx_RegularMultiModeStop_DMA) refers to stm32f3xx_hal_dma.o(i.HAL_DMA_Abort) for HAL_DMA_Abort
    stm32f3xx_hal_adc_ex.o(i.HAL_ADCEx_RegularMultiModeStop_DMA) refers to stm32f3xx_hal_adc_ex.o(i.ADC_Disable) for ADC_Disable
[...]
    i.HAL_UART_RxHalfCpltCallback            0x08001dca   Section        0  stm32f3xx_hal_uart.o(i.HAL_UART_RxHalfCpltCallback)
    i.HAL_UART_Transmit_DMA                  0x08001dcc   Section        0  stm32f3xx_hal_uart.o(i.HAL_UART_Transmit_DMA)
    i.HAL_UART_TxCpltCallback                0x08001e54   Section        0  stm32f3xx_hal_uart.o(i.HAL_UART_TxCpltCallback)
    i.HAL_UART_TxHalfCpltCallback            0x08001e56   Section        0  stm32f3xx_hal_uart.o(i.HAL_UART_TxHalfCpltCallback)
    i.HardFault_Handler                      0x08001e58   Section        0  stm32f3xx_it.o(i.HardFault_Handler)
    i.I2C1_ER_IRQHandler                     0x08001e5c   Section        0  stm32f3xx_it.o(i.I2C1_ER_IRQHandler)
    i.I2C1_EV_IRQHandler                     0x08001e68   Section        0  stm32f3xx_it.o(i.I2C1_EV_IRQHandler)
    i.I2C_DMAAbort                           0x08001e74   Section        0  stm32f3xx_hal_i2c.o(i.I2C_DMAAbort)
    I2C_DMAAbort                             0x08001e75   Thumb Code    50  stm32f3xx_hal_i2c.o(i.I2C_DMAAbort)
    i.I2C_DMAError                           0x08001ea6   Section        0  stm32f3xx_hal_i2c.o(i.I2C_DMAError)
    I2C_DMAError                             0x08001ea7   Thumb Code    18  stm32f3xx_hal_i2c.o(i.I2C_DMAError)
    i.I2C_DMAMasterReceiveCplt               0x08001eb8   Section        0  stm32f3xx_hal_i2c.o(i.I2C_DMAMasterReceiveCplt)
    I2C_DMAMasterReceiveCplt                 0x08001eb9   Thumb Code    66  stm32f3xx_hal_i2c.o(i.I2C_DMAMasterReceiveCplt)
    i.I2C_Disable_IRQ                        0x08001efa   Section        0  stm32f3xx_hal_i2c.o(i.I2C_Disable_IRQ)
    I2C_Disable_IRQ                          0x08001efb   Thumb Code    86  stm32f3xx_hal_i2c.o(i.I2C_Disable_IRQ)
    i.I2C_Enable_IRQ                         0x08001f50   Section        0  stm32f3xx_hal_i2c.o(i.I2C_Enable_IRQ)
    I2C_Enable_IRQ                           0x08001f51   Thumb Code    86  stm32f3xx_hal_i2c.o(i.I2C_Enable_IRQ)
    i.I2C_Flush_TXDR                         0x08001fb0   Section        0  stm32f3xx_hal_i2c.o(i.I2C_Flush_TXDR)
    I2C_Flush_TXDR                           0x08001fb1   Thumb Code    34  stm32f3xx_hal_i2c.o(i.I2C_Flush_TXDR)
    i.I2C_ITAddrCplt                         0x08001fd2   Section        0  stm32f3xx_hal_i2c.o(i.I2C_ITAddrCplt)
    I2C_ITAddrCplt                           0x08001fd3   Thumb Code   136  stm32f3xx_hal_i2c.o(i.I2C_ITAddrCplt)
    i.I2C_ITError                            0x0800205c   Section        0  stm32f3xx_hal_i2c.o(i.I2C_ITError)
    I2C_ITError                              0x0800205d   Thumb Code   210  stm32f3xx_hal_i2c.o(i.I2C_ITError)
    i.I2C_ITListenCplt                       0x0800213c   Section        0  stm32f3xx_hal_i2c.o(i.I2C_ITListenCplt)
    I2C_ITListenCplt                         0x0800213d   Thumb Code    88  stm32f3xx_hal_i2c.o(i.I2C_ITListenCplt)
    i.I2C_ITMasterCplt                       0x08002198   Section        0  stm32f3xx_hal_i2c.o(i.I2C_ITMasterCplt)
    I2C_ITMasterCplt                         0x08002199   Thumb Code   170  stm32f3xx_hal_i2c.o(i.I2C_ITMasterCplt)
    i.I2C_ITSlaveCplt                        0x0800224c   Section        0  stm32f3xx_hal_i2c.o(i.I2C_ITSlaveCplt)
    I2C_ITSlaveCplt                          0x0800224d   Thumb Code   232  stm32f3xx_hal_i2c.o(i.I2C_ITSlaveCplt)
    i.I2C_ITSlaveSequentialCplt              0x0800233c   Section        0  stm32f3xx_hal_i2c.o(i.I2C_ITSlaveSequentialCplt)
    I2C_ITSlaveSequentialCplt                0x0800233d   Thumb Code    84  stm32f3xx_hal_i2c.o(i.I2C_ITSlaveSequentialCplt)
    i.I2C_IsAcknowledgeFailed                0x08002390   Section        0  stm32f3xx_hal_i2c.o(i.I2C_IsAcknowledgeFailed)
    I2C_IsAcknowledgeFailed                  0x08002391   Thumb Code   118  stm32f3xx_hal_i2c.o(i.I2C_IsAcknowledgeFailed)
    i.I2C_Master_ISR_DMA                     0x0800240c   Section        0  stm32f3xx_hal_i2c.o(i.I2C_Master_ISR_DMA)
    I2C_Master_ISR_DMA                       0x0800240d   Thumb Code   196  stm32f3xx_hal_i2c.o(i.I2C_Master_ISR_DMA)
    i.I2C_RequestMemoryRead                  0x080024d0   Section        0  stm32f3xx_hal_i2c.o(i.I2C_RequestMemoryRead)
    I2C_RequestMemoryRead                    0x080024d1   Thumb Code   110  stm32f3xx_hal_i2c.o(i.I2C_RequestMemoryRead)
    i.I2C_RequestMemoryWrite                 0x0800253e   Section        0  stm32f3xx_hal_i2c.o(i.I2C_RequestMemoryWrite)
    I2C_RequestMemoryWrite                   0x0800253f   Thumb Code   110  stm32f3xx_hal_i2c.o(i.I2C_RequestMemoryWrite)
    i.I2C_Slave_ISR_DMA                      0x080025ac   Section        0  stm32f3xx_hal_i2c.o(i.I2C_Slave_ISR_DMA)
    I2C_Slave_ISR_DMA                        0x080025ad   Thumb Code   106  stm32f3xx_hal_i2c.o(i.I2C_Slave_ISR_DMA)
    i.I2C_Slave_ISR_IT                       0x08002618   Section        0  stm32f3xx_hal_i2c.o(i.I2C_Slave_ISR_IT)
    I2C_Slave_ISR_IT                         0x08002619   Thumb Code   268  stm32f3xx_hal_i2c.o(i.I2C_Slave_ISR_IT)
    i.I2C_TransferConfig                     0x08002728   Section        0  stm32f3xx_hal_i2c.o(i.I2C_TransferConfig)
    I2C_TransferConfig                       0x08002729   Thumb Code    30  stm32f3xx_hal_i2c.o(i.I2C_TransferConfig)
    i.I2C_WaitOnFlagUntilTimeout             0x0800274c   Section        0  stm32f3xx_hal_i2c.o(i.I2C_WaitOnFlagUntilTimeout)
    I2C_WaitOnFlagUntilTimeout               0x0800274d   Thumb Code    82  stm32f3xx_hal_i2c.o(i.I2C_WaitOnFlagUntilTimeout)
    i.I2C_WaitOnSTOPFlagUntilTimeout         0x0800279e   Section        0  stm32f3xx_hal_i2c.o(i.I2C_WaitOnSTOPFlagUntilTimeout)
    I2C_WaitOnSTOPFlagUntilTimeout           0x0800279f   Thumb Code    78  stm32f3xx_hal_i2c.o(i.I2C_WaitOnSTOPFlagUntilTimeout)
    i.I2C_WaitOnTXISFlagUntilTimeout         0x080027ec   Section        0  stm32f3xx_hal_i2c.o(i.I2C_WaitOnTXISFlagUntilTimeout)
    I2C_WaitOnTXISFlagUntilTimeout           0x080027ed   Thumb Code    82  stm32f3xx_hal_i2c.o(i.I2C_WaitOnTXISFlagUntilTimeout)
    i.Init_EXIT_GPIO                         0x08002840   Section        0  dri_mpu6050.o(i.Init_EXIT_GPIO)
    i.Init_MPU6050                           0x0800288c   Section        0  dri_mpu6050.o(i.Init_MPU6050)
    i.MX_DMA_Init                            0x08002900   Section        0  main.o(i.MX_DMA_Init)
    i.MX_I2C1_Init                           0x0800297c   Section        0  har_i2c.o(i.MX_I2C1_Init)
    i.MemManage_Handler                      0x080029c0   Section        0  stm32f3xx_it.o(i.MemManage_Handler)
    i.NMI_Handler                            0x080029c2   Section        0  stm32f3xx_it.o(i.NMI_Handler)
    i.NVIC_SetPriority                       0x080029c4   Section        0  stm32f3xx_hal_cortex.o(i.NVIC_SetPriority)
    NVIC_SetPriority                         0x080029c5   Thumb Code    32  stm32f3xx_hal_cortex.o(i.NVIC_SetPriority)
    i.PendSV_Handler                         0x080029e4   Section        0  stm32f3xx_it.o(i.PendSV_Handler)
    i.ReSetTimerTemp                         0x080029e6   Section        0  dri_systick.h.o(i.ReSetTimerTemp)
    i.Read_MPU6050                           0x080029ec   Section        0  dri_mpu6050.o(i.Read_MPU6050)
    i.RecvMessageThread                      0x08002a50   Section        0  communication.o(i.RecvMessageThread)
    i.SVC_Handler                            0x08002a5e   Section        0  stm32f3xx_it.o(i.SVC_Handler)
    i.SendSensor                             0x08002a60   Section        0  communication.o(i.SendSensor)
    i.SendStatus                             0x08002b10   Section        0  communication.o(i.SendStatus)
    i.SensorInit                             0x08002bc0   Section        0  sensor.o(i.SensorInit)
    i.SensorThread                           0x08002c2c   Section        0  sensor.o(i.SensorThread)
    i.SysTick_Handler                        0x08002c40   Section        0  stm32f3xx_it.o(i.SysTick_Handler)
    i.SysTick_Init                           0x08002c58   Section        0  har_systick.o(i.SysTick_Init)
    i.Sys_LED_Init                           0x08002c94   Section        0  dri_led.o(i.Sys_LED_Init)
    i.Sys_LED_Negative                       0x08002c98   Section        0  dri_led.o(i.Sys_LED_Negative)
    i.Sys_LED_PinInit                        0x08002c9c   Section        0  har_led.o(i.Sys_LED_PinInit)
    i.Sys_LED_PinNegative                    0x08002cd4   Section        0  har_led.o(i.Sys_LED_PinNegative)
    i.SystemClock_Config                     0x08002cf8   Section        0  main.o(i.SystemClock_Config)
    i.SystemInit                             0x08002d6c   Section        0  system_stm32f3xx.o(i.SystemInit)
    i.TIM7_IRQHandler                        0x08002dd4   Section        0  stm32f3xx_it.o(i.TIM7_IRQHandler)
    i.UART1_SendBytes                        0x08002dd8   Section        0  har_uart.o(i.UART1_SendBytes)
    i.UART_AdvFeatureConfig                  0x08002dfc   Section        0  stm32f3xx_hal_uart.o(i.UART_AdvFeatureConfig)
    i.UART_CheckIdleState                    0x08002ec4   Section        0  stm32f3xx_hal_uart.o(i.UART_CheckIdleState)
    i.UART_DMAAbortOnError                   0x08002f20   Section        0  stm32f3xx_hal_uart.o(i.UART_DMAAbortOnError)
    UART_DMAAbortOnError                     0x08002f21   Thumb Code    20  stm32f3xx_hal_uart.o(i.UART_DMAAbortOnError)
    i.UART_DMAError                          0x08002f34   Section        0  stm32f3xx_hal_uart.o(i.UART_DMAError)
    UART_DMAError                            0x08002f35   Thumb Code    74  stm32f3xx_hal_uart.o(i.UART_DMAError)
    i.UART_DMAReceiveCplt                    0x08002f7e   Section        0  stm32f3xx_hal_uart.o(i.UART_DMAReceiveCplt)
    UART_DMAReceiveCplt                      0x08002f7f   Thumb Code    62  stm32f3xx_hal_uart.o(i.UART_DMAReceiveCplt)
    i.UART_DMARxHalfCplt                     0x08002fbc   Section        0  stm32f3xx_hal_uart.o(i.UART_DMARxHalfCplt)
    UART_DMARxHalfCplt                       0x08002fbd   Thumb Code    10  stm32f3xx_hal_uart.o(i.UART_DMARxHalfCplt)
    i.UART_DMATransmitCplt                   0x08002fc6   Section        0  stm32f3xx_hal_uart.o(i.UART_DMATransmitCplt)
    UART_DMATransmitCplt                     0x08002fc7   Thumb Code    48  stm32f3xx_hal_uart.o(i.UART_DMATransmitCplt)
    i.UART_DMATxHalfCplt                     0x08002ff6   Section        0  stm32f3xx_hal_uart.o(i.UART_DMATxHalfCplt)
    UART_DMATxHalfCplt                       0x08002ff7   Thumb Code    10  stm32f3xx_hal_uart.o(i.UART_DMATxHalfCplt)
    i.UART_DMA_Init                          0x08003000   Section        0  har_uart.o(i.UART_DMA_Init)
    i.UART_EndRxTransfer                     0x08003104   Section        0  stm32f3xx_hal_uart.o(i.UART_EndRxTransfer)
    UART_EndRxTransfer                       0x08003105   Thumb Code    28  stm32f3xx_hal_uart.o(i.UART_EndRxTransfer)
    i.UART_EndTransmit_IT                    0x08003120   Section        0  stm32f3xx_hal_uart.o(i.UART_EndTransmit_IT)
    i.UART_EndTxTransfer                     0x0800313a   Section        0  stm32f3xx_hal_uart.o(i.UART_EndTxTransfer)
    UART_EndTxTransfer                       0x0800313b   Thumb Code    18  stm32f3xx_hal_uart.o(i.UART_EndTxTransfer)
    i.UART_Receive_IT                        0x0800314c   Section        0  stm32f3xx_hal_uart.o(i.UART_Receive_IT)
    i.UART_SetConfig                         0x080031c4   Section        0  stm32f3xx_hal_uart.o(i.UART_SetConfig)
    i.UART_Transmit_IT                       0x08003398   Section        0  stm32f3xx_hal_uart.o(i.UART_Transmit_IT)
    i.UART_WaitOnFlagUntilTimeout            0x080033fc   Section        0  stm32f3xx_hal_uart.o(i.UART_WaitOnFlagUntilTimeout)
    i.USART1_IRQHandler                      0x08003460   Section        0  stm32f3xx_it.o(i.USART1_IRQHandler)
    i.USART1_UART_Init                       0x080034a8   Section        0  har_uart.o(i.USART1_UART_Init)
    i.USART3_IRQHandler                      0x08003554   Section        0  stm32f3xx_it.o(i.USART3_IRQHandler)
    i.UsageFault_Handler                     0x08003560   Section        0  stm32f3xx_it.o(i.UsageFault_Handler)
    i.__ARM_fpclassifyf                      0x08003562   Section        0  fpclassifyf.o(i.__ARM_fpclassifyf)
    i.__hardfp_asinf                         0x08003588   Section        0  asinf.o(i.__hardfp_asinf)
    i.__hardfp_atan2f                        0x080036b4   Section        0  atan2f.o(i.__hardfp_atan2f)
    i.__hardfp_cosf                          0x08003904   Section        0  cosf.o(i.__hardfp_cosf)
    i.__hardfp_powf                          0x08003a54   Section        0  powf.o(i.__hardfp_powf)
    i.__hardfp_sqrtf                         0x080040b8   Section        0  sqrtf.o(i.__hardfp_sqrtf)
    i.__hardfp_tanf                          0x080040f4   Section        0  tanf.o(i.__hardfp_tanf)
    i.__mathlib_flt_divzero                  0x08004270   Section        0  funder.o(i.__mathlib_flt_divzero)
    i.__mathlib_flt_infnan                   0x08004284   Section        0  funder.o(i.__mathlib_flt_infnan)
    i.__mathlib_flt_infnan2                  0x0800428a   Section        0  funder.o(i.__mathlib_flt_infnan2)
    i.__mathlib_flt_invalid                  0x08004290   Section        0  funder.o(i.__mathlib_flt_invalid)
    i.__mathlib_flt_overflow                 0x080042a0   Section        0  funder.o(i.__mathlib_flt_overflow)
    i.__mathlib_flt_underflow                0x080042b0   Section        0  funder.o(i.__mathlib_flt_underflow)
    i.__mathlib_rredf2                       0x080042c0   Section        0  rredf.o(i.__mathlib_rredf2)
    i.applyAxis3fLpf                         0x08004414   Section        0  sensor.o(i.applyAxis3fLpf)
    applyAxis3fLpf                           0x08004415   Thumb Code    48  sensor.o(i.applyAxis3fLpf)
    i.imuUpdate                              0x08004444   Section        0  attitude.o(i.imuUpdate)
    i.invSqrt                                0x08004724   Section        0  attitude.o(i.invSqrt)
    invSqrt                                  0x08004725   Thumb Code    40  attitude.o(i.invSqrt)
    i.lpf2pApply                             0x08004750   Section        0  fliter.o(i.lpf2pApply)
    i.lpf2pInit                              0x080047a0   Section        0  fliter.o(i.lpf2pInit)
    i.lpf2pSetCutoffFreq                     0x080047b4   Section        0  fliter.o(i.lpf2pSetCutoffFreq)
    i.main                                   0x08004860   Section        0  main.o(i.main)
    i.processAccGyroMeasurements             0x0800490c   Section        0  sensor.o(i.processAccGyroMeasurements)
    i.processAccScale                        0x08004a1c   Section        0  sensor.o(i.processAccScale)
    processAccScale                          0x08004a1d   Thumb Code   142  sensor.o(i.processAccScale)
    i.processGyroBias                        0x08004ab8   Section        0  sensor.o(i.processGyroBias)
    processGyroBias                          0x08004ab9   Thumb Code   150  sensor.o(i.processGyroBias)
    i.sensorsCalculateVarianceAndMean        0x08004b58   Section        0  sensor.o(i.sensorsCalculateVarianceAndMean)
    sensorsCalculateVarianceAndMean          0x08004b59   Thumb Code   362  sensor.o(i.sensorsCalculateVarianceAndMean)
    i.sqrtf                                  0x08004cc8   Section        0  sqrtf.o(i.sqrtf)
    x$fpl$ffltll                             0x08004d06   Section       96  ffltll_clz.o(x$fpl$ffltll)
    $v0                                      0x08004d06   Number         0  ffltll_clz.o(x$fpl$ffltll)
    x$fpl$fpinit                             0x08004d66   Section       10  fpinit.o(x$fpl$fpinit)
    $v0                                      0x08004d66   Number         0  fpinit.o(x$fpl$fpinit)
    .constdata                               0x08004d70   Section       32  stm32f3xx_hal_rcc.o(.constdata)
    x$fpl$usenofp                            0x08004d70   Section        0  usenofp.o(x$fpl$usenofp)
    .constdata                               0x08004d90   Section       16  system_stm32f3xx.o(.constdata)
    .constdata                               0x08004da0   Section        8  system_stm32f3xx.o(.constdata)
    .constdata                               0x08004da8   Section      320  powf.o(.constdata)
    table                                    0x08004da8   Data         128  powf.o(.constdata)
    powersof2to1over16top                    0x08004e28   Data          64  powf.o(.constdata)
    powersof2to1over16bot                    0x08004e68   Data          64  powf.o(.constdata)
    powersof2to1over16all                    0x08004ea8   Data          64  powf.o(.constdata)
    .constdata                               0x08004ee8   Section       32  rredf.o(.constdata)
    twooverpi                                0x08004ee8   Data          32  rredf.o(.constdata)
    .data                                    0x20000000   Section        4  stm32f3xx_hal.o(.data)
    .data                                    0x20000004   Section        1  main.o(.data)
    .data                                    0x20000008   Section        4  system_stm32f3xx.o(.data)
    .data                                    0x2000000c   Section        4  dri_systick.h.o(.data)
    .data                                    0x20000010   Section       10  dri_mpu6050.o(.data)
    .data                                    0x2000001c   Section        4  dri_mpu6050.o(.data)
    .data                                    0x20000020   Section       64  attitude.o(.data)
    isCalibrated                             0x20000020   Data           1  attitude.o(.data)
    q0                                       0x20000038   Data           4  attitude.o(.data)
    q1                                       0x2000003c   Data           4  attitude.o(.data)
    q2                                       0x20000040   Data           4  attitude.o(.data)
    q3                                       0x20000044   Data           4  attitude.o(.data)
    baseZacc                                 0x20000048   Data           4  attitude.o(.data)
    R11                                      0x2000004c   Data           4  attitude.o(.data)
    R21                                      0x20000050   Data           4  attitude.o(.data)
    vecxZ                                    0x20000054   Data           4  attitude.o(.data)
    vecyZ                                    0x20000058   Data           4  attitude.o(.data)
    veczZ                                    0x2000005c   Data           4  attitude.o(.data)
    .data                                    0x20000060   Section       16  sensor.o(.data)
    accBiasFound                             0x20000060   Data           1  sensor.o(.data)
    gyroBiasFound                            0x20000061   Data           1  sensor.o(.data)
    accBiasFound                             0x20000062   Data           1  sensor.o(.data)
    accScaleSum                              0x20000064   Data           4  sensor.o(.data)
    accScale                                 0x20000068   Data           4  sensor.o(.data)
    accScaleSumCount                         0x2000006c   Data           4  sensor.o(.data)
    .bss                                     0x20000070   Section       14  dri_mpu6050.o(.bss)
    .bss                                     0x20000080   Section     2536  har_uart.o(.bss)
    .bss                                     0x20000a68   Section      212  har_i2c.o(.bss)
    .bss                                     0x20000b3c   Section       24  attitude.o(.bss)
    .bss                                     0x20000b54   Section     6408  sensor.o(.bss)
    accLpf                                   0x20000b94   Data          84  sensor.o(.bss)
    gyroLpf                                  0x20000be8   Data          84  sensor.o(.bss)
    gyroBias                                 0x20002450   Data          12  sensor.o(.bss)
    .bss                                     0x2000245c   Section       96  libspace.o(.bss)
    HEAP                                     0x200024c0   Section      512  startup_stm32f303xc.o(HEAP)
    Heap_Mem                                 0x200024c0   Data         512  startup_stm32f303xc.o(HEAP)
    STACK                                    0x200026c0   Section     1024  startup_stm32f303xc.o(STACK)
    Stack_Mem                                0x200026c0   Data        1024  startup_stm32f303xc.o(STACK)
    __initial_sp                             0x20002ac0   Data           0  startup_stm32f303xc.o(STACK)

    Global Symbols

    Symbol Name                              Value     Ov Type        Size  Object(Section)

    BuildAttributes$$THM_ISAv4$E$P$D$K$B$S$7EM$VFPi3$EXTD16$VFPS$VFMA$PE$A:L22UL41UL21$X:L11$S22US41US21$IEEE1$IW$USESV6$~STKCKD$USESV7$~SHL$OTIME$ROPI$IEEEX$EBA8$UX$STANDARDLIB$REQ8$PRES8$EABIv2 0x00000000   Number         0  anon$$obj.o ABSOLUTE
    __ARM_use_no_argv                        0x00000000   Number         0  main.o ABSOLUTE
    __ARM_exceptions_init                     - Undefined Weak Reference
    __alloca_initialize                       - Undefined Weak Reference
    __arm_preinit_                            - Undefined Weak Reference
    __cpp_initialize__aeabi_                  - Undefined Weak Reference
    __cxa_finalize                            - Undefined Weak Reference
    __rt_locale                               - Undefined Weak Reference
    __sigvec_lookup                           - Undefined Weak Reference
    _atexit_init                              - Undefined Weak Reference
    _call_atexit_fns                          - Undefined Weak Reference
    _clock_init                               - Undefined Weak Reference
    _fp_trap_init                             - Undefined Weak Reference
    _fp_trap_shutdown                         - Undefined Weak Reference
    _get_lc_collate                           - Undefined Weak Reference
    _get_lc_ctype                             - Undefined Weak Reference
    _get_lc_monetary                          - Undefined Weak Reference
    _get_lc_numeric                           - Undefined Weak Reference
    _get_lc_time                              - Undefined Weak Reference
    _getenv_init                              - Undefined Weak Reference
    _handle_redirection                       - Undefined Weak Reference
    _init_alloc                               - Undefined Weak Reference
    _init_user_alloc                          - Undefined Weak Reference
    _initio                                   - Undefined Weak Reference
    _rand_init                                - Undefined Weak Reference
    _signal_finish                            - Undefined Weak Reference
    _signal_init                              - Undefined Weak Reference
    _terminate_alloc                          - Undefined Weak Reference
    _terminate_user_alloc                     - Undefined Weak Reference
    _terminateio                              - Undefined Weak Reference
    __Vectors_Size                           0x00000188   Number         0  startup_stm32f303xc.o ABSOLUTE
    __Vectors                                0x08000000   Data           4  startup_stm32f303xc.o(RESET)
    __Vectors_End                            0x08000188   Data           0  startup_stm32f303xc.o(RESET)
    __main                                   0x08000189   Thumb Code     8  __main.o(!!!main)
    __scatterload                            0x08000191   Thumb Code     0  __scatter.o(!!!scatter)
    __scatterload_rt2                        0x08000191   Thumb Code    44  __scatter.o(!!!scatter)
    __scatterload_rt2_thumb_only             0x08000191   Thumb Code     0  __scatter.o(!!!scatter)
    __scatterload_null                       0x0800019f   Thumb Code     0  __scatter.o(!!!scatter)
    __scatterload_copy                       0x080001c5   Thumb Code    26  __scatter_copy.o(!!handler_copy)
    __scatterload_zeroinit                   0x080001e1   Thumb Code    28  __scatter_zi.o(!!handler_zi)
    __rt_lib_init                            0x080001fd   Thumb Code     0  libinit.o(.ARM.Collect$$libinit$$00000000)
    __rt_lib_init_fp_1                       0x080001ff   Thumb Code     0  libinit2.o(.ARM.Collect$$libinit$$00000001)
    __rt_lib_init_alloca_1                   0x08000203   Thumb Code     0  libinit2.o(.ARM.Collect$$libinit$$0000002E)
    __rt_lib_init_argv_1                     0x08000203   Thumb Code     0  libinit2.o(.ARM.Collect$$libinit$$0000002C)
    __rt_lib_init_atexit_1                   0x08000203   Thumb Code     0  libinit2.o(.ARM.Collect$$libinit$$0000001B)
    __rt_lib_init_clock_1                    0x08000203   Thumb Code     0  libinit2.o(.ARM.Collect$$libinit$$00000021)
    __rt_lib_init_cpp_1                      0x08000203   Thumb Code     0  libinit2.o(.ARM.Collect$$libinit$$00000032)
    __rt_lib_init_exceptions_1               0x08000203   Thumb Code     0  libinit2.o(.ARM.Collect$$libinit$$00000030)
    __rt_lib_init_fp_trap_1                  0x08000203   Thumb Code     0  libinit2.o(.ARM.Collect$$libinit$$0000001F)
    __rt_lib_init_getenv_1                   0x08000203   Thumb Code     0  libinit2.o(.ARM.Collect$$libinit$$00000023)
    __rt_lib_init_heap_1                     0x08000203   Thumb Code     0  libinit2.o(.ARM.Collect$$libinit$$0000000A)
    __rt_lib_init_lc_collate_1               0x08000203   Thumb Code     0  libinit2.o(.ARM.Collect$$libinit$$00000011)
    __rt_lib_init_lc_ctype_1                 0x08000203   Thumb Code     0  libinit2.o(.ARM.Collect$$libinit$$00000013)
    __rt_lib_init_lc_monetary_1              0x08000203   Thumb Code     0  libinit2.o(.ARM.Collect$$libinit$$00000015)
    __rt_lib_init_lc_numeric_1               0x08000203   Thumb Code     0  libinit2.o(.ARM.Collect$$libinit$$00000017)
    __rt_lib_init_lc_time_1                  0x08000203   Thumb Code     0  libinit2.o(.ARM.Collect$$libinit$$00000019)
    __rt_lib_init_preinit_1                  0x08000203   Thumb Code     0  libinit2.o(.ARM.Collect$$libinit$$00000004)
    __rt_lib_init_rand_1                     0x08000203   Thumb Code     0  libinit2.o(.ARM.Collect$$libinit$$0000000E)
    __rt_lib_init_return                     0x08000203   Thumb Code     0  libinit2.o(.ARM.Collect$$libinit$$00000033)
    __rt_lib_init_signal_1                   0x08000203   Thumb Code     0  libinit2.o(.ARM.Collect$$libinit$$0000001D)
    __rt_lib_init_stdio_1                    0x08000203   Thumb Code     0  libinit2.o(.ARM.Collect$$libinit$$00000025)
    __rt_lib_init_user_alloc_1               0x08000203   Thumb Code     0  libinit2.o(.ARM.Collect$$libinit$$0000000C)
    __rt_lib_shutdown                        0x08000205   Thumb Code     0  libshutdown.o(.ARM.Collect$$libshutdown$$00000000)
    __rt_lib_shutdown_cpp_1                  0x08000207   Thumb Code     0  libshutdown2.o(.ARM.Collect$$libshutdown$$00000002)
    __rt_lib_shutdown_fp_trap_1              0x08000207   Thumb Code     0  libshutdown2.o(.ARM.Collect$$libshutdown$$00000007)
    __rt_lib_shutdown_heap_1                 0x08000207   Thumb Code     0  libshutdown2.o(.ARM.Collect$$libshutdown$$0000000F)
    __rt_lib_shutdown_return                 0x08000207   Thumb Code     0  libshutdown2.o(.ARM.Collect$$libshutdown$$00000010)
    __rt_lib_shutdown_signal_1               0x08000207   Thumb Code     0  libshutdown2.o(.ARM.Collect$$libshutdown$$0000000A)
    __rt_lib_shutdown_stdio_1                0x08000207   Thumb Code     0  libshutdown2.o(.ARM.Collect$$libshutdown$$00000004)
    __rt_lib_shutdown_user_alloc_1           0x08000207   Thumb Code     0  libshutdown2.o(.ARM.Collect$$libshutdown$$0000000C)
    __rt_entry                               0x08000209   Thumb Code     0  __rtentry.o(.ARM.Collect$$rtentry$$00000000)
    __rt_entry_presh_1                       0x08000209   Thumb Code     0  __rtentry2.o(.ARM.Collect$$rtentry$$00000002)
    __rt_entry_sh                            0x08000209   Thumb Code     0  __rtentry4.o(.ARM.Collect$$rtentry$$00000004)
    __rt_entry_li                            0x0800020f   Thumb Code     0  __rtentry2.o(.ARM.Collect$$rtentry$$0000000A)
    __rt_entry_postsh_1                      0x0800020f   Thumb Code     0  __rtentry2.o(.ARM.Collect$$rtentry$$00000009)
    __rt_entry_main                          0x08000213   Thumb Code     0  __rtentry2.o(.ARM.Collect$$rtentry$$0000000D)
    __rt_entry_postli_1                      0x08000213   Thumb Code     0  __rtentry2.o(.ARM.Collect$$rtentry$$0000000C)
    __rt_exit                                0x0800021b   Thumb Code     0  rtexit.o(.ARM.Collect$$rtexit$$00000000)
    __rt_exit_ls                             0x0800021d   Thumb Code     0  rtexit2.o(.ARM.Collect$$rtexit$$00000003)
    __rt_exit_prels_1                        0x0800021d   Thumb Code     0  rtexit2.o(.ARM.Collect$$rtexit$$00000002)
    __rt_exit_exit                           0x08000221   Thumb Code     0  rtexit2.o(.ARM.Collect$$rtexit$$00000004)
    Reset_Handler                            0x08000229   Thumb Code     8  startup_stm32f303xc.o(.text)
    ADC1_2_IRQHandler                        0x08000243   Thumb Code     0  startup_stm32f303xc.o(.text)
    ADC3_IRQHandler                          0x08000243   Thumb Code     0  startup_stm32f303xc.o(.text)
    ADC4_IRQHandler                          0x08000243   Thumb Code     0  startup_stm32f303xc.o(.text)
    CAN_RX1_IRQHandler                       0x08000243   Thumb Code     0  startup_stm32f303xc.o(.text)
    CAN_SCE_IRQHandler                       0x08000243   Thumb Code     0  startup_stm32f303xc.o(.text)
    COMP1_2_3_IRQHandler                     0x08000243   Thumb Code     0  startup_stm32f303xc.o(.text)
    COMP4_5_6_IRQHandler                     0x08000243   Thumb Code     0  startup_stm32f303xc.o(.text)
    COMP7_IRQHandler                         0x08000243   Thumb Code     0  startup_stm32f303xc.o(.text)
    DMA1_Channel1_IRQHandler                 0x08000243   Thumb Code     0  startup_stm32f303xc.o(.text)
    DMA2_Channel1_IRQHandler                 0x08000243   Thumb Code     0  startup_stm32f303xc.o(.text)
    DMA2_Channel2_IRQHandler                 0x08000243   Thumb Code     0  startup_stm32f303xc.o(.text)
    DMA2_Channel3_IRQHandler                 0x08000243   Thumb Code     0  startup_stm32f303xc.o(.text)
    DMA2_Channel4_IRQHandler                 0x08000243   Thumb Code     0  startup_stm32f303xc.o(.text)
    DMA2_Channel5_IRQHandler                 0x08000243   Thumb Code     0  startup_stm32f303xc.o(.text)
    EXTI0_IRQHandler                         0x08000243   Thumb Code     0  startup_stm32f303xc.o(.text)
    EXTI1_IRQHandler                         0x08000243   Thumb Code     0  startup_stm32f303xc.o(.text)
    EXTI2_TSC_IRQHandler                     0x08000243   Thumb Code     0  startup_stm32f303xc.o(.text)
    EXTI3_IRQHandler                         0x08000243   Thumb Code     0  startup_stm32f303xc.o(.text)
    EXTI4_IRQHandler                         0x08000243   Thumb Code     0  startup_stm32f303xc.o(.text)
    EXTI9_5_IRQHandler                       0x08000243   Thumb Code     0  startup_stm32f303xc.o(.text)
    FLASH_IRQHandler                         0x08000243   Thumb Code     0  startup_stm32f303xc.o(.text)
    FPU_IRQHandler                           0x08000243   Thumb Code     0  startup_stm32f303xc.o(.text)
    I2C2_ER_IRQHandler                       0x08000243   Thumb Code     0  startup_stm32f303xc.o(.text)
    I2C2_EV_IRQHandler                       0x08000243   Thumb Code     0  startup_stm32f303xc.o(.text)
    PVD_IRQHandler                           0x08000243   Thumb Code     0  startup_stm32f303xc.o(.text)
    RCC_IRQHandler                           0x08000243   Thumb Code     0  startup_stm32f303xc.o(.text)
    RTC_Alarm_IRQHandler                     0x08000243   Thumb Code     0  startup_stm32f303xc.o(.text)
    RTC_WKUP_IRQHandler                      0x08000243   Thumb Code     0  startup_stm32f303xc.o(.text)
    SPI1_IRQHandler                          0x08000243   Thumb Code     0  startup_stm32f303xc.o(.text)
    SPI2_IRQHandler                          0x08000243   Thumb Code     0  startup_stm32f303xc.o(.text)
    SPI3_IRQHandler                          0x08000243   Thumb Code     0  startup_stm32f303xc.o(.text)
    TAMP_STAMP_IRQHandler                    0x08000243   Thumb Code     0  startup_stm32f303xc.o(.text)
    TIM1_BRK_TIM15_IRQHandler                0x08000243   Thumb Code     0  startup_stm32f303xc.o(.text)
    TIM1_CC_IRQHandler                       0x08000243   Thumb Code     0  startup_stm32f303xc.o(.text)
    TIM1_TRG_COM_TIM17_IRQHandler            0x08000243   Thumb Code     0  startup_stm32f303xc.o(.text)
    TIM1_UP_TIM16_IRQHandler                 0x08000243   Thumb Code     0  startup_stm32f303xc.o(.text)
    TIM2_IRQHandler                          0x08000243   Thumb Code     0  startup_stm32f303xc.o(.text)
    TIM3_IRQHandler                          0x08000243   Thumb Code     0  startup_stm32f303xc.o(.text)
    TIM4_IRQHandler                          0x08000243   Thumb Code     0  startup_stm32f303xc.o(.text)
    TIM6_DAC_IRQHandler                      0x08000243   Thumb Code     0  startup_stm32f303xc.o(.text)
    TIM8_BRK_IRQHandler                      0x08000243   Thumb Code     0  startup_stm32f303xc.o(.text)
    TIM8_CC_IRQHandler                       0x08000243   Thumb Code     0  startup_stm32f303xc.o(.text)
    TIM8_TRG_COM_IRQHandler                  0x08000243   Thumb Code     0  startup_stm32f303xc.o(.text)
    TIM8_UP_IRQHandler                       0x08000243   Thumb Code     0  startup_stm32f303xc.o(.text)
    UART4_IRQHandler                         0x08000243   Thumb Code     0  startup_stm32f303xc.o(.text)
    UART5_IRQHandler                         0x08000243   Thumb Code     0  startup_stm32f303xc.o(.text)
    USART2_IRQHandler                        0x08000243   Thumb Code     0  startup_stm32f303xc.o(.text)
    USBWakeUp_IRQHandler                     0x08000243   Thumb Code     0  startup_stm32f303xc.o(.text)
    USBWakeUp_RMP_IRQHandler                 0x08000243   Thumb Code     0  startup_stm32f303xc.o(.text)
    USB_HP_CAN_TX_IRQHandler                 0x08000243   Thumb Code     0  startup_stm32f303xc.o(.text)
    USB_HP_IRQHandler                        0x08000243   Thumb Code     0  startup_stm32f303xc.o(.text)
    USB_LP_CAN_RX0_IRQHandler                0x08000243   Thumb Code     0  startup_stm32f303xc.o(.text)
    USB_LP_IRQHandler                        0x08000243   Thumb Code     0  startup_stm32f303xc.o(.text)
    WWDG_IRQHandler                          0x08000243   Thumb Code     0  startup_stm32f303xc.o(.text)
    __user_initial_stackheap                 0x08000245   Thumb Code     0  startup_stm32f303xc.o(.text)
    __aeabi_ldivmod                          0x08000269   Thumb Code     0  llsdiv.o(.text)
    _ll_sdiv                                 0x08000269   Thumb Code    72  llsdiv.o(.text)
    __aeabi_memcpy                           0x080002b1   Thumb Code     0  rt_memcpy_v6.o(.text)
    __rt_memcpy                              0x080002b1   Thumb Code   138  rt_memcpy_v6.o(.text)
    _memcpy_lastbytes                        0x08000317   Thumb Code     0  rt_memcpy_v6.o(.text)
    __aeabi_memcpy4                          0x0800033b   Thumb Code     0  rt_memcpy_w.o(.text)
    __aeabi_memcpy8                          0x0800033b   Thumb Code     0  rt_memcpy_w.o(.text)
    __rt_memcpy_w                            0x0800033b   Thumb Code   100  rt_memcpy_w.o(.text)
    _memcpy_lastbytes_aligned                0x08000383   Thumb Code     0  rt_memcpy_w.o(.text)
    __aeabi_memclr4                          0x0800039f   Thumb Code     0  rt_memclr_w.o(.text)
    __aeabi_memclr8                          0x0800039f   Thumb Code     0  rt_memclr_w.o(.text)
    __rt_memclr_w                            0x0800039f   Thumb Code    78  rt_memclr_w.o(.text)
    _memset_w                                0x080003a3   Thumb Code     0  rt_memclr_w.o(.text)
    __use_two_region_memory                  0x080003ed   Thumb Code     2  heapauxi.o(.text)
    __rt_heap_escrow$2region                 0x080003ef   Thumb Code     2  heapauxi.o(.text)
    __rt_heap_expand$2region                 0x080003f1   Thumb Code     2  heapauxi.o(.text)
    __aeabi_uldivmod                         0x080003f3   Thumb Code     0  lludivv7m.o(.text)
    _ll_udiv                                 0x080003f3   Thumb Code   238  lludivv7m.o(.text)
    __read_errno                             0x080004e1   Thumb Code    10  _rserrno.o(.text)
    __set_errno                              0x080004eb   Thumb Code    12  _rserrno.o(.text)
    __aeabi_errno_addr                       0x080004f9   Thumb Code     8  rt_errno_addr_intlibspace.o(.text)
    __errno$intlibspace                      0x080004f9   Thumb Code     0  rt_errno_addr_intlibspace.o(.text)
    __rt_errno_addr$intlibspace              0x080004f9   Thumb Code     0  rt_errno_addr_intlibspace.o(.text)
    __user_libspace                          0x08000501   Thumb Code     8  libspace.o(.text)
    __user_perproc_libspace                  0x08000501   Thumb Code     0  libspace.o(.text)
    __user_perthread_libspace                0x08000501   Thumb Code     0  libspace.o(.text)
    __user_setup_stackheap                   0x08000509   Thumb Code    74  sys_stackheap_outer.o(.text)
    exit                                     0x08000553   Thumb Code    18  exit.o(.text)
    _sys_exit                                0x08000565   Thumb Code     8  sys_exit.o(.text)
    __I$use$semihosting                      0x08000571   Thumb Code     0  use_no_semi.o(.text)
    __use_no_semihosting_swi                 0x08000571   Thumb Code     2  use_no_semi.o(.text)
    BusFault_Handler                         0x08000573   Thumb Code     2  stm32f3xx_it.o(i.BusFault_Handler)
    __semihosting_library_function           0x08000573   Thumb Code     0  indicate_semi.o(.text)
    Buzzer_Init                              0x08000575   Thumb Code     4  dri_buzzer.o(i.Buzzer_Init)
    Buzzer_PinInit                           0x08000579   Thumb Code    50  har_buzzer.o(i.Buzzer_PinInit)
    DMA1_Channel2_IRQHandler                 0x080005b5   Thumb Code     6  stm32f3xx_it.o(i.DMA1_Channel2_IRQHandler)
    DMA1_Channel3_IRQHandler                 0x080005c1   Thumb Code     6  stm32f3xx_it.o(i.DMA1_Channel3_IRQHandler)
    DMA1_Channel4_IRQHandler                 0x080005cd   Thumb Code     6  stm32f3xx_it.o(i.DMA1_Channel4_IRQHandler)
    DMA1_Channel5_IRQHandler                 0x080005d9   Thumb Code     6  stm32f3xx_it.o(i.DMA1_Channel5_IRQHandler)
    DMA1_Channel6_IRQHandler                 0x080005e5   Thumb Code     6  stm32f3xx_it.o(i.DMA1_Channel6_IRQHandler)
    DMA1_Channel7_IRQHandler                 0x080005f1   Thumb Code     6  stm32f3xx_it.o(i.DMA1_Channel7_IRQHandler)
    DMA_UART1_SendThread                     0x08000665   Thumb Code    40  har_uart.o(i.DMA_UART1_SendThread)
    DMA_Usart1_Read                          0x08000691   Thumb Code    48  har_uart.o(i.DMA_Usart1_Read)
    DebugMon_Handler                         0x080006c9   Thumb Code     2  stm32f3xx_it.o(i.DebugMon_Handler)
    EXTI15_10_IRQHandler                     0x080006cb   Thumb Code     8  stm32f3xx_it.o(i.EXTI15_10_IRQHandler)
    HAL_DMA_Abort                            0x080006d3   Thumb Code    48  stm32f3xx_hal_dma.o(i.HAL_DMA_Abort)
    HAL_DMA_Abort_IT                         0x08000703   Thumb Code    74  stm32f3xx_hal_dma.o(i.HAL_DMA_Abort_IT)
    HAL_DMA_IRQHandler                       0x0800074d   Thumb Code   168  stm32f3xx_hal_dma.o(i.HAL_DMA_IRQHandler)
    HAL_DMA_Init                             0x080007f5   Thumb Code    86  stm32f3xx_hal_dma.o(i.HAL_DMA_Init)
    HAL_DMA_Start_IT                         0x0800084b   Thumb Code   112  stm32f3xx_hal_dma.o(i.HAL_DMA_Start_IT)
    HAL_GPIO_EXTI_Callback                   0x080008bb   Thumb Code     4  dri_mpu6050.o(i.HAL_GPIO_EXTI_Callback)
    HAL_GPIO_EXTI_IRQHandler                 0x080008c1   Thumb Code    18  stm32f3xx_hal_gpio.o(i.HAL_GPIO_EXTI_IRQHandler)
    HAL_GPIO_Init                            0x080008d9   Thumb Code   364  stm32f3xx_hal_gpio.o(i.HAL_GPIO_Init)
    HAL_GPIO_ReadPin                         0x08000a61   Thumb Code    10  stm32f3xx_hal_gpio.o(i.HAL_GPIO_ReadPin)
    HAL_GPIO_WritePin                        0x08000a6b   Thumb Code    10  stm32f3xx_hal_gpio.o(i.HAL_GPIO_WritePin)
    HAL_GetTick                              0x08000a75   Thumb Code     6  stm32f3xx_hal.o(i.HAL_GetTick)
    HAL_I2CEx_ConfigAnalogFilter             0x08000a81   Thumb Code    86  stm32f3xx_hal_i2c_ex.o(i.HAL_I2CEx_ConfigAnalogFilter)
    HAL_I2CEx_ConfigDigitalFilter            0x08000ad7   Thumb Code    82  stm32f3xx_hal_i2c_ex.o(i.HAL_I2CEx_ConfigDigitalFilter)
    HAL_I2C_AbortCpltCallback                0x08000b29   Thumb Code     2  stm32f3xx_hal_i2c.o(i.HAL_I2C_AbortCpltCallback)
    HAL_I2C_AddrCallback                     0x08000b2b   Thumb Code     2  stm32f3xx_hal_i2c.o(i.HAL_I2C_AddrCallback)
    HAL_I2C_ER_IRQHandler                    0x08000b2d   Thumb Code    98  stm32f3xx_hal_i2c.o(i.HAL_I2C_ER_IRQHandler)
    HAL_I2C_EV_IRQHandler                    0x08000b8f   Thumb Code    16  stm32f3xx_hal_i2c.o(i.HAL_I2C_EV_IRQHandler)
    HAL_I2C_ErrorCallback                    0x08000b9f   Thumb Code     2  stm32f3xx_hal_i2c.o(i.HAL_I2C_ErrorCallback)
    HAL_I2C_Init                             0x08000ba1   Thumb Code   178  stm32f3xx_hal_i2c.o(i.HAL_I2C_Init)
    HAL_I2C_ListenCpltCallback               0x08000c59   Thumb Code     2  stm32f3xx_hal_i2c.o(i.HAL_I2C_ListenCpltCallback)
    HAL_I2C_MasterRxCpltCallback             0x08000c5b   Thumb Code     2  stm32f3xx_hal_i2c.o(i.HAL_I2C_MasterRxCpltCallback)
    HAL_I2C_MasterTxCpltCallback             0x08000c5d   Thumb Code     2  stm32f3xx_hal_i2c.o(i.HAL_I2C_MasterTxCpltCallback)
    HAL_I2C_MemRxCpltCallback                0x08000c5f   Thumb Code     2  stm32f3xx_hal_i2c.o(i.HAL_I2C_MemRxCpltCallback)
    HAL_I2C_MemTxCpltCallback                0x08000c61   Thumb Code     2  stm32f3xx_hal_i2c.o(i.HAL_I2C_MemTxCpltCallback)
    HAL_I2C_Mem_Read_DMA                     0x08000c65   Thumb Code   246  stm32f3xx_hal_i2c.o(i.HAL_I2C_Mem_Read_DMA)
    HAL_I2C_Mem_Write                        0x08000d6d   Thumb Code   354  stm32f3xx_hal_i2c.o(i.HAL_I2C_Mem_Write)
    HAL_I2C_MspInit                          0x08000ed5   Thumb Code   164  har_i2c.o(i.HAL_I2C_MspInit)
    HAL_I2C_SlaveRxCpltCallback              0x08000f8d   Thumb Code     2  stm32f3xx_hal_i2c.o(i.HAL_I2C_SlaveRxCpltCallback)
    HAL_I2C_SlaveTxCpltCallback              0x08000f8f   Thumb Code     2  stm32f3xx_hal_i2c.o(i.HAL_I2C_SlaveTxCpltCallback)
    HAL_Init                                 0x08000f91   Thumb Code    32  stm32f3xx_hal.o(i.HAL_Init)
    HAL_InitTick                             0x08000fb5   Thumb Code    34  stm32f3xx_hal.o(i.HAL_InitTick)
    HAL_MspInit                              0x08000fdd   Thumb Code   122  stm32f3xx_hal_msp.o(i.HAL_MspInit)
    HAL_NVIC_EnableIRQ                       0x0800105d   Thumb Code    22  stm32f3xx_hal_cortex.o(i.HAL_NVIC_EnableIRQ)
    HAL_NVIC_SetPriority                     0x08001075   Thumb Code    60  stm32f3xx_hal_cortex.o(i.HAL_NVIC_SetPriority)
    HAL_NVIC_SetPriorityGrouping             0x080010b5   Thumb Code    26  stm32f3xx_hal_cortex.o(i.HAL_NVIC_SetPriorityGrouping)
    HAL_RCCEx_PeriphCLKConfig                0x080010d9   Thumb Code   522  stm32f3xx_hal_rcc_ex.o(i.HAL_RCCEx_PeriphCLKConfig)
    HAL_RCC_ClockConfig                      0x080012f1   Thumb Code   374  stm32f3xx_hal_rcc.o(i.HAL_RCC_ClockConfig)
    HAL_RCC_GetHCLKFreq                      0x08001479   Thumb Code     6  stm32f3xx_hal_rcc.o(i.HAL_RCC_GetHCLKFreq)
    HAL_RCC_GetPCLK1Freq                     0x08001485   Thumb Code    34  stm32f3xx_hal_rcc.o(i.HAL_RCC_GetPCLK1Freq)
    HAL_RCC_GetPCLK2Freq                     0x080014b5   Thumb Code    34  stm32f3xx_hal_rcc.o(i.HAL_RCC_GetPCLK2Freq)
    HAL_RCC_GetSysClockFreq                  0x080014e5   Thumb Code    84  stm32f3xx_hal_rcc.o(i.HAL_RCC_GetSysClockFreq)
    HAL_RCC_OscConfig                        0x08001549   Thumb Code  1452  stm32f3xx_hal_rcc.o(i.HAL_RCC_OscConfig)
    HAL_SYSTICK_CLKSourceConfig              0x08001af5   Thumb Code    24  stm32f3xx_hal_cortex.o(i.HAL_SYSTICK_CLKSourceConfig)
    HAL_SYSTICK_Config                       0x08001b0d   Thumb Code    40  stm32f3xx_hal_cortex.o(i.HAL_SYSTICK_Config)
    HAL_UARTEx_WakeupCallback                0x08001b35   Thumb Code     2  stm32f3xx_hal_uart_ex.o(i.HAL_UARTEx_WakeupCallback)
    HAL_UART_DMAStop                         0x08001b37   Thumb Code    84  stm32f3xx_hal_uart.o(i.HAL_UART_DMAStop)
    HAL_UART_ErrorCallback                   0x08001b8b   Thumb Code     2  stm32f3xx_hal_uart.o(i.HAL_UART_ErrorCallback)
    HAL_UART_IRQHandler                      0x08001b8d   Thumb Code   316  stm32f3xx_hal_uart.o(i.HAL_UART_IRQHandler)
    HAL_UART_Init                            0x08001ccd   Thumb Code   106  stm32f3xx_hal_uart.o(i.HAL_UART_Init)
    HAL_UART_MspInit                         0x08001d37   Thumb Code     2  stm32f3xx_hal_uart.o(i.HAL_UART_MspInit)
    HAL_UART_Receive_DMA                     0x08001d39   Thumb Code   132  stm32f3xx_hal_uart.o(i.HAL_UART_Receive_DMA)
    HAL_UART_RxCpltCallback                  0x08001dc9   Thumb Code     2  stm32f3xx_hal_uart.o(i.HAL_UART_RxCpltCallback)
    HAL_UART_RxHalfCpltCallback              0x08001dcb   Thumb Code     2  stm32f3xx_hal_uart.o(i.HAL_UART_RxHalfCpltCallback)
    HAL_UART_Transmit_DMA                    0x08001dcd   Thumb Code   122  stm32f3xx_hal_uart.o(i.HAL_UART_Transmit_DMA)
    HAL_UART_TxCpltCallback                  0x08001e55   Thumb Code     2  stm32f3xx_hal_uart.o(i.HAL_UART_TxCpltCallback)
    HAL_UART_TxHalfCpltCallback              0x08001e57   Thumb Code     2  stm32f3xx_hal_uart.o(i.HAL_UART_TxHalfCpltCallback)
    HardFault_Handler                        0x08001e59   Thumb Code     2  stm32f3xx_it.o(i.HardFault_Handler)
    I2C1_ER_IRQHandler                       0x08001e5d   Thumb Code     6  stm32f3xx_it.o(i.I2C1_ER_IRQHandler)
    I2C1_EV_IRQHandler                       0x08001e69   Thumb Code     6  stm32f3xx_it.o(i.I2C1_EV_IRQHandler)
    Init_EXIT_GPIO                           0x08002841   Thumb Code    64  dri_mpu6050.o(i.Init_EXIT_GPIO)
    Init_MPU6050                             0x0800288d   Thumb Code   106  dri_mpu6050.o(i.Init_MPU6050)
    MX_DMA_Init                              0x08002901   Thumb Code   120  main.o(i.MX_DMA_Init)
    MX_I2C1_Init                             0x0800297d   Thumb Code    54  har_i2c.o(i.MX_I2C1_Init)
    MemManage_Handler                        0x080029c1   Thumb Code     2  stm32f3xx_it.o(i.MemManage_Handler)
    NMI_Handler                              0x080029c3   Thumb Code     2  stm32f3xx_it.o(i.NMI_Handler)
    PendSV_Handler                           0x080029e5   Thumb Code     2  stm32f3xx_it.o(i.PendSV_Handler)
    ReSetTimerTemp                           0x080029e7   Thumb Code     6  dri_systick.h.o(i.ReSetTimerTemp)
    Read_MPU6050                             0x080029ed   Thumb Code    86  dri_mpu6050.o(i.Read_MPU6050)
    RecvMessageThread                        0x08002a51   Thumb Code    14  communication.o(i.RecvMessageThread)
    SVC_Handler                              0x08002a5f   Thumb Code     2  stm32f3xx_it.o(i.SVC_Handler)
    SendSensor                               0x08002a61   Thumb Code   172  communication.o(i.SendSensor)
    SendStatus                               0x08002b11   Thumb Code   170  communication.o(i.SendStatus)
    SensorInit                               0x08002bc1   Thumb Code    94  sensor.o(i.SensorInit)
    SensorThread                             0x08002c2d   Thumb Code    16  sensor.o(i.SensorThread)
    SysTick_Handler                          0x08002c41   Thumb Code    16  stm32f3xx_it.o(i.SysTick_Handler)
    SysTick_Init                             0x08002c59   Thumb Code    50  har_systick.o(i.SysTick_Init)
    Sys_LED_Init                             0x08002c95   Thumb Code     4  dri_led.o(i.Sys_LED_Init)
    Sys_LED_Negative                         0x08002c99   Thumb Code     4  dri_led.o(i.Sys_LED_Negative)
    Sys_LED_PinInit                          0x08002c9d   Thumb Code    48  har_led.o(i.Sys_LED_PinInit)
    Sys_LED_PinNegative                      0x08002cd5   Thumb Code    30  har_led.o(i.Sys_LED_PinNegative)
    SystemClock_Config                       0x08002cf9   Thumb Code   116  main.o(i.SystemClock_Config)
    SystemInit                               0x08002d6d   Thumb Code    82  system_stm32f3xx.o(i.SystemInit)
    TIM7_IRQHandler                          0x08002dd5   Thumb Code     2  stm32f3xx_it.o(i.TIM7_IRQHandler)
    UART1_SendBytes                          0x08002dd9   Thumb Code    30  har_uart.o(i.UART1_SendBytes)
    UART_AdvFeatureConfig                    0x08002dfd   Thumb Code   200  stm32f3xx_hal_uart.o(i.UART_AdvFeatureConfig)
    UART_CheckIdleState                      0x08002ec5   Thumb Code    92  stm32f3xx_hal_uart.o(i.UART_CheckIdleState)
    UART_DMA_Init                            0x08003001   Thumb Code   238  har_uart.o(i.UART_DMA_Init)
    UART_EndTransmit_IT                      0x08003121   Thumb Code    26  stm32f3xx_hal_uart.o(i.UART_EndTransmit_IT)
    UART_Receive_IT                          0x0800314d   Thumb Code   118  stm32f3xx_hal_uart.o(i.UART_Receive_IT)
    UART_SetConfig                           0x080031c5   Thumb Code   434  stm32f3xx_hal_uart.o(i.UART_SetConfig)
    UART_Transmit_IT                         0x08003399   Thumb Code   100  stm32f3xx_hal_uart.o(i.UART_Transmit_IT)
    UART_WaitOnFlagUntilTimeout              0x080033fd   Thumb Code   100  stm32f3xx_hal_uart.o(i.UART_WaitOnFlagUntilTimeout)
    USART1_IRQHandler                        0x08003461   Thumb Code    56  stm32f3xx_it.o(i.USART1_IRQHandler)
    USART1_UART_Init                         0x080034a9   Thumb Code   160  har_uart.o(i.USART1_UART_Init)
    USART3_IRQHandler                        0x08003555   Thumb Code     6  stm32f3xx_it.o(i.USART3_IRQHandler)
    UsageFault_Handler                       0x08003561   Thumb Code     2  stm32f3xx_it.o(i.UsageFault_Handler)
    __ARM_fpclassifyf                        0x08003563   Thumb Code    38  fpclassifyf.o(i.__ARM_fpclassifyf)
    __hardfp_asinf                           0x08003589   Thumb Code   258  asinf.o(i.__hardfp_asinf)
    __hardfp_atan2f                          0x080036b5   Thumb Code   502  atan2f.o(i.__hardfp_atan2f)
    __hardfp_cosf                            0x08003905   Thumb Code   280  cosf.o(i.__hardfp_cosf)
    __hardfp_powf                            0x08003a55   Thumb Code  1606  powf.o(i.__hardfp_powf)
    __mathlib_powf                           0x08003a55   Thumb Code     0  powf.o(i.__hardfp_powf)
    __hardfp_sqrtf                           0x080040b9   Thumb Code    58  sqrtf.o(i.__hardfp_sqrtf)
    __hardfp_tanf                            0x080040f5   Thumb Code   322  tanf.o(i.__hardfp_tanf)
    __mathlib_flt_divzero                    0x08004271   Thumb Code    14  funder.o(i.__mathlib_flt_divzero)
    __mathlib_flt_infnan                     0x08004285   Thumb Code     6  funder.o(i.__mathlib_flt_infnan)
    __mathlib_flt_infnan2                    0x0800428b   Thumb Code     6  funder.o(i.__mathlib_flt_infnan2)
    __mathlib_flt_invalid                    0x08004291   Thumb Code    10  funder.o(i.__mathlib_flt_invalid)
    __mathlib_flt_overflow                   0x080042a1   Thumb Code    10  funder.o(i.__mathlib_flt_overflow)
    __mathlib_flt_underflow                  0x080042b1   Thumb Code    10  funder.o(i.__mathlib_flt_underflow)
    __mathlib_rredf2                         0x080042c1   Thumb Code   316  rredf.o(i.__mathlib_rredf2)
    imuUpdate                                0x08004445   Thumb Code   712  attitude.o(i.imuUpdate)
    lpf2pApply                               0x08004751   Thumb Code    80  fliter.o(i.lpf2pApply)
    lpf2pInit                                0x080047a1   Thumb Code    20  fliter.o(i.lpf2pInit)
    lpf2pSetCutoffFreq                       0x080047b5   Thumb Code   158  fliter.o(i.lpf2pSetCutoffFreq)
    main                                     0x08004861   Thumb Code   150  main.o(i.main)
    processAccGyroMeasurements               0x0800490d   Thumb Code   248  sensor.o(i.processAccGyroMeasurements)
    sqrtf                                    0x08004cc9   Thumb Code    62  sqrtf.o(i.sqrtf)
    __aeabi_ul2f                             0x08004d07   Thumb Code     0  ffltll_clz.o(x$fpl$ffltll)
    _ll_uto_f                                0x08004d07   Thumb Code     6  ffltll_clz.o(x$fpl$ffltll)
    __aeabi_l2f                              0x08004d0d   Thumb Code     0  ffltll_clz.o(x$fpl$ffltll)
    _ll_sto_f                                0x08004d0d   Thumb Code    90  ffltll_clz.o(x$fpl$ffltll)
    _fp_init                                 0x08004d67   Thumb Code    10  fpinit.o(x$fpl$fpinit)
    __fplib_config_fpu_vfp                   0x08004d6f   Thumb Code     0  fpinit.o(x$fpl$fpinit)
    __fplib_config_pureend_doubles           0x08004d6f   Thumb Code     0  fpinit.o(x$fpl$fpinit)
    __I$use$fp                               0x08004d70   Number         0  usenofp.o(x$fpl$usenofp)
    aPLLMULFactorTable                       0x08004d70   Data          16  stm32f3xx_hal_rcc.o(.constdata)
    aPredivFactorTable                       0x08004d80   Data          16  stm32f3xx_hal_rcc.o(.constdata)
    AHBPrescTable                            0x08004d90   Data          16  system_stm32f3xx.o(.constdata)
    APBPrescTable                            0x08004da0   Data           8  system_stm32f3xx.o(.constdata)
    Region$$Table$$Base                      0x08004f08   Number         0  anon$$obj.o(Region$$Table)
    Region$$Table$$Limit                     0x08004f28   Number         0  anon$$obj.o(Region$$Table)
    uwTick                                   0x20000000   Data           4  stm32f3xx_hal.o(.data)
    bool_mainLoop                            0x20000004   Data           1  main.o(.data)
    SystemCoreClock                          0x20000008   Data           4  system_stm32f3xx.o(.data)
    systemTime                               0x2000000c   Data           4  dri_systick.h.o(.data)
    MPU6050_Init3                            0x20000010   Data           1  dri_mpu6050.o(.data)
    MPU6050_Init2                            0x20000011   Data           2  dri_mpu6050.o(.data)
    MPU6050_Init1                            0x20000013   Data           3  dri_mpu6050.o(.data)
    MPU6050_Init4                            0x20000016   Data           4  dri_mpu6050.o(.data)
    INT_Times                                0x2000001c   Data           4  dri_mpu6050.o(.data)
    Kp                                       0x20000024   Data           4  attitude.o(.data)
    Ki                                       0x20000028   Data           4  attitude.o(.data)
    exInt                                    0x2000002c   Data           4  attitude.o(.data)
    eyInt                                    0x20000030   Data           4  attitude.o(.data)
    ezInt                                    0x20000034   Data           4  attitude.o(.data)
    MPU6050_Data                             0x20000070   Data          14  dri_mpu6050.o(.bss)
    huart1                                   0x20000080   Data         112  har_uart.o(.bss)
    huart3                                   0x200000f0   Data         112  har_uart.o(.bss)
    hdma_usart1_rx                           0x20000160   Data          68  har_uart.o(.bss)
    hdma_usart1_tx                           0x200001a4   Data          68  har_uart.o(.bss)
    hdma_usart3_rx                           0x200001e8   Data          68  har_uart.o(.bss)
    hdma_usart3_tx                           0x2000022c   Data          68  har_uart.o(.bss)
    uart1_RX_Buffer                          0x20000270   Data        1020  har_uart.o(.bss)
    uart1_TX_Buffer                          0x2000066c   Data        1020  har_uart.o(.bss)
    hi2c1                                    0x20000a68   Data          76  har_i2c.o(.bss)
    hdma_i2c1_rx                             0x20000ab4   Data          68  har_i2c.o(.bss)
    hdma_i2c1_tx                             0x20000af8   Data          68  har_i2c.o(.bss)
    flightState                              0x20000b3c   Data          24  attitude.o(.bss)
    sensor                                   0x20000b54   Data          64  sensor.o(.bss)
    gyroBiasRunning                          0x20000c3c   Data        6164  sensor.o(.bss)
    __libspace_start                         0x2000245c   Data          96  libspace.o(.bss)
    __temporary_stack_top$libspace           0x200024bc   Data           0  libspace.o(.bss)



==============================================================================

Memory Map of the image

  Image Entry point : 0x08000189

  Load Region LR_IROM1 (Base: 0x08000000, Size: 0x00004f98, Max: 0x00040000, ABSOLUTE)

    Execution Region ER_IROM1 (Exec base: 0x08000000, Load base: 0x08000000, Size: 0x00004f28, Max: 0x00040000, ABSOLUTE)

    Exec Addr    Load Addr    Size         Type   Attr      Idx    E Section Name        Object

    0x08000000   0x08000000   0x00000188   Data   RO         4294    RESET               startup_stm32f303xc.o
    0x08000188   0x08000188   0x00000008   Code   RO         4989  * !!!main             c_w.l(__main.o)
    0x08000190   0x08000190   0x00000034   Code   RO         5263    !!!scatter          c_w.l(__scatter.o)
    0x080001c4   0x080001c4   0x0000001a   Code   RO         5265    !!handler_copy      c_w.l(__scatter_copy.o)
    0x080001de   0x080001de   0x00000002   PAD
    0x080001e0   0x080001e0   0x0000001c   Code   RO         5267    !!handler_zi        c_w.l(__scatter_zi.o)
    0x080001fc   0x080001fc   0x00000002   Code   RO         5132    .ARM.Collect$$libinit$$00000000  c_w.l(libinit.o)
    0x080001fe   0x080001fe   0x00000004   Code   RO         5139    .ARM.Collect$$libinit$$00000001  c_w.l(libinit2.o)
    0x08000202   0x08000202   0x00000000   Code   RO         5142    .ARM.Collect$$libinit$$00000004  c_w.l(libinit2.o)
    0x08000202   0x08000202   0x00000000   Code   RO         5145    .ARM.Collect$$libinit$$0000000A  c_w.l(libinit2.o)
    0x08000202   0x08000202   0x00000000   Code   RO         5147    .ARM.Collect$$libinit$$0000000C  c_w.l(libinit2.o)
    0x08000202   0x08000202   0x00000000   Code   RO         5149    .ARM.Collect$$libinit$$0000000E  c_w.l(libinit2.o)
    0x08000202   0x08000202   0x00000000   Code   RO         5152    .ARM.Collect$$libinit$$00000011  c_w.l(libinit2.o)
    0x08000202   0x08000202   0x00000000   Code   RO         5154    .ARM.Collect$$libinit$$00000013  c_w.l(libinit2.o)
    0x08000202   0x08000202   0x00000000   Code   RO         5156    .ARM.Collect$$libinit$$00000015  c_w.l(libinit2.o)
    0x08000202   0x08000202   0x00000000   Code   RO         5158    .ARM.Collect$$libinit$$00000017  c_w.l(libinit2.o)
    0x08000202   0x08000202   0x00000000   Code   RO         5160    .ARM.Collect$$libinit$$00000019  c_w.l(libinit2.o)
    0x08000202   0x08000202   0x00000000   Code   RO         5162    .ARM.Collect$$libinit$$0000001B  c_w.l(libinit2.o)
    0x08000202   0x08000202   0x00000000   Code   RO         5164    .ARM.Collect$$libinit$$0000001D  c_w.l(libinit2.o)
    0x08000202   0x08000202   0x00000000   Code   RO         5166    .ARM.Collect$$libinit$$0000001F  c_w.l(libinit2.o)
    0x08000202   0x08000202   0x00000000   Code   RO         5168    .ARM.Collect$$libinit$$00000021  c_w.l(libinit2.o)
    0x08000202   0x08000202   0x00000000   Code   RO         5170    .ARM.Collect$$libinit$$00000023  c_w.l(libinit2.o)
    0x08000202   0x08000202   0x00000000   Code   RO         5172    .ARM.Collect$$libinit$$00000025  c_w.l(libinit2.o)
    0x08000202   0x08000202   0x00000000   Code   RO         5176    .ARM.Collect$$libinit$$0000002C  c_w.l(libinit2.o)
    0x08000202   0x08000202   0x00000000   Code   RO         5178    .ARM.Collect$$libinit$$0000002E  c_w.l(libinit2.o)
    0x08000202   0x08000202   0x00000000   Code   RO         5180    .ARM.Collect$$libinit$$00000030  c_w.l(libinit2.o)
    0x08000202   0x08000202   0x00000000   Code   RO         5182    .ARM.Collect$$libinit$$00000032  c_w.l(libinit2.o)
    0x08000202   0x08000202   0x00000002   Code   RO         5183    .ARM.Collect$$libinit$$00000033  c_w.l(libinit2.o)
    0x08000204   0x08000204   0x00000002   Code   RO         5213    .ARM.Collect$$libshutdown$$00000000  c_w.l(libshutdown.o)
    0x08000206   0x08000206   0x00000000   Code   RO         5230    .ARM.Collect$$libshutdown$$00000002  c_w.l(libshutdown2.o)
    0x08000206   0x08000206   0x00000000   Code   RO         5232    .ARM.Collect$$libshutdown$$00000004  c_w.l(libshutdown2.o)
    0x08000206   0x08000206   0x00000000   Code   RO         5235    .ARM.Collect$$libshutdown$$00000007  c_w.l(libshutdown2.o)
    0x08000206   0x08000206   0x00000000   Code   RO         5238    .ARM.Collect$$libshutdown$$0000000A  c_w.l(libshutdown2.o)
    0x08000206   0x08000206   0x00000000   Code   RO         5240    .ARM.Collect$$libshutdown$$0000000C  c_w.l(libshutdown2.o)
    0x08000206   0x08000206   0x00000000   Code   RO         5243    .ARM.Collect$$libshutdown$$0000000F  c_w.l(libshutdown2.o)
    0x08000206   0x08000206   0x00000002   Code   RO         5244    .ARM.Collect$$libshutdown$$00000010  c_w.l(libshutdown2.o)
    0x08000208   0x08000208   0x00000000   Code   RO         5067    .ARM.Collect$$rtentry$$00000000  c_w.l(__rtentry.o)
    0x08000208   0x08000208   0x00000000   Code   RO         5095    .ARM.Collect$$rtentry$$00000002  c_w.l(__rtentry2.o)
    0x08000208   0x08000208   0x00000006   Code   RO         5107    .ARM.Collect$$rtentry$$00000004  c_w.l(__rtentry4.o)
    0x0800020e   0x0800020e   0x00000000   Code   RO         5097    .ARM.Collect$$rtentry$$00000009  c_w.l(__rtentry2.o)
    0x0800020e   0x0800020e   0x00000004   Code   RO         5098    .ARM.Collect$$rtentry$$0000000A  c_w.l(__rtentry2.o)
    0x08000212   0x08000212   0x00000000   Code   RO         5100    .ARM.Collect$$rtentry$$0000000C  c_w.l(__rtentry2.o)
    0x08000212   0x08000212   0x00000008   Code   RO         5101    .ARM.Collect$$rtentry$$0000000D  c_w.l(__rtentry2.o)
    0x0800021a   0x0800021a   0x00000002   Code   RO         5133    .ARM.Collect$$rtexit$$00000000  c_w.l(rtexit.o)
    0x0800021c   0x0800021c   0x00000000   Code   RO         5185    .ARM.Collect$$rtexit$$00000002  c_w.l(rtexit2.o)
    0x0800021c   0x0800021c   0x00000004   Code   RO         5186    .ARM.Collect$$rtexit$$00000003  c_w.l(rtexit2.o)
    0x08000220   0x08000220   0x00000006   Code   RO         5187    .ARM.Collect$$rtexit$$00000004  c_w.l(rtexit2.o)
    0x08000226   0x08000226   0x00000002   PAD
    0x08000228   0x08000228   0x00000040   Code   RO         4295    .text               startup_stm32f303xc.o
    0x08000268   0x08000268   0x00000048   Code   RO         4979    .text               c_w.l(llsdiv.o)
    0x080002b0   0x080002b0   0x0000008a   Code   RO         4981    .text               c_w.l(rt_memcpy_v6.o)
    0x0800033a   0x0800033a   0x00000064   Code   RO         4983    .text               c_w.l(rt_memcpy_w.o)
    0x0800039e   0x0800039e   0x0000004e   Code   RO         4985    .text               c_w.l(rt_memclr_w.o)
    0x080003ec   0x080003ec   0x00000006   Code   RO         4987    .text               c_w.l(heapauxi.o)
    0x080003f2   0x080003f2   0x000000ee   Code   RO         5068    .text               c_w.l(lludivv7m.o)
    0x080004e0   0x080004e0   0x00000016   Code   RO         5070    .text               c_w.l(_rserrno.o)
    0x080004f6   0x080004f6   0x00000002   PAD
    0x080004f8   0x080004f8   0x00000008   Code   RO         5116    .text               c_w.l(rt_errno_addr_intlibspace.o)
    0x08000500   0x08000500   0x00000008   Code   RO         5118    .text               c_w.l(libspace.o)
    0x08000508   0x08000508   0x0000004a   Code   RO         5121    .text               c_w.l(sys_stackheap_outer.o)
    0x08000552   0x08000552   0x00000012   Code   RO         5125    .text               c_w.l(exit.o)
    0x08000564   0x08000564   0x0000000c   Code   RO         5201    .text               c_w.l(sys_exit.o)
    0x08000570   0x08000570   0x00000002   Code   RO         5218    .text               c_w.l(use_no_semi.o)
    0x08000572   0x08000572   0x00000000   Code   RO         5220    .text               c_w.l(indicate_semi.o)
    0x08000572   0x08000572   0x00000002   Code   RO         4085    i.BusFault_Handler  stm32f3xx_it.o
    0x08000574   0x08000574   0x00000004   Code   RO         4302    i.Buzzer_Init       dri_buzzer.o
    0x08000578   0x08000578   0x0000003c   Code   RO         4608    i.Buzzer_PinInit    har_buzzer.o
    0x080005b4   0x080005b4   0x0000000c   Code   RO         4086    i.DMA1_Channel2_IRQHandler  stm32f3xx_it.o
    0x080005c0   0x080005c0   0x0000000c   Code   RO         4087    i.DMA1_Channel3_IRQHandler  stm32f3xx_it.o
    0x080005cc   0x080005cc   0x0000000c   Code   RO         4088    i.DMA1_Channel4_IRQHandler  stm32f3xx_it.o
    0x080005d8   0x080005d8   0x0000000c   Code   RO         4089    i.DMA1_Channel5_IRQHandler  stm32f3xx_it.o
    0x080005e4   0x080005e4   0x0000000c   Code   RO         4090    i.DMA1_Channel6_IRQHandler  stm32f3xx_it.o
    0x080005f0   0x080005f0   0x0000000c   Code   RO         4091    i.DMA1_Channel7_IRQHandler  stm32f3xx_it.o
    0x080005fc   0x080005fc   0x0000003c   Code   RO          964    i.DMA_CalcBaseAndBitshift  stm32f3xx_hal_dma.o
    0x08000638   0x08000638   0x0000002a   Code   RO          965    i.DMA_SetConfig     stm32f3xx_hal_dma.o
    0x08000662   0x08000662   0x00000002   PAD
    0x08000664   0x08000664   0x0000002c   Code   RO         4665    i.DMA_UART1_SendThread  har_uart.o
    0x08000690   0x08000690   0x00000038   Code   RO         4666    i.DMA_Usart1_Read   har_uart.o
    0x080006c8   0x080006c8   0x00000002   Code   RO         4092    i.DebugMon_Handler  stm32f3xx_it.o
    0x080006ca   0x080006ca   0x00000008   Code   RO         4093    i.EXTI15_10_IRQHandler  stm32f3xx_it.o
    0x080006d2   0x080006d2   0x00000030   Code   RO          966    i.HAL_DMA_Abort     stm32f3xx_hal_dma.o
    0x08000702   0x08000702   0x0000004a   Code   RO          967    i.HAL_DMA_Abort_IT  stm32f3xx_hal_dma.o
    0x0800074c   0x0800074c   0x000000a8   Code   RO          971    i.HAL_DMA_IRQHandler  stm32f3xx_hal_dma.o
    0x080007f4   0x080007f4   0x00000056   Code   RO          972    i.HAL_DMA_Init      stm32f3xx_hal_dma.o
    0x0800084a   0x0800084a   0x00000070   Code   RO          976    i.HAL_DMA_Start_IT  stm32f3xx_hal_dma.o
    0x080008ba   0x080008ba   0x00000004   Code   RO         4476    i.HAL_GPIO_EXTI_Callback  dri_mpu6050.o
    0x080008be   0x080008be   0x00000002   PAD
    0x080008c0   0x080008c0   0x00000018   Code   RO          351    i.HAL_GPIO_EXTI_IRQHandler  stm32f3xx_hal_gpio.o
    0x080008d8   0x080008d8   0x00000188   Code   RO          352    i.HAL_GPIO_Init     stm32f3xx_hal_gpio.o
    0x08000a60   0x08000a60   0x0000000a   Code   RO          354    i.HAL_GPIO_ReadPin  stm32f3xx_hal_gpio.o
    0x08000a6a   0x08000a6a   0x0000000a   Code   RO          356    i.HAL_GPIO_WritePin  stm32f3xx_hal_gpio.o
    0x08000a74   0x08000a74   0x0000000c   Code   RO           15    i.HAL_GetTick       stm32f3xx_hal.o
    0x08000a80   0x08000a80   0x00000056   Code   RO         1680    i.HAL_I2CEx_ConfigAnalogFilter  stm32f3xx_hal_i2c_ex.o
    0x08000ad6   0x08000ad6   0x00000052   Code   RO         1681    i.HAL_I2CEx_ConfigDigitalFilter  stm32f3xx_hal_i2c_ex.o
    0x08000b28   0x08000b28   0x00000002   Code   RO         1252    i.HAL_I2C_AbortCpltCallback  stm32f3xx_hal_i2c.o
    0x08000b2a   0x08000b2a   0x00000002   Code   RO         1253    i.HAL_I2C_AddrCallback  stm32f3xx_hal_i2c.o
    0x08000b2c   0x08000b2c   0x00000062   Code   RO         1256    i.HAL_I2C_ER_IRQHandler  stm32f3xx_hal_i2c.o
    0x08000b8e   0x08000b8e   0x00000010   Code   RO         1257    i.HAL_I2C_EV_IRQHandler  stm32f3xx_hal_i2c.o
    0x08000b9e   0x08000b9e   0x00000002   Code   RO         1259    i.HAL_I2C_ErrorCallback  stm32f3xx_hal_i2c.o
    0x08000ba0   0x08000ba0   0x000000b8   Code   RO         1263    i.HAL_I2C_Init      stm32f3xx_hal_i2c.o
    0x08000c58   0x08000c58   0x00000002   Code   RO         1265    i.HAL_I2C_ListenCpltCallback  stm32f3xx_hal_i2c.o
    0x08000c5a   0x08000c5a   0x00000002   Code   RO         1266    i.HAL_I2C_MasterRxCpltCallback  stm32f3xx_hal_i2c.o
    0x08000c5c   0x08000c5c   0x00000002   Code   RO         1267    i.HAL_I2C_MasterTxCpltCallback  stm32f3xx_hal_i2c.o
    0x08000c5e   0x08000c5e   0x00000002   Code   RO         1277    i.HAL_I2C_MemRxCpltCallback  stm32f3xx_hal_i2c.o
    0x08000c60   0x08000c60   0x00000002   Code   RO         1278    i.HAL_I2C_MemTxCpltCallback  stm32f3xx_hal_i2c.o
    0x08000c62   0x08000c62   0x00000002   PAD
    0x08000c64   0x08000c64   0x00000108   Code   RO         1280    i.HAL_I2C_Mem_Read_DMA  stm32f3xx_hal_i2c.o
    0x08000d6c   0x08000d6c   0x00000168   Code   RO         1282    i.HAL_I2C_Mem_Write  stm32f3xx_hal_i2c.o
    0x08000ed4   0x08000ed4   0x000000b8   Code   RO         4753    i.HAL_I2C_MspInit   har_i2c.o
    0x08000f8c   0x08000f8c   0x00000002   Code   RO         1287    i.HAL_I2C_SlaveRxCpltCallback  stm32f3xx_hal_i2c.o
    0x08000f8e   0x08000f8e   0x00000002   Code   RO         1288    i.HAL_I2C_SlaveTxCpltCallback  stm32f3xx_hal_i2c.o
    0x08000f90   0x08000f90   0x00000024   Code   RO           20    i.HAL_Init          stm32f3xx_hal.o
    0x08000fb4   0x08000fb4   0x00000028   Code   RO           21    i.HAL_InitTick      stm32f3xx_hal.o
    0x08000fdc   0x08000fdc   0x00000080   Code   RO         4233    i.HAL_MspInit       stm32f3xx_hal_msp.o
    0x0800105c   0x0800105c   0x00000016   Code   RO          834    i.HAL_NVIC_EnableIRQ  stm32f3xx_hal_cortex.o
    0x08001072   0x08001072   0x00000002   PAD
    0x08001074   0x08001074   0x00000040   Code   RO          840    i.HAL_NVIC_SetPriority  stm32f3xx_hal_cortex.o
    0x080010b4   0x080010b4   0x00000024   Code   RO          841    i.HAL_NVIC_SetPriorityGrouping  stm32f3xx_hal_cortex.o
    0x080010d8   0x080010d8   0x00000218   Code   RO         1979    i.HAL_RCCEx_PeriphCLKConfig  stm32f3xx_hal_rcc_ex.o
    0x080012f0   0x080012f0   0x00000188   Code   RO         1873    i.HAL_RCC_ClockConfig  stm32f3xx_hal_rcc.o
    0x08001478   0x08001478   0x0000000c   Code   RO         1878    i.HAL_RCC_GetHCLKFreq  stm32f3xx_hal_rcc.o
    0x08001484   0x08001484   0x00000030   Code   RO         1880    i.HAL_RCC_GetPCLK1Freq  stm32f3xx_hal_rcc.o
    0x080014b4   0x080014b4   0x00000030   Code   RO         1881    i.HAL_RCC_GetPCLK2Freq  stm32f3xx_hal_rcc.o
    0x080014e4   0x080014e4   0x00000064   Code   RO         1882    i.HAL_RCC_GetSysClockFreq  stm32f3xx_hal_rcc.o
    0x08001548   0x08001548   0x000005ac   Code   RO         1885    i.HAL_RCC_OscConfig  stm32f3xx_hal_rcc.o
    0x08001af4   0x08001af4   0x00000018   Code   RO          843    i.HAL_SYSTICK_CLKSourceConfig  stm32f3xx_hal_cortex.o
    0x08001b0c   0x08001b0c   0x00000028   Code   RO          845    i.HAL_SYSTICK_Config  stm32f3xx_hal_cortex.o
    0x08001b34   0x08001b34   0x00000002   Code   RO         3680    i.HAL_UARTEx_WakeupCallback  stm32f3xx_hal_uart_ex.o
    0x08001b36   0x08001b36   0x00000054   Code   RO         3335    i.HAL_UART_DMAStop  stm32f3xx_hal_uart.o
    0x08001b8a   0x08001b8a   0x00000002   Code   RO         3337    i.HAL_UART_ErrorCallback  stm32f3xx_hal_uart.o
    0x08001b8c   0x08001b8c   0x00000140   Code   RO         3340    i.HAL_UART_IRQHandler  stm32f3xx_hal_uart.o
    0x08001ccc   0x08001ccc   0x0000006a   Code   RO         3341    i.HAL_UART_Init     stm32f3xx_hal_uart.o
    0x08001d36   0x08001d36   0x00000002   Code   RO         3343    i.HAL_UART_MspInit  stm32f3xx_hal_uart.o
    0x08001d38   0x08001d38   0x00000090   Code   RO         3345    i.HAL_UART_Receive_DMA  stm32f3xx_hal_uart.o
    0x08001dc8   0x08001dc8   0x00000002   Code   RO         3347    i.HAL_UART_RxCpltCallback  stm32f3xx_hal_uart.o
    0x08001dca   0x08001dca   0x00000002   Code   RO         3348    i.HAL_UART_RxHalfCpltCallback  stm32f3xx_hal_uart.o
    0x08001dcc   0x08001dcc   0x00000088   Code   RO         3350    i.HAL_UART_Transmit_DMA  stm32f3xx_hal_uart.o
    0x08001e54   0x08001e54   0x00000002   Code   RO         3352    i.HAL_UART_TxCpltCallback  stm32f3xx_hal_uart.o
    0x08001e56   0x08001e56   0x00000002   Code   RO         3353    i.HAL_UART_TxHalfCpltCallback  stm32f3xx_hal_uart.o
    0x08001e58   0x08001e58   0x00000002   Code   RO         4094    i.HardFault_Handler  stm32f3xx_it.o
    0x08001e5a   0x08001e5a   0x00000002   PAD
    0x08001e5c   0x08001e5c   0x0000000c   Code   RO         4095    i.I2C1_ER_IRQHandler  stm32f3xx_it.o
    0x08001e68   0x08001e68   0x0000000c   Code   RO         4096    i.I2C1_EV_IRQHandler  stm32f3xx_it.o
    0x08001e74   0x08001e74   0x00000032   Code   RO         1297    i.I2C_DMAAbort      stm32f3xx_hal_i2c.o
    0x08001ea6   0x08001ea6   0x00000012   Code   RO         1298    i.I2C_DMAError      stm32f3xx_hal_i2c.o
    0x08001eb8   0x08001eb8   0x00000042   Code   RO         1299    i.I2C_DMAMasterReceiveCplt  stm32f3xx_hal_i2c.o
    0x08001efa   0x08001efa   0x00000056   Code   RO         1303    i.I2C_Disable_IRQ   stm32f3xx_hal_i2c.o
    0x08001f50   0x08001f50   0x00000060   Code   RO         1304    i.I2C_Enable_IRQ    stm32f3xx_hal_i2c.o
    0x08001fb0   0x08001fb0   0x00000022   Code   RO         1305    i.I2C_Flush_TXDR    stm32f3xx_hal_i2c.o
    0x08001fd2   0x08001fd2   0x00000088   Code   RO         1306    i.I2C_ITAddrCplt    stm32f3xx_hal_i2c.o
    0x0800205a   0x0800205a   0x00000002   PAD
    0x0800205c   0x0800205c   0x000000e0   Code   RO         1307    i.I2C_ITError       stm32f3xx_hal_i2c.o
    0x0800213c   0x0800213c   0x0000005c   Code   RO         1308    i.I2C_ITListenCplt  stm32f3xx_hal_i2c.o
    0x08002198   0x08002198   0x000000b4   Code   RO         1309    i.I2C_ITMasterCplt  stm32f3xx_hal_i2c.o
    0x0800224c   0x0800224c   0x000000f0   Code   RO         1311    i.I2C_ITSlaveCplt   stm32f3xx_hal_i2c.o
    0x0800233c   0x0800233c   0x00000054   Code   RO         1312    i.I2C_ITSlaveSequentialCplt  stm32f3xx_hal_i2c.o
    0x08002390   0x08002390   0x0000007c   Code   RO         1313    i.I2C_IsAcknowledgeFailed  stm32f3xx_hal_i2c.o
    0x0800240c   0x0800240c   0x000000c4   Code   RO         1314    i.I2C_Master_ISR_DMA  stm32f3xx_hal_i2c.o
    0x080024d0   0x080024d0   0x0000006e   Code   RO         1316    i.I2C_RequestMemoryRead  stm32f3xx_hal_i2c.o
    0x0800253e   0x0800253e   0x0000006e   Code   RO         1317    i.I2C_RequestMemoryWrite  stm32f3xx_hal_i2c.o
    0x080025ac   0x080025ac   0x0000006a   Code   RO         1318    i.I2C_Slave_ISR_DMA  stm32f3xx_hal_i2c.o
    0x08002616   0x08002616   0x00000002   PAD
    0x08002618   0x08002618   0x00000110   Code   RO         1319    i.I2C_Slave_ISR_IT  stm32f3xx_hal_i2c.o
    0x08002728   0x08002728   0x00000024   Code   RO         1320    i.I2C_TransferConfig  stm32f3xx_hal_i2c.o
    0x0800274c   0x0800274c   0x00000052   Code   RO         1321    i.I2C_WaitOnFlagUntilTimeout  stm32f3xx_hal_i2c.o
    0x0800279e   0x0800279e   0x0000004e   Code   RO         1323    i.I2C_WaitOnSTOPFlagUntilTimeout  stm32f3xx_hal_i2c.o
    0x080027ec   0x080027ec   0x00000052   Code   RO         1324    i.I2C_WaitOnTXISFlagUntilTimeout  stm32f3xx_hal_i2c.o
    0x0800283e   0x0800283e   0x00000002   PAD
    0x08002840   0x08002840   0x0000004c   Code   RO         4477    i.Init_EXIT_GPIO    dri_mpu6050.o
    0x0800288c   0x0800288c   0x00000074   Code   RO         4478    i.Init_MPU6050      dri_mpu6050.o
    0x08002900   0x08002900   0x0000007c   Code   RO         3990    i.MX_DMA_Init       main.o
    0x0800297c   0x0800297c   0x00000044   Code   RO         4754    i.MX_I2C1_Init      har_i2c.o
    0x080029c0   0x080029c0   0x00000002   Code   RO         4097    i.MemManage_Handler  stm32f3xx_it.o
    0x080029c2   0x080029c2   0x00000002   Code   RO         4098    i.NMI_Handler       stm32f3xx_it.o
    0x080029c4   0x080029c4   0x00000020   Code   RO          847    i.NVIC_SetPriority  stm32f3xx_hal_cortex.o
    0x080029e4   0x080029e4   0x00000002   Code   RO         4099    i.PendSV_Handler    stm32f3xx_it.o
    0x080029e6   0x080029e6   0x00000006   Code   RO         4396    i.ReSetTimerTemp    dri_systick.h.o
    0x080029ec   0x080029ec   0x00000064   Code   RO         4479    i.Read_MPU6050      dri_mpu6050.o
    0x08002a50   0x08002a50   0x0000000e   Code   RO         4942    i.RecvMessageThread  communication.o
    0x08002a5e   0x08002a5e   0x00000002   Code   RO         4100    i.SVC_Handler       stm32f3xx_it.o
    0x08002a60   0x08002a60   0x000000b0   Code   RO         4943    i.SendSensor        communication.o
    0x08002b10   0x08002b10   0x000000b0   Code   RO         4944    i.SendStatus        communication.o
    0x08002bc0   0x08002bc0   0x0000006c   Code   RO         4876    i.SensorInit        sensor.o
    0x08002c2c   0x08002c2c   0x00000014   Code   RO         4877    i.SensorThread      sensor.o
    0x08002c40   0x08002c40   0x00000018   Code   RO         4101    i.SysTick_Handler   stm32f3xx_it.o
    0x08002c58   0x08002c58   0x0000003c   Code   RO         4532    i.SysTick_Init      har_systick.o
    0x08002c94   0x08002c94   0x00000004   Code   RO         4347    i.Sys_LED_Init      dri_led.o
    0x08002c98   0x08002c98   0x00000004   Code   RO         4348    i.Sys_LED_Negative  dri_led.o
    0x08002c9c   0x08002c9c   0x00000038   Code   RO         4560    i.Sys_LED_PinInit   har_led.o
    0x08002cd4   0x08002cd4   0x00000024   Code   RO         4561    i.Sys_LED_PinNegative  har_led.o
    0x08002cf8   0x08002cf8   0x00000074   Code   RO         3991    i.SystemClock_Config  main.o
    0x08002d6c   0x08002d6c   0x00000068   Code   RO         4258    i.SystemInit        system_stm32f3xx.o
    0x08002dd4   0x08002dd4   0x00000002   Code   RO         4102    i.TIM7_IRQHandler   stm32f3xx_it.o
    0x08002dd6   0x08002dd6   0x00000002   PAD
    0x08002dd8   0x08002dd8   0x00000024   Code   RO         4667    i.UART1_SendBytes   har_uart.o
    0x08002dfc   0x08002dfc   0x000000c8   Code   RO         3354    i.UART_AdvFeatureConfig  stm32f3xx_hal_uart.o
    0x08002ec4   0x08002ec4   0x0000005c   Code   RO         3355    i.UART_CheckIdleState  stm32f3xx_hal_uart.o
    0x08002f20   0x08002f20   0x00000014   Code   RO         3356    i.UART_DMAAbortOnError  stm32f3xx_hal_uart.o
    0x08002f34   0x08002f34   0x0000004a   Code   RO         3357    i.UART_DMAError     stm32f3xx_hal_uart.o
    0x08002f7e   0x08002f7e   0x0000003e   Code   RO         3358    i.UART_DMAReceiveCplt  stm32f3xx_hal_uart.o
    0x08002fbc   0x08002fbc   0x0000000a   Code   RO         3360    i.UART_DMARxHalfCplt  stm32f3xx_hal_uart.o
    0x08002fc6   0x08002fc6   0x00000030   Code   RO         3362    i.UART_DMATransmitCplt  stm32f3xx_hal_uart.o
    0x08002ff6   0x08002ff6   0x0000000a   Code   RO         3364    i.UART_DMATxHalfCplt  stm32f3xx_hal_uart.o
    0x08003000   0x08003000   0x00000104   Code   RO         4668    i.UART_DMA_Init     har_uart.o
    0x08003104   0x08003104   0x0000001c   Code   RO         3366    i.UART_EndRxTransfer  stm32f3xx_hal_uart.o
    0x08003120   0x08003120   0x0000001a   Code   RO         3367    i.UART_EndTransmit_IT  stm32f3xx_hal_uart.o
    0x0800313a   0x0800313a   0x00000012   Code   RO         3368    i.UART_EndTxTransfer  stm32f3xx_hal_uart.o
    0x0800314c   0x0800314c   0x00000076   Code   RO         3369    i.UART_Receive_IT   stm32f3xx_hal_uart.o
    0x080031c2   0x080031c2   0x00000002   PAD
    0x080031c4   0x080031c4   0x000001d4   Code   RO         3370    i.UART_SetConfig    stm32f3xx_hal_uart.o
    0x08003398   0x08003398   0x00000064   Code   RO         3371    i.UART_Transmit_IT  stm32f3xx_hal_uart.o
    0x080033fc   0x080033fc   0x00000064   Code   RO         3372    i.UART_WaitOnFlagUntilTimeout  stm32f3xx_hal_uart.o
    0x08003460   0x08003460   0x00000048   Code   RO         4103    i.USART1_IRQHandler  stm32f3xx_it.o
    0x080034a8   0x080034a8   0x000000ac   Code   RO         4669    i.USART1_UART_Init  har_uart.o
    0x08003554   0x08003554   0x0000000c   Code   RO         4104    i.USART3_IRQHandler  stm32f3xx_it.o
    0x08003560   0x08003560   0x00000002   Code   RO         4105    i.UsageFault_Handler  stm32f3xx_it.o
    0x08003562   0x08003562   0x00000026   Code   RO         5075    i.__ARM_fpclassifyf  m_wm.l(fpclassifyf.o)
    0x08003588   0x08003588   0x0000012c   Code   RO         4993    i.__hardfp_asinf    m_wm.l(asinf.o)
    0x080036b4   0x080036b4   0x00000250   Code   RO         5005    i.__hardfp_atan2f   m_wm.l(atan2f.o)
    0x08003904   0x08003904   0x00000150   Code   RO         5017    i.__hardfp_cosf     m_wm.l(cosf.o)
    0x08003a54   0x08003a54   0x00000664   Code   RO         5029    i.__hardfp_powf     m_wm.l(powf.o)
    0x080040b8   0x080040b8   0x0000003a   Code   RO         5043    i.__hardfp_sqrtf    m_wm.l(sqrtf.o)
    0x080040f2   0x080040f2   0x00000002   PAD
    0x080040f4   0x080040f4   0x0000017c   Code   RO         5055    i.__hardfp_tanf     m_wm.l(tanf.o)
    0x08004270   0x08004270   0x00000014   Code   RO         5077    i.__mathlib_flt_divzero  m_wm.l(funder.o)
    0x08004284   0x08004284   0x00000006   Code   RO         5078    i.__mathlib_flt_infnan  m_wm.l(funder.o)
    0x0800428a   0x0800428a   0x00000006   Code   RO         5079    i.__mathlib_flt_infnan2  m_wm.l(funder.o)
    0x08004290   0x08004290   0x00000010   Code   RO         5080    i.__mathlib_flt_invalid  m_wm.l(funder.o)
    0x080042a0   0x080042a0   0x00000010   Code   RO         5081    i.__mathlib_flt_overflow  m_wm.l(funder.o)
    0x080042b0   0x080042b0   0x00000010   Code   RO         5083    i.__mathlib_flt_underflow  m_wm.l(funder.o)
    0x080042c0   0x080042c0   0x00000154   Code   RO         5091    i.__mathlib_rredf2  m_wm.l(rredf.o)
    0x08004414   0x08004414   0x00000030   Code   RO         4878    i.applyAxis3fLpf    sensor.o
    0x08004444   0x08004444   0x000002e0   Code   RO         4794    i.imuUpdate         attitude.o
    0x08004724   0x08004724   0x0000002c   Code   RO         4795    i.invSqrt           attitude.o
    0x08004750   0x08004750   0x00000050   Code   RO         4832    i.lpf2pApply        fliter.o
    0x080047a0   0x080047a0   0x00000014   Code   RO         4833    i.lpf2pInit         fliter.o
    0x080047b4   0x080047b4   0x000000ac   Code   RO         4835    i.lpf2pSetCutoffFreq  fliter.o
    0x08004860   0x08004860   0x000000ac   Code   RO         3992    i.main              main.o
    0x0800490c   0x0800490c   0x00000110   Code   RO         4879    i.processAccGyroMeasurements  sensor.o
    0x08004a1c   0x08004a1c   0x0000009c   Code   RO         4880    i.processAccScale   sensor.o
    0x08004ab8   0x08004ab8   0x000000a0   Code   RO         4881    i.processGyroBias   sensor.o
    0x08004b58   0x08004b58   0x00000170   Code   RO         4882    i.sensorsCalculateVarianceAndMean  sensor.o
    0x08004cc8   0x08004cc8   0x0000003e   Code   RO         5045    i.sqrtf             m_wm.l(sqrtf.o)
    0x08004d06   0x08004d06   0x00000060   Code   RO         4991    x$fpl$ffltll        fz_wm.l(ffltll_clz.o)
    0x08004d66   0x08004d66   0x0000000a   Code   RO         5199    x$fpl$fpinit        fz_wm.l(fpinit.o)
    0x08004d70   0x08004d70   0x00000000   Code   RO         5074    x$fpl$usenofp       fz_wm.l(usenofp.o)
    0x08004d70   0x08004d70   0x00000020   Data   RO         1886    .constdata          stm32f3xx_hal_rcc.o
    0x08004d90   0x08004d90   0x00000010   Data   RO         4259    .constdata          system_stm32f3xx.o
    0x08004da0   0x08004da0   0x00000008   Data   RO         4260    .constdata          system_stm32f3xx.o
    0x08004da8   0x08004da8   0x00000140   Data   RO         5032    .constdata          m_wm.l(powf.o)
    0x08004ee8   0x08004ee8   0x00000020   Data   RO         5092    .constdata          m_wm.l(rredf.o)
    0x08004f08   0x08004f08   0x00000020   Data   RO         5261    Region$$Table       anon$$obj.o


    Execution Region RW_IRAM1 (Exec base: 0x20000000, Load base: 0x08004f28, Size: 0x00002ac0, Max: 0x0000c000, ABSOLUTE)

    Exec Addr    Load Addr    Size         Type   Attr      Idx    E Section Name        Object

    0x20000000   0x08004f28   0x00000004   Data   RW           26    .data               stm32f3xx_hal.o
    0x20000004   0x08004f2c   0x00000001   Data   RW         3993    .data               main.o
    0x20000005   0x08004f2d   0x00000003   PAD
    0x20000008   0x08004f30   0x00000004   Data   RW         4261    .data               system_stm32f3xx.o
    0x2000000c   0x08004f34   0x00000004   Data   RW         4405    .data               dri_systick.h.o
    0x20000010   0x08004f38   0x0000000a   Data   RW         4481    .data               dri_mpu6050.o
    0x2000001a   0x08004f42   0x00000002   PAD
    0x2000001c   0x08004f44   0x00000004   Data   RW         4482    .data               dri_mpu6050.o
    0x20000020   0x08004f48   0x00000040   Data   RW         4797    .data               attitude.o
    0x20000060   0x08004f88   0x00000010   Data   RW         4884    .data               sensor.o
    0x20000070        -       0x0000000e   Zero   RW         4480    .bss                dri_mpu6050.o
    0x2000007e   0x08004f98   0x00000002   PAD
    0x20000080        -       0x000009e8   Zero   RW         4671    .bss                har_uart.o
    0x20000a68        -       0x000000d4   Zero   RW         4755    .bss                har_i2c.o
    0x20000b3c        -       0x00000018   Zero   RW         4796    .bss                attitude.o
    0x20000b54        -       0x00001908   Zero   RW         4883    .bss                sensor.o
    0x2000245c        -       0x00000060   Zero   RW         5119    .bss                c_w.l(libspace.o)
    0x200024bc   0x08004f98   0x00000004   PAD
    0x200024c0        -       0x00000200   Zero   RW         4293    HEAP                startup_stm32f303xc.o
    0x200026c0        -       0x00000400   Zero   RW         4292    STACK               startup_stm32f303xc.o


==============================================================================

Image component sizes


      Code (inc. data)   RO Data    RW Data    ZI Data      Debug   Object Name

       780         28          0         64         24       2882   attitude.o
       366         10          0          0          0       2450   communication.o
         4          0          0          0          0        466   dri_buzzer.o
         8          0          0          0          0        930   dri_led.o
       296         36          0         14         14       3089   dri_mpu6050.o
         6          0          0          4          0       1302   dri_systick.h.o
       272         14          0          0          0       2774   fliter.o
        60         10          0          0          0        929   har_buzzer.o
       252         34          0          0        212       1887   har_i2c.o
        92         14          0          0          0       1432   har_led.o
        60         10          0          0          0      27258   har_systick.o
       568         52          0          0       2536       4806   har_uart.o
       412         26          0          1          0       3686   main.o
      1132         72          0         16       6408       7514   sensor.o
        64         26        392          0       1536        832   startup_stm32f303xc.o
        88         16          0          4          0     549529   stm32f3xx_hal.o
       218         14          0          0          0      30801   stm32f3xx_hal_cortex.o
       590         12          0          0          0       5282   stm32f3xx_hal_dma.o
       436         34          0          0          0       3474   stm32f3xx_hal_gpio.o
      3444         92          0          0          0      28524   stm32f3xx_hal_i2c.o
       168          0          0          0          0       1795   stm32f3xx_hal_i2c_ex.o
       128          6          0          0          0        898   stm32f3xx_hal_msp.o
      2052         80         32          0          0       6016   stm32f3xx_hal_rcc.o
       536         14          0          0          0       1516   stm32f3xx_hal_rcc_ex.o
      2176         84          0          0          0      17800   stm32f3xx_hal_uart.o
         2          0          0          0          0        852   stm32f3xx_hal_uart_ex.o
       230         78          0          0          0       9795   stm32f3xx_it.o
       104         22         24          4          0       1139   system_stm32f3xx.o

    ----------------------------------------------------------------------
     14564        784        480        112      10732     719658   Object Totals
         0          0         32          0          0          0   (incl. Generated)
        20          0          0          5          2          0   (incl. Padding)

    ----------------------------------------------------------------------

      Code (inc. data)   RO Data    RW Data    ZI Data      Debug   Library Member Name

         8          0          0          0          0         68   __main.o
         0          0          0          0          0          0   __rtentry.o
        12          0          0          0          0          0   __rtentry2.o
         6          0          0          0          0          0   __rtentry4.o
        52          8          0          0          0          0   __scatter.o
        26          0          0          0          0          0   __scatter_copy.o
        28          0          0          0          0          0   __scatter_zi.o
        22          0          0          0          0        100   _rserrno.o
        18          0          0          0          0         80   exit.o
         6          0          0          0          0        152   heapauxi.o
         0          0          0          0          0          0   indicate_semi.o
         2          0          0          0          0          0   libinit.o
         6          0          0          0          0          0   libinit2.o
         2          0          0          0          0          0   libshutdown.o
         2          0          0          0          0          0   libshutdown2.o
         8          4          0          0         96         68   libspace.o
        72          0          0          0          0         76   llsdiv.o
       238          0          0          0          0        100   lludivv7m.o
         8          4          0          0          0         68   rt_errno_addr_intlibspace.o
        78          0          0          0          0         80   rt_memclr_w.o
       138          0          0          0          0         68   rt_memcpy_v6.o
       100          0          0          0          0         80   rt_memcpy_w.o
         2          0          0          0          0          0   rtexit.o
        10          0          0          0          0          0   rtexit2.o
        12          4          0          0          0         68   sys_exit.o
        74          0          0          0          0         80   sys_stackheap_outer.o
         2          0          0          0          0         68   use_no_semi.o
        96          0          0          0          0        132   ffltll_clz.o
        10          0          0          0          0        116   fpinit.o
         0          0          0          0          0          0   usenofp.o
       300         42          0          0          0        176   asinf.o
       592         90          0          0          0        184   atan2f.o
       336         56          0          0          0        136   cosf.o
        38          0          0          0          0        116   fpclassifyf.o
        80         24          0          0          0        696   funder.o
      1636        110        320          0          0        372   powf.o
       340         24         32          0          0        160   rredf.o
       120          0          0          0          0        272   sqrtf.o
       380         58          0          0          0        200   tanf.o

    ----------------------------------------------------------------------
      4868        424        352          0        100       3716   Library Totals
         8          0          0          0          4          0   (incl. Padding)

    ----------------------------------------------------------------------

      Code (inc. data)   RO Data    RW Data    ZI Data      Debug   Library Name

       932         20          0          0         96       1156   c_w.l
       106          0          0          0          0        248   fz_wm.l
      3822        404        352          0          0       2312   m_wm.l

    ----------------------------------------------------------------------
      4868        424        352          0        100       3716   Library Totals

    ----------------------------------------------------------------------

==============================================================================


      Code (inc. data)   RO Data    RW Data    ZI Data      Debug   

     19432       1208        832        112      10832     706754   Grand Totals
     19432       1208        832        112      10832     706754   ELF Image Totals
     19432       1208        832        112          0          0   ROM Totals

==============================================================================

    Total RO  Size (Code + RO Data)                20264 (  19.79kB)
    Total RW  Size (RW Data + ZI Data)             10944 (  10.69kB)
    Total ROM Size (Code + RO Data + RW Data)      20376 (  19.90kB)

==============================================================================

