Component: ARM Compiler 5.06 update 6 (build 750) Tool: armlink [4d35ed]

==============================================================================

Section Cross References

    stm32f3xx_hal.o(i.HAL_DeInit) refers to stm32f3xx_hal.o(i.HAL_MspDeInit) for HAL_MspDeInit
    stm32f3xx_hal.o(i.HAL_Delay) refers to stm32f3xx_hal.o(i.HAL_GetTick) for HAL_GetTick
    stm32f3xx_hal.o(i.HAL_GetTick) refers to stm32f3xx_hal.o(.data) for .data
    stm32f3xx_hal.o(i.HAL_IncTick) refers to stm32f3xx_hal.o(.data) for .data
    stm32f3xx_hal.o(i.HAL_Init) refers to stm32f3xx_hal_cortex.o(i.HAL_NVIC_SetPriorityGrouping) for HAL_NVIC_SetPriorityGrouping
    stm32f3xx_hal.o(i.HAL_Init) refers to stm32f3xx_hal.o(i.HAL_InitTick) for HAL_InitTick
    stm32f3xx_hal.o(i.HAL_Init) refers to stm32f3xx_hal_msp.o(i.HAL_MspInit) for HAL_MspInit
    stm32f3xx_hal.o(i.HAL_InitTick) refers to stm32f3xx_hal_cortex.o(i.HAL_SYSTICK_Config) for HAL_SYSTICK_Config
    stm32f3xx_hal.o(i.HAL_InitTick) refers to stm32f3xx_hal_cortex.o(i.HAL_NVIC_SetPriority) for HAL_NVIC_SetPriority
    stm32f3xx_hal.o(i.HAL_InitTick) refers to system_stm32f3xx.o(.data) for SystemCoreClock
    stm32f3xx_hal_gpio.o(i.HAL_GPIO_EXTI_IRQHandler) refers to stm32f3xx_hal_gpio.o(i.HAL_GPIO_EXTI_Callback) for HAL_GPIO_EXTI_Callback
    stm32f3xx_hal_adc_ex.o(i.ADC_ConversionStop) refers to stm32f3xx_hal.o(i.HAL_GetTick) for HAL_GetTick
    stm32f3xx_hal_adc_ex.o(i.ADC_DMAConvCplt) refers to stm32f3xx_hal_adc.o(i.HAL_ADC_ConvCpltCallback) for HAL_ADC_ConvCpltCallback
    stm32f3xx_hal_adc_ex.o(i.ADC_DMAError) refers to stm32f3xx_hal_adc.o(i.HAL_ADC_ErrorCallback) for HAL_ADC_ErrorCallback
    stm32f3xx_hal_adc_ex.o(i.ADC_DMAHalfConvCplt) refers to stm32f3xx_hal_adc.o(i.HAL_ADC_ConvHalfCpltCallback) for HAL_ADC_ConvHalfCpltCallback
    stm32f3xx_hal_adc_ex.o(i.ADC_Disable) refers to stm32f3xx_hal.o(i.HAL_GetTick) for HAL_GetTick
    stm32f3xx_hal_adc_ex.o(i.ADC_Enable) refers to stm32f3xx_hal.o(i.HAL_GetTick) for HAL_GetTick
    stm32f3xx_hal_adc_ex.o(i.HAL_ADCEx_Calibration_Start) refers to stm32f3xx_hal_adc_ex.o(i.ADC_Disable) for ADC_Disable
    stm32f3xx_hal_adc_ex.o(i.HAL_ADCEx_Calibration_Start) refers to stm32f3xx_hal.o(i.HAL_GetTick) for HAL_GetTick
    stm32f3xx_hal_adc_ex.o(i.HAL_ADCEx_InjectedConfigChannel) refers to system_stm32f3xx.o(.data) for SystemCoreClock
    stm32f3xx_hal_adc_ex.o(i.HAL_ADCEx_InjectedPollForConversion) refers to stm32f3xx_hal.o(i.HAL_GetTick) for HAL_GetTick
    stm32f3xx_hal_adc_ex.o(i.HAL_ADCEx_InjectedStart) refers to stm32f3xx_hal_adc_ex.o(i.ADC_Enable) for ADC_Enable
    stm32f3xx_hal_adc_ex.o(i.HAL_ADCEx_InjectedStart_IT) refers to stm32f3xx_hal_adc_ex.o(i.ADC_Enable) for ADC_Enable
    stm32f3xx_hal_adc_ex.o(i.HAL_ADCEx_InjectedStop) refers to stm32f3xx_hal_adc_ex.o(i.ADC_ConversionStop) for ADC_ConversionStop
    stm32f3xx_hal_adc_ex.o(i.HAL_ADCEx_InjectedStop) refers to stm32f3xx_hal_adc_ex.o(i.ADC_Disable) for ADC_Disable
    stm32f3xx_hal_adc_ex.o(i.HAL_ADCEx_InjectedStop_IT) refers to stm32f3xx_hal_adc_ex.o(i.ADC_ConversionStop) for ADC_ConversionStop
    stm32f3xx_hal_adc_ex.o(i.HAL_ADCEx_InjectedStop_IT) refers to stm32f3xx_hal_adc_ex.o(i.ADC_Disable) for ADC_Disable
    stm32f3xx_hal_adc_ex.o(i.HAL_ADCEx_MultiModeStart_DMA) refers to stm32f3xx_hal_adc_ex.o(i.ADC_Enable) for ADC_Enable
    stm32f3xx_hal_adc_ex.o(i.HAL_ADCEx_MultiModeStart_DMA) refers to stm32f3xx_hal_dma.o(i.HAL_DMA_Start_IT) for HAL_DMA_Start_IT
    stm32f3xx_hal_adc_ex.o(i.HAL_ADCEx_MultiModeStart_DMA) refers to stm32f3xx_hal_adc_ex.o(i.ADC_DMAConvCplt) for ADC_DMAConvCplt
    stm32f3xx_hal_adc_ex.o(i.HAL_ADCEx_MultiModeStart_DMA) refers to stm32f3xx_hal_adc_ex.o(i.ADC_DMAHalfConvCplt) for ADC_DMAHalfConvCplt
    stm32f3xx_hal_adc_ex.o(i.HAL_ADCEx_MultiModeStart_DMA) refers to stm32f3xx_hal_adc_ex.o(i.ADC_DMAError) for ADC_DMAError
    stm32f3xx_hal_adc_ex.o(i.HAL_ADCEx_MultiModeStop_DMA) refers to stm32f3xx_hal_adc_ex.o(i.ADC_ConversionStop) for ADC_ConversionStop
    stm32f3xx_hal_adc_ex.o(i.HAL_ADCEx_MultiModeStop_DMA) refers to stm32f3xx_hal.o(i.HAL_GetTick) for HAL_GetTick
    stm32f3xx_hal_adc_ex.o(i.HAL_ADCEx_MultiModeStop_DMA) refers to stm32f3xx_hal_dma.o(i.HAL_DMA_Abort) for HAL_DMA_Abort
    stm32f3xx_hal_adc_ex.o(i.HAL_ADCEx_MultiModeStop_DMA) refers to stm32f3xx_hal_adc_ex.o(i.ADC_Disable) for ADC_Disable
    stm32f3xx_hal_adc_ex.o(i.HAL_ADCEx_RegularMultiModeStop_DMA) refers to stm32f3xx_hal_adc_ex.o(i.ADC_ConversionStop) for ADC_ConversionStop
    stm32f3xx_hal_adc_ex.o(i.HAL_ADCEx_RegularMultiModeStop_DMA) refers to stm32f3xx_hal.o(i.HAL_GetTick) for HAL_GetTick
    stm32f3xx_hal_adc_ex.o(i.HAL_ADCEx_RegularMultiModeStop_DMA) refers to stm32f3xx_hal_dma.o(i.HAL_DMA_Abort) for HAL_DMA_Abort
    stm32f3xx_hal_adc_ex.o(i.HAL_ADCEx_RegularMultiModeStop_DMA) refers to stm32f3xx_hal_adc_ex.o(i.ADC_Disable) for ADC_Disable
[...]
    Removing stm32f3xx_hal_uart.o(i.HAL_UART_AbortCpltCallback), (2 bytes).
    Removing stm32f3xx_hal_uart.o(i.HAL_UART_AbortReceive), (76 bytes).
    Removing stm32f3xx_hal_uart.o(i.HAL_UART_AbortReceiveCpltCallback), (2 bytes).
    Removing stm32f3xx_hal_uart.o(i.HAL_UART_AbortReceive_IT), (108 bytes).
    Removing stm32f3xx_hal_uart.o(i.HAL_UART_AbortTransmit), (58 bytes).
    Removing stm32f3xx_hal_uart.o(i.HAL_UART_AbortTransmitCpltCallback), (2 bytes).
    Removing stm32f3xx_hal_uart.o(i.HAL_UART_AbortTransmit_IT), (84 bytes).
    Removing stm32f3xx_hal_uart.o(i.HAL_UART_Abort_IT), (180 bytes).
    Removing stm32f3xx_hal_uart.o(i.HAL_UART_DMAPause), (98 bytes).
    Removing stm32f3xx_hal_uart.o(i.HAL_UART_DMAResume), (92 bytes).
    Removing stm32f3xx_hal_uart.o(i.HAL_UART_DeInit), (64 bytes).
    Removing stm32f3xx_hal_uart.o(i.HAL_UART_GetError), (4 bytes).
    Removing stm32f3xx_hal_uart.o(i.HAL_UART_GetState), (10 bytes).
    Removing stm32f3xx_hal_uart.o(i.HAL_UART_MspDeInit), (2 bytes).
    Removing stm32f3xx_hal_uart.o(i.HAL_UART_Receive), (210 bytes).
    Removing stm32f3xx_hal_uart.o(i.HAL_UART_Receive_IT), (122 bytes).
    Removing stm32f3xx_hal_uart.o(i.HAL_UART_Transmit), (180 bytes).
    Removing stm32f3xx_hal_uart.o(i.HAL_UART_Transmit_IT), (62 bytes).
    Removing stm32f3xx_hal_uart.o(i.UART_DMARxAbortCallback), (52 bytes).
    Removing stm32f3xx_hal_uart.o(i.UART_DMARxOnlyAbortCallback), (28 bytes).
    Removing stm32f3xx_hal_uart.o(i.UART_DMATxAbortCallback), (52 bytes).
    Removing stm32f3xx_hal_uart.o(i.UART_DMATxOnlyAbortCallback), (22 bytes).
    Removing stm32f3xx_hal_uart.o(i.UART_Wakeup_AddressConfig), (30 bytes).
    Removing stm32f3xx_hal_uart_ex.o(.rev16_text), (4 bytes).
    Removing stm32f3xx_hal_uart_ex.o(.revsh_text), (4 bytes).
    Removing stm32f3xx_hal_uart_ex.o(.rrx_text), (6 bytes).
    Removing stm32f3xx_hal_uart_ex.o(i.HAL_MultiProcessorEx_AddressLength_Set), (48 bytes).
    Removing stm32f3xx_hal_uart_ex.o(i.HAL_RS485Ex_Init), (140 bytes).
    Removing stm32f3xx_hal_uart_ex.o(i.HAL_UARTEx_DisableStopMode), (46 bytes).
    Removing stm32f3xx_hal_uart_ex.o(i.HAL_UARTEx_EnableStopMode), (46 bytes).
    Removing stm32f3xx_hal_uart_ex.o(i.HAL_UARTEx_StopModeWakeUpSourceConfig), (118 bytes).
    Removing stm32f3xx_hal_usart.o(.rev16_text), (4 bytes).
    Removing stm32f3xx_hal_usart.o(.revsh_text), (4 bytes).
    Removing stm32f3xx_hal_usart.o(.rrx_text), (6 bytes).
    Removing stm32f3xx_hal_usart.o(i.HAL_USART_Abort), (106 bytes).
    Removing stm32f3xx_hal_usart.o(i.HAL_USART_AbortCpltCallback), (2 bytes).
    Removing stm32f3xx_hal_usart.o(i.HAL_USART_Abort_IT), (172 bytes).
    Removing stm32f3xx_hal_usart.o(i.HAL_USART_DMAPause), (122 bytes).
    Removing stm32f3xx_hal_usart.o(i.HAL_USART_DMAResume), (102 bytes).
    Removing stm32f3xx_hal_usart.o(i.HAL_USART_DMAStop), (56 bytes).
    Removing stm32f3xx_hal_usart.o(i.HAL_USART_DeInit), (50 bytes).
    Removing stm32f3xx_hal_usart.o(i.HAL_USART_ErrorCallback), (2 bytes).
    Removing stm32f3xx_hal_usart.o(i.HAL_USART_GetError), (4 bytes).
    Removing stm32f3xx_hal_usart.o(i.HAL_USART_GetState), (6 bytes).
    Removing stm32f3xx_hal_usart.o(i.HAL_USART_IRQHandler), (368 bytes).
    Removing stm32f3xx_hal_usart.o(i.HAL_USART_Init), (96 bytes).
    Removing stm32f3xx_hal_usart.o(i.HAL_USART_MspDeInit), (2 bytes).
    Removing stm32f3xx_hal_usart.o(i.HAL_USART_MspInit), (2 bytes).
    Removing stm32f3xx_hal_usart.o(i.HAL_USART_Receive), (218 bytes).
    Removing stm32f3xx_hal_usart.o(i.HAL_USART_Receive_DMA), (188 bytes).
    Removing stm32f3xx_hal_usart.o(i.HAL_USART_Receive_IT), (134 bytes).
    Removing stm32f3xx_hal_usart.o(i.HAL_USART_RxCpltCallback), (2 bytes).
    Removing stm32f3xx_hal_usart.o(i.HAL_USART_RxHalfCpltCallback), (2 bytes).
    Removing stm32f3xx_hal_usart.o(i.HAL_USART_Transmit), (168 bytes).
    Removing stm32f3xx_hal_usart.o(i.HAL_USART_TransmitReceive), (254 bytes).
    Removing stm32f3xx_hal_usart.o(i.HAL_USART_TransmitReceive_DMA), (208 bytes).
    Removing stm32f3xx_hal_usart.o(i.HAL_USART_TransmitReceive_IT), (134 bytes).
    Removing stm32f3xx_hal_usart.o(i.HAL_USART_Transmit_DMA), (124 bytes).
    Removing stm32f3xx_hal_usart.o(i.HAL_USART_Transmit_IT), (62 bytes).
    Removing stm32f3xx_hal_usart.o(i.HAL_USART_TxCpltCallback), (2 bytes).
    Removing stm32f3xx_hal_usart.o(i.HAL_USART_TxHalfCpltCallback), (2 bytes).
    Removing stm32f3xx_hal_usart.o(i.HAL_USART_TxRxCpltCallback), (2 bytes).
    Removing stm32f3xx_hal_usart.o(i.USART_CheckIdleState), (140 bytes).
    Removing stm32f3xx_hal_usart.o(i.USART_DMAAbortOnError), (16 bytes).
    Removing stm32f3xx_hal_usart.o(i.USART_DMAError), (38 bytes).
    Removing stm32f3xx_hal_usart.o(i.USART_DMAReceiveCplt), (106 bytes).
    Removing stm32f3xx_hal_usart.o(i.USART_DMARxAbortCallback), (44 bytes).
    Removing stm32f3xx_hal_usart.o(i.USART_DMARxHalfCplt), (10 bytes).
    Removing stm32f3xx_hal_usart.o(i.USART_DMATransmitCplt), (62 bytes).
    Removing stm32f3xx_hal_usart.o(i.USART_DMATxAbortCallback), (44 bytes).
    Removing stm32f3xx_hal_usart.o(i.USART_DMATxHalfCplt), (10 bytes).
    Removing stm32f3xx_hal_usart.o(i.USART_EndTransfer), (28 bytes).
    Removing stm32f3xx_hal_usart.o(i.USART_Receive_IT), (114 bytes).
    Removing stm32f3xx_hal_usart.o(i.USART_SetConfig), (256 bytes).
    Removing stm32f3xx_hal_usart.o(i.USART_TransmitReceive_IT), (192 bytes).
    Removing stm32f3xx_hal_usart.o(i.USART_Transmit_IT), (94 bytes).
    Removing stm32f3xx_hal_usart.o(i.USART_WaitOnFlagUntilTimeout), (96 bytes).
    Removing main.o(.rev16_text), (4 bytes).
    Removing main.o(.revsh_text), (4 bytes).
    Removing main.o(.rrx_text), (6 bytes).
    Removing stm32f3xx_it.o(.rev16_text), (4 bytes).
    Removing stm32f3xx_it.o(.revsh_text), (4 bytes).
    Removing stm32f3xx_it.o(.rrx_text), (6 bytes).
    Removing stm32f3xx_hal_msp.o(.rev16_text), (4 bytes).
    Removing stm32f3xx_hal_msp.o(.revsh_text), (4 bytes).
    Removing stm32f3xx_hal_msp.o(.rrx_text), (6 bytes).
    Removing system_stm32f3xx.o(.rev16_text), (4 bytes).
    Removing system_stm32f3xx.o(.revsh_text), (4 bytes).
    Removing system_stm32f3xx.o(.rrx_text), (6 bytes).
    Removing system_stm32f3xx.o(i.SystemCoreClockUpdate), (112 bytes).
    Removing dri_buzzer.o(.rev16_text), (4 bytes).
    Removing dri_buzzer.o(.revsh_text), (4 bytes).
    Removing dri_buzzer.o(.rrx_text), (6 bytes).
    Removing dri_buzzer.o(i.Buzzer_Negative), (4 bytes).
    Removing dri_buzzer.o(i.Buzzer_OFF), (4 bytes).
    Removing dri_buzzer.o(i.Buzzer_ON), (4 bytes).
    Removing dri_led.o(.rev16_text), (4 bytes).
    Removing dri_led.o(.revsh_text), (4 bytes).
    Removing dri_led.o(.rrx_text), (6 bytes).
    Removing dri_led.o(i.Sys_LED_OFF), (4 bytes).
    Removing dri_led.o(i.Sys_LED_ON), (4 bytes).
    Removing dri_systick.h.o(.rev16_text), (4 bytes).
    Removing dri_systick.h.o(.revsh_text), (4 bytes).
    Removing dri_systick.h.o(.rrx_text), (6 bytes).
    Removing dri_systick.h.o(i.DelayHour_Block), (28 bytes).
    Removing dri_systick.h.o(i.DelayMS_Block), (28 bytes).
    Removing dri_systick.h.o(i.DelayMin_Block), (28 bytes).
    Removing dri_systick.h.o(i.DelaySec_Block), (24 bytes).
    Removing dri_systick.h.o(i.DelayUs_Block), (16 bytes).
    Removing dri_systick.h.o(i.GetSystemTime), (12 bytes).
    Removing dri_systick.h.o(i.SystemTime_Init), (4 bytes).
    Removing dri_systick.h.o(.constdata), (4 bytes).
    Removing dri_systick.h.o(.constdata), (4 bytes).
    Removing dri_systick.h.o(.constdata), (4 bytes).
    Removing dri_systick.h.o(.constdata), (4 bytes).
    Removing dri_systick.h.o(.constdata), (4 bytes).
    Removing dri_systick.h.o(.constdata), (4 bytes).
    Removing har_systick.o(.rev16_text), (4 bytes).
    Removing har_systick.o(.revsh_text), (4 bytes).
    Removing har_systick.o(.rrx_text), (6 bytes).
    Removing har_led.o(.rev16_text), (4 bytes).
    Removing har_led.o(.revsh_text), (4 bytes).
    Removing har_led.o(.rrx_text), (6 bytes).
    Removing har_led.o(i.Sys_LED_PinReSet), (16 bytes).
    Removing har_led.o(i.Sys_LED_PinSet), (16 bytes).
    Removing har_led.o(i.Sys_LED_PinState), (12 bytes).
    Removing har_buzzer.o(.rev16_text), (4 bytes).
    Removing har_buzzer.o(.revsh_text), (4 bytes).
    Removing har_buzzer.o(.rrx_text), (6 bytes).
    Removing har_buzzer.o(i.Buzzer_PinNegative), (40 bytes).
    Removing har_buzzer.o(i.Buzzer_PinReSet), (16 bytes).
    Removing har_buzzer.o(i.Buzzer_PinSet), (16 bytes).
    Removing har_buzzer.o(i.Buzzer_PinState), (16 bytes).
    Removing har_uart.o(.rev16_text), (4 bytes).
    Removing har_uart.o(.revsh_text), (4 bytes).
    Removing har_uart.o(.rrx_text), (6 bytes).
    Removing har_uart.o(i.DMA_Usart1_Read), (56 bytes).
    Removing har_uart.o(i.USART3_UART_Init), (100 bytes).
    Removing har_stm32_dma.o(.rev16_text), (4 bytes).
    Removing har_stm32_dma.o(.revsh_text), (4 bytes).
    Removing har_stm32_dma.o(.rrx_text), (6 bytes).
    Removing har_stm32_dma.o(i.STM32_DMA_Init), (124 bytes).

663 unused section(s) (total 51450 bytes) removed from the image.

==============================================================================

Image Symbol Table

    Local Symbols

    Symbol Name                              Value     Ov Type        Size  Object(Section)

    ../clib/angel/boardlib.s                 0x00000000   Number         0  boardshut.o ABSOLUTE
    ../clib/angel/boardlib.s                 0x00000000   Number         0  boardinit1.o ABSOLUTE
    ../clib/angel/boardlib.s                 0x00000000   Number         0  boardinit2.o ABSOLUTE
    ../clib/angel/boardlib.s                 0x00000000   Number         0  boardinit3.o ABSOLUTE
    ../clib/angel/handlers.s                 0x00000000   Number         0  __scatter_copy.o ABSOLUTE
    ../clib/angel/handlers.s                 0x00000000   Number         0  __scatter_zi.o ABSOLUTE
    ../clib/angel/kernel.s                   0x00000000   Number         0  __rtentry4.o ABSOLUTE
    ../clib/angel/kernel.s                   0x00000000   Number         0  __rtentry.o ABSOLUTE
    ../clib/angel/kernel.s                   0x00000000   Number         0  rtexit2.o ABSOLUTE
    ../clib/angel/kernel.s                   0x00000000   Number         0  __rtentry2.o ABSOLUTE
    ../clib/angel/kernel.s                   0x00000000   Number         0  rtexit.o ABSOLUTE
    ../clib/angel/rt.s                       0x00000000   Number         0  rt_raise.o ABSOLUTE
    ../clib/angel/scatter.s                  0x00000000   Number         0  __scatter.o ABSOLUTE
    ../clib/angel/startup.s                  0x00000000   Number         0  __main.o ABSOLUTE
    ../clib/angel/sys.s                      0x00000000   Number         0  sys_stackheap_outer.o ABSOLUTE
    ../clib/angel/sys.s                      0x00000000   Number         0  libspace.o ABSOLUTE
    ../clib/angel/sys.s                      0x00000000   Number         0  indicate_semi.o ABSOLUTE
    ../clib/angel/sys.s                      0x00000000   Number         0  use_no_semi.o ABSOLUTE
    ../clib/angel/sysapp.c                   0x00000000   Number         0  sys_exit.o ABSOLUTE
    ../clib/angel/sysapp.c                   0x00000000   Number         0  sys_wrch.o ABSOLUTE
    ../clib/angel/sysapp.c                   0x00000000   Number         0  sys_command.o ABSOLUTE
    ../clib/armsys.c                         0x00000000   Number         0  argv_veneer.o ABSOLUTE
    ../clib/armsys.c                         0x00000000   Number         0  argv_veneer.o ABSOLUTE
    ../clib/armsys.c                         0x00000000   Number         0  _get_argv_nomalloc.o ABSOLUTE
    ../clib/armsys.c                         0x00000000   Number         0  no_argv.o ABSOLUTE
    ../clib/heapalloc.c                      0x00000000   Number         0  hrguard.o ABSOLUTE
    ../clib/heapaux.c                        0x00000000   Number         0  heapauxi.o ABSOLUTE
    ../clib/libinit.s                        0x00000000   Number         0  libinit.o ABSOLUTE
    ../clib/libinit.s                        0x00000000   Number         0  libinit2.o ABSOLUTE
    ../clib/libinit.s                        0x00000000   Number         0  libshutdown2.o ABSOLUTE
    ../clib/libinit.s                        0x00000000   Number         0  libshutdown.o ABSOLUTE
    ../clib/longlong.s                       0x00000000   Number         0  llushr.o ABSOLUTE
    ../clib/memcpset.s                       0x00000000   Number         0  rt_memcpy_v6.o ABSOLUTE
    ../clib/memcpset.s                       0x00000000   Number         0  rt_memcpy_w.o ABSOLUTE
    ../clib/signal.c                         0x00000000   Number         0  defsig_pvfn_inner.o ABSOLUTE
    ../clib/signal.c                         0x00000000   Number         0  defsig_stak_inner.o ABSOLUTE
    ../clib/signal.c                         0x00000000   Number         0  defsig_rtred_inner.o ABSOLUTE
    ../clib/signal.c                         0x00000000   Number         0  defsig_fpe_inner.o ABSOLUTE
    ../clib/signal.c                         0x00000000   Number         0  defsig_other.o ABSOLUTE
    ../clib/signal.c                         0x00000000   Number         0  defsig_abrt_inner.o ABSOLUTE
    ../clib/signal.c                         0x00000000   Number         0  defsig_general.o ABSOLUTE
    ../clib/signal.c                         0x00000000   Number         0  __raise.o ABSOLUTE
    ../clib/signal.c                         0x00000000   Number         0  defsig_rtmem_inner.o ABSOLUTE
    ../clib/signal.c                         0x00000000   Number         0  defsig_exit.o ABSOLUTE
    ../clib/signal.c                         0x00000000   Number         0  defsig_rtmem_formal.o ABSOLUTE
    ../clib/signal.c                         0x00000000   Number         0  defsig_rtmem_outer.o ABSOLUTE
    ../clib/signal.c                         0x00000000   Number         0  defsig_segv_inner.o ABSOLUTE
    ../clib/signal.c                         0x00000000   Number         0  defsig_cppl_inner.o ABSOLUTE
    ../clib/signal.s                         0x00000000   Number         0  defsig.o ABSOLUTE
    ../clib/stdlib.c                         0x00000000   Number         0  exit.o ABSOLUTE
    ../fplib/fpinit.s                        0x00000000   Number         0  fpinit.o ABSOLUTE
    ..\Devices\Drivers\Src\Dri_Buzzer.c      0x00000000   Number         0  dri_buzzer.o ABSOLUTE
    ..\Devices\Drivers\Src\Dri_HMC5883L.c    0x00000000   Number         0  dri_hmc5883l.o ABSOLUTE
    ..\Devices\Drivers\Src\Dri_LED.c         0x00000000   Number         0  dri_led.o ABSOLUTE
    ..\Devices\Drivers\Src\Dri_MPU6050.c     0x00000000   Number         0  dri_mpu6050.o ABSOLUTE
    ..\Devices\Drivers\Src\Dri_MS5611.c      0x00000000   Number         0  dri_ms5611.o ABSOLUTE
    ..\Devices\Drivers\Src\Dri_Uart.c        0x00000000   Number         0  dri_uart.o ABSOLUTE
    ..\Devices\Drivers\Src\Dri_W25Q64.c      0x00000000   Number         0  dri_w25q64.o ABSOLUTE
    ..\Devices\Drivers\Src\Har_SysTick.c     0x00000000   Number         0  har_systick.o ABSOLUTE
    ..\Devices\HardWare\Src\Dri_SysTick.h.c  0x00000000   Number         0  dri_systick.h.o ABSOLUTE
    ..\Devices\HardWare\Src\Har_Buzzer.c     0x00000000   Number         0  har_buzzer.o ABSOLUTE
    ..\Devices\HardWare\Src\Har_HMC5883L.c   0x00000000   Number         0  har_hmc5883l.o ABSOLUTE
    ..\Devices\HardWare\Src\Har_LED.c        0x00000000   Number         0  har_led.o ABSOLUTE
    ..\Devices\HardWare\Src\Har_MPU6050.c    0x00000000   Number         0  har_mpu6050.o ABSOLUTE
    ..\Devices\HardWare\Src\Har_MS5611.c     0x00000000   Number         0  har_ms5611.o ABSOLUTE
    ..\Devices\HardWare\Src\Har_Uart.c       0x00000000   Number         0  har_uart.o ABSOLUTE
    ..\Devices\HardWare\Src\Har_W25Q64.c     0x00000000   Number         0  har_w25q64.o ABSOLUTE
    ..\Devices\HardWare\Src\Har_stm32_dma.c  0x00000000   Number         0  har_stm32_dma.o ABSOLUTE
    ..\System\Dev\startup_stm32f303xc.s      0x00000000   Number         0  startup_stm32f303xc.o ABSOLUTE
    ..\System\Hal_Lib\Src\stm32f3xx_hal.c    0x00000000   Number         0  stm32f3xx_hal.o ABSOLUTE
    ..\System\Hal_Lib\Src\stm32f3xx_hal_adc.c 0x00000000   Number         0  stm32f3xx_hal_adc.o ABSOLUTE
    ..\System\Hal_Lib\Src\stm32f3xx_hal_adc_ex.c 0x00000000   Number         0  stm32f3xx_hal_adc_ex.o ABSOLUTE
    ..\System\Hal_Lib\Src\stm32f3xx_hal_cortex.c 0x00000000   Number         0  stm32f3xx_hal_cortex.o ABSOLUTE
    ..\System\Hal_Lib\Src\stm32f3xx_hal_dma.c 0x00000000   Number         0  stm32f3xx_hal_dma.o ABSOLUTE
    ..\System\Hal_Lib\Src\stm32f3xx_hal_flash.c 0x00000000   Number         0  stm32f3xx_hal_flash.o ABSOLUTE
    ..\System\Hal_Lib\Src\stm32f3xx_hal_flash_ex.c 0x00000000   Number         0  stm32f3xx_hal_flash_ex.o ABSOLUTE
    ..\System\Hal_Lib\Src\stm32f3xx_hal_gpio.c 0x00000000   Number         0  stm32f3xx_hal_gpio.o ABSOLUTE
    ..\System\Hal_Lib\Src\stm32f3xx_hal_i2c.c 0x00000000   Number         0  stm32f3xx_hal_i2c.o ABSOLUTE
    ..\System\Hal_Lib\Src\stm32f3xx_hal_i2c_ex.c 0x00000000   Number         0  stm32f3xx_hal_i2c_ex.o ABSOLUTE
    ..\System\Hal_Lib\Src\stm32f3xx_hal_pwr.c 0x00000000   Number         0  stm32f3xx_hal_pwr.o ABSOLUTE
    ..\System\Hal_Lib\Src\stm32f3xx_hal_pwr_ex.c 0x00000000   Number         0  stm32f3xx_hal_pwr_ex.o ABSOLUTE
    ..\System\Hal_Lib\Src\stm32f3xx_hal_rcc.c 0x00000000   Number         0  stm32f3xx_hal_rcc.o ABSOLUTE
    ..\System\Hal_Lib\Src\stm32f3xx_hal_rcc_ex.c 0x00000000   Number         0  stm32f3xx_hal_rcc_ex.o ABSOLUTE
    ..\System\Hal_Lib\Src\stm32f3xx_hal_spi.c 0x00000000   Number         0  stm32f3xx_hal_spi.o ABSOLUTE
    ..\System\Hal_Lib\Src\stm32f3xx_hal_spi_ex.c 0x00000000   Number         0  stm32f3xx_hal_spi_ex.o ABSOLUTE
    ..\System\Hal_Lib\Src\stm32f3xx_hal_tim.c 0x00000000   Number         0  stm32f3xx_hal_tim.o ABSOLUTE
    ..\System\Hal_Lib\Src\stm32f3xx_hal_tim_ex.c 0x00000000   Number         0  stm32f3xx_hal_tim_ex.o ABSOLUTE
    ..\System\Hal_Lib\Src\stm32f3xx_hal_uart.c 0x00000000   Number         0  stm32f3xx_hal_uart.o ABSOLUTE
    ..\System\Hal_Lib\Src\stm32f3xx_hal_uart_ex.c 0x00000000   Number         0  stm32f3xx_hal_uart_ex.o ABSOLUTE
    ..\System\Hal_Lib\Src\stm32f3xx_hal_usart.c 0x00000000   Number         0  stm32f3xx_hal_usart.o ABSOLUTE
    ..\USER\Src\main.c                       0x00000000   Number         0  main.o ABSOLUTE
    ..\USER\Src\stm32f3xx_hal_msp.c          0x00000000   Number         0  stm32f3xx_hal_msp.o ABSOLUTE
    ..\USER\Src\stm32f3xx_it.c               0x00000000   Number         0  stm32f3xx_it.o ABSOLUTE
    ..\USER\Src\system_stm32f3xx.c           0x00000000   Number         0  system_stm32f3xx.o ABSOLUTE
    ..\\Devices\\Drivers\\Src\\Dri_Buzzer.c  0x00000000   Number         0  dri_buzzer.o ABSOLUTE
    ..\\Devices\\Drivers\\Src\\Dri_LED.c     0x00000000   Number         0  dri_led.o ABSOLUTE
    ..\\Devices\\Drivers\\Src\\Har_SysTick.c 0x00000000   Number         0  har_systick.o ABSOLUTE
    ..\\Devices\\HardWare\\Src\\Dri_SysTick.h.c 0x00000000   Number         0  dri_systick.h.o ABSOLUTE
    ..\\Devices\\HardWare\\Src\\Har_Buzzer.c 0x00000000   Number         0  har_buzzer.o ABSOLUTE
    ..\\Devices\\HardWare\\Src\\Har_LED.c    0x00000000   Number         0  har_led.o ABSOLUTE
    ..\\Devices\\HardWare\\Src\\Har_Uart.c   0x00000000   Number         0  har_uart.o ABSOLUTE
    ..\\Devices\\HardWare\\Src\\Har_stm32_dma.c 0x00000000   Number         0  har_stm32_dma.o ABSOLUTE
    ..\\System\\Hal_Lib\\Src\\stm32f3xx_hal.c 0x00000000   Number         0  stm32f3xx_hal.o ABSOLUTE
    ..\\System\\Hal_Lib\\Src\\stm32f3xx_hal_adc.c 0x00000000   Number         0  stm32f3xx_hal_adc.o ABSOLUTE
    ..\\System\\Hal_Lib\\Src\\stm32f3xx_hal_adc_ex.c 0x00000000   Number         0  stm32f3xx_hal_adc_ex.o ABSOLUTE
    ..\\System\\Hal_Lib\\Src\\stm32f3xx_hal_cortex.c 0x00000000   Number         0  stm32f3xx_hal_cortex.o ABSOLUTE
    ..\\System\\Hal_Lib\\Src\\stm32f3xx_hal_dma.c 0x00000000   Number         0  stm32f3xx_hal_dma.o ABSOLUTE
    ..\\System\\Hal_Lib\\Src\\stm32f3xx_hal_flash.c 0x00000000   Number         0  stm32f3xx_hal_flash.o ABSOLUTE
    ..\\System\\Hal_Lib\\Src\\stm32f3xx_hal_flash_ex.c 0x00000000   Number         0  stm32f3xx_hal_flash_ex.o ABSOLUTE
    ..\\System\\Hal_Lib\\Src\\stm32f3xx_hal_gpio.c 0x00000000   Number         0  stm32f3xx_hal_gpio.o ABSOLUTE
    ..\\System\\Hal_Lib\\Src\\stm32f3xx_hal_i2c.c 0x00000000   Number         0  stm32f3xx_hal_i2c.o ABSOLUTE
    ..\\System\\Hal_Lib\\Src\\stm32f3xx_hal_i2c_ex.c 0x00000000   Number         0  stm32f3xx_hal_i2c_ex.o ABSOLUTE
    ..\\System\\Hal_Lib\\Src\\stm32f3xx_hal_pwr.c 0x00000000   Number         0  stm32f3xx_hal_pwr.o ABSOLUTE
    ..\\System\\Hal_Lib\\Src\\stm32f3xx_hal_pwr_ex.c 0x00000000   Number         0  stm32f3xx_hal_pwr_ex.o ABSOLUTE
    ..\\System\\Hal_Lib\\Src\\stm32f3xx_hal_rcc.c 0x00000000   Number         0  stm32f3xx_hal_rcc.o ABSOLUTE
    ..\\System\\Hal_Lib\\Src\\stm32f3xx_hal_rcc_ex.c 0x00000000   Number         0  stm32f3xx_hal_rcc_ex.o ABSOLUTE
    ..\\System\\Hal_Lib\\Src\\stm32f3xx_hal_spi.c 0x00000000   Number         0  stm32f3xx_hal_spi.o ABSOLUTE
    ..\\System\\Hal_Lib\\Src\\stm32f3xx_hal_spi_ex.c 0x00000000   Number         0  stm32f3xx_hal_spi_ex.o ABSOLUTE
    ..\\System\\Hal_Lib\\Src\\stm32f3xx_hal_tim.c 0x00000000   Number         0  stm32f3xx_hal_tim.o ABSOLUTE
    ..\\System\\Hal_Lib\\Src\\stm32f3xx_hal_tim_ex.c 0x00000000   Number         0  stm32f3xx_hal_tim_ex.o ABSOLUTE
    ..\\System\\Hal_Lib\\Src\\stm32f3xx_hal_uart.c 0x00000000   Number         0  stm32f3xx_hal_uart.o ABSOLUTE
    ..\\System\\Hal_Lib\\Src\\stm32f3xx_hal_uart_ex.c 0x00000000   Number         0  stm32f3xx_hal_uart_ex.o ABSOLUTE
    ..\\System\\Hal_Lib\\Src\\stm32f3xx_hal_usart.c 0x00000000   Number         0  stm32f3xx_hal_usart.o ABSOLUTE
    ..\\USER\\Src\\main.c                    0x00000000   Number         0  main.o ABSOLUTE
    ..\\USER\\Src\\stm32f3xx_hal_msp.c       0x00000000   Number         0  stm32f3xx_hal_msp.o ABSOLUTE
    ..\\USER\\Src\\stm32f3xx_it.c            0x00000000   Number         0  stm32f3xx_it.o ABSOLUTE
    ..\\USER\\Src\\system_stm32f3xx.c        0x00000000   Number         0  system_stm32f3xx.o ABSOLUTE
    dc.s                                     0x00000000   Number         0  dc.o ABSOLUTE
    RESET                                    0x08000000   Section      392  startup_stm32f303xc.o(RESET)
    !!!main                                  0x08000188   Section        8  __main.o(!!!main)
    !!!scatter                               0x08000190   Section       52  __scatter.o(!!!scatter)
    !!handler_copy                           0x080001c4   Section       26  __scatter_copy.o(!!handler_copy)
    !!handler_zi                             0x080001e0   Section       28  __scatter_zi.o(!!handler_zi)
    .ARM.Collect$$libinit$$00000000          0x080001fc   Section        2  libinit.o(.ARM.Collect$$libinit$$00000000)
    .ARM.Collect$$libinit$$00000001          0x080001fe   Section        4  libinit2.o(.ARM.Collect$$libinit$$00000001)
    .ARM.Collect$$libinit$$00000004          0x08000202   Section        0  libinit2.o(.ARM.Collect$$libinit$$00000004)
    .ARM.Collect$$libinit$$0000000A          0x08000202   Section        0  libinit2.o(.ARM.Collect$$libinit$$0000000A)
    .ARM.Collect$$libinit$$0000000C          0x08000202   Section        0  libinit2.o(.ARM.Collect$$libinit$$0000000C)
    .ARM.Collect$$libinit$$0000000E          0x08000202   Section        0  libinit2.o(.ARM.Collect$$libinit$$0000000E)
    .ARM.Collect$$libinit$$00000011          0x08000202   Section        0  libinit2.o(.ARM.Collect$$libinit$$00000011)
    .ARM.Collect$$libinit$$00000013          0x08000202   Section        0  libinit2.o(.ARM.Collect$$libinit$$00000013)
    .ARM.Collect$$libinit$$00000015          0x08000202   Section        0  libinit2.o(.ARM.Collect$$libinit$$00000015)
    .ARM.Collect$$libinit$$00000017          0x08000202   Section        0  libinit2.o(.ARM.Collect$$libinit$$00000017)
    .ARM.Collect$$libinit$$00000019          0x08000202   Section        0  libinit2.o(.ARM.Collect$$libinit$$00000019)
    .ARM.Collect$$libinit$$0000001B          0x08000202   Section        0  libinit2.o(.ARM.Collect$$libinit$$0000001B)
    .ARM.Collect$$libinit$$0000001D          0x08000202   Section        0  libinit2.o(.ARM.Collect$$libinit$$0000001D)
    .ARM.Collect$$libinit$$0000001F          0x08000202   Section        0  libinit2.o(.ARM.Collect$$libinit$$0000001F)
    .ARM.Collect$$libinit$$00000021          0x08000202   Section        0  libinit2.o(.ARM.Collect$$libinit$$00000021)
    .ARM.Collect$$libinit$$00000023          0x08000202   Section        0  libinit2.o(.ARM.Collect$$libinit$$00000023)
    .ARM.Collect$$libinit$$00000025          0x08000202   Section        0  libinit2.o(.ARM.Collect$$libinit$$00000025)
    .ARM.Collect$$libinit$$0000002C          0x08000202   Section        0  libinit2.o(.ARM.Collect$$libinit$$0000002C)
    .ARM.Collect$$libinit$$0000002E          0x08000202   Section        0  libinit2.o(.ARM.Collect$$libinit$$0000002E)
    .ARM.Collect$$libinit$$00000030          0x08000202   Section        0  libinit2.o(.ARM.Collect$$libinit$$00000030)
    .ARM.Collect$$libinit$$00000032          0x08000202   Section        0  libinit2.o(.ARM.Collect$$libinit$$00000032)
    .ARM.Collect$$libinit$$00000033          0x08000202   Section        2  libinit2.o(.ARM.Collect$$libinit$$00000033)
    .ARM.Collect$$libshutdown$$00000000      0x08000204   Section        2  libshutdown.o(.ARM.Collect$$libshutdown$$00000000)
    .ARM.Collect$$libshutdown$$00000002      0x08000206   Section        0  libshutdown2.o(.ARM.Collect$$libshutdown$$00000002)
    .ARM.Collect$$libshutdown$$00000004      0x08000206   Section        0  libshutdown2.o(.ARM.Collect$$libshutdown$$00000004)
    .ARM.Collect$$libshutdown$$00000007      0x08000206   Section        0  libshutdown2.o(.ARM.Collect$$libshutdown$$00000007)
    .ARM.Collect$$libshutdown$$0000000A      0x08000206   Section        0  libshutdown2.o(.ARM.Collect$$libshutdown$$0000000A)
    .ARM.Collect$$libshutdown$$0000000C      0x08000206   Section        0  libshutdown2.o(.ARM.Collect$$libshutdown$$0000000C)
    .ARM.Collect$$libshutdown$$0000000F      0x08000206   Section        0  libshutdown2.o(.ARM.Collect$$libshutdown$$0000000F)
    .ARM.Collect$$libshutdown$$00000010      0x08000206   Section        2  libshutdown2.o(.ARM.Collect$$libshutdown$$00000010)
    .ARM.Collect$$rtentry$$00000000          0x08000208   Section        0  __rtentry.o(.ARM.Collect$$rtentry$$00000000)
    .ARM.Collect$$rtentry$$00000002          0x08000208   Section        0  __rtentry2.o(.ARM.Collect$$rtentry$$00000002)
    .ARM.Collect$$rtentry$$00000004          0x08000208   Section        6  __rtentry4.o(.ARM.Collect$$rtentry$$00000004)
    .ARM.Collect$$rtentry$$00000009          0x0800020e   Section        0  __rtentry2.o(.ARM.Collect$$rtentry$$00000009)
    .ARM.Collect$$rtentry$$0000000A          0x0800020e   Section        4  __rtentry2.o(.ARM.Collect$$rtentry$$0000000A)
    .ARM.Collect$$rtentry$$0000000C          0x08000212   Section        0  __rtentry2.o(.ARM.Collect$$rtentry$$0000000C)
    .ARM.Collect$$rtentry$$0000000D          0x08000212   Section        8  __rtentry2.o(.ARM.Collect$$rtentry$$0000000D)
    .ARM.Collect$$rtexit$$00000000           0x0800021a   Section        2  rtexit.o(.ARM.Collect$$rtexit$$00000000)
    .ARM.Collect$$rtexit$$00000002           0x0800021c   Section        0  rtexit2.o(.ARM.Collect$$rtexit$$00000002)
    .ARM.Collect$$rtexit$$00000003           0x0800021c   Section        4  rtexit2.o(.ARM.Collect$$rtexit$$00000003)
    .ARM.Collect$$rtexit$$00000004           0x08000220   Section        6  rtexit2.o(.ARM.Collect$$rtexit$$00000004)
    .text                                    0x08000228   Section       64  startup_stm32f303xc.o(.text)
    $v0                                      0x08000228   Number         0  startup_stm32f303xc.o(.text)
    .text                                    0x08000268   Section      138  rt_memcpy_v6.o(.text)
    .text                                    0x080002f2   Section      100  rt_memcpy_w.o(.text)
    .text                                    0x08000356   Section        0  heapauxi.o(.text)
    .text                                    0x0800035c   Section       74  sys_stackheap_outer.o(.text)
    .text                                    0x080003a6   Section        0  exit.o(.text)
    .text                                    0x080003b8   Section        8  libspace.o(.text)
    .text                                    0x080003c0   Section        0  sys_exit.o(.text)
    .text                                    0x080003cc   Section        2  use_no_semi.o(.text)
    .text                                    0x080003ce   Section        0  indicate_semi.o(.text)
    i.BusFault_Handler                       0x080003ce   Section        0  stm32f3xx_it.o(i.BusFault_Handler)
    i.Buzzer_Init                            0x080003d0   Section        0  dri_buzzer.o(i.Buzzer_Init)
    i.Buzzer_PinInit                         0x080003d4   Section        0  har_buzzer.o(i.Buzzer_PinInit)
    i.CompareSysTime                         0x08000410   Section        0  dri_systick.h.o(i.CompareSysTime)
    i.DMA1_Channel2_IRQHandler               0x08000454   Section        0  stm32f3xx_it.o(i.DMA1_Channel2_IRQHandler)
    i.DMA1_Channel3_IRQHandler               0x08000460   Section        0  stm32f3xx_it.o(i.DMA1_Channel3_IRQHandler)
    i.DMA1_Channel4_IRQHandler               0x0800046c   Section        0  stm32f3xx_it.o(i.DMA1_Channel4_IRQHandler)
    i.DMA1_Channel5_IRQHandler               0x08000478   Section        0  stm32f3xx_it.o(i.DMA1_Channel5_IRQHandler)
    i.DMA1_Channel6_IRQHandler               0x08000484   Section        0  stm32f3xx_it.o(i.DMA1_Channel6_IRQHandler)
    i.DMA1_Channel7_IRQHandler               0x08000486   Section        0  stm32f3xx_it.o(i.DMA1_Channel7_IRQHandler)
    i.DMA_CalcBaseAndBitshift                0x08000488   Section        0  stm32f3xx_hal_dma.o(i.DMA_CalcBaseAndBitshift)
    DMA_CalcBaseAndBitshift                  0x08000489   Thumb Code    48  stm32f3xx_hal_dma.o(i.DMA_CalcBaseAndBitshift)
    i.DMA_SetConfig                          0x080004c4   Section        0  stm32f3xx_hal_dma.o(i.DMA_SetConfig)
    DMA_SetConfig                            0x080004c5   Thumb Code    42  stm32f3xx_hal_dma.o(i.DMA_SetConfig)
    i.DMA_UART1_SendThread                   0x080004f0   Section        0  har_uart.o(i.DMA_UART1_SendThread)
    i.DebugMon_Handler                       0x0800051c   Section        0  stm32f3xx_it.o(i.DebugMon_Handler)
    i.HAL_DMA_Abort                          0x0800051e   Section        0  stm32f3xx_hal_dma.o(i.HAL_DMA_Abort)
    i.HAL_DMA_Abort_IT                       0x0800054e   Section        0  stm32f3xx_hal_dma.o(i.HAL_DMA_Abort_IT)
    i.HAL_DMA_IRQHandler                     0x08000598   Section        0  stm32f3xx_hal_dma.o(i.HAL_DMA_IRQHandler)
    i.HAL_DMA_Init                           0x08000640   Section        0  stm32f3xx_hal_dma.o(i.HAL_DMA_Init)
    i.HAL_DMA_Start_IT                       0x08000696   Section        0  stm32f3xx_hal_dma.o(i.HAL_DMA_Start_IT)
    i.HAL_GPIO_Init                          0x08000708   Section        0  stm32f3xx_hal_gpio.o(i.HAL_GPIO_Init)
    i.HAL_GPIO_ReadPin                       0x08000890   Section        0  stm32f3xx_hal_gpio.o(i.HAL_GPIO_ReadPin)
    i.HAL_GPIO_WritePin                      0x0800089a   Section        0  stm32f3xx_hal_gpio.o(i.HAL_GPIO_WritePin)
    i.HAL_GetTick                            0x080008a4   Section        0  stm32f3xx_hal.o(i.HAL_GetTick)
    i.HAL_Init                               0x080008b0   Section        0  stm32f3xx_hal.o(i.HAL_Init)
    i.HAL_InitTick                           0x080008d4   Section        0  stm32f3xx_hal.o(i.HAL_InitTick)
    i.HAL_MspInit                            0x080008fc   Section        0  stm32f3xx_hal_msp.o(i.HAL_MspInit)
    i.HAL_NVIC_EnableIRQ                     0x0800097c   Section        0  stm32f3xx_hal_cortex.o(i.HAL_NVIC_EnableIRQ)
    i.HAL_NVIC_SetPriority                   0x08000994   Section        0  stm32f3xx_hal_cortex.o(i.HAL_NVIC_SetPriority)
    i.HAL_NVIC_SetPriorityGrouping           0x080009d4   Section        0  stm32f3xx_hal_cortex.o(i.HAL_NVIC_SetPriorityGrouping)
    i.HAL_RCCEx_PeriphCLKConfig              0x080009f8   Section        0  stm32f3xx_hal_rcc_ex.o(i.HAL_RCCEx_PeriphCLKConfig)
    i.HAL_RCC_ClockConfig                    0x08000c10   Section        0  stm32f3xx_hal_rcc.o(i.HAL_RCC_ClockConfig)
    i.HAL_RCC_GetHCLKFreq                    0x08000d98   Section        0  stm32f3xx_hal_rcc.o(i.HAL_RCC_GetHCLKFreq)
    i.HAL_RCC_GetPCLK1Freq                   0x08000da4   Section        0  stm32f3xx_hal_rcc.o(i.HAL_RCC_GetPCLK1Freq)
    i.HAL_RCC_GetPCLK2Freq                   0x08000dd4   Section        0  stm32f3xx_hal_rcc.o(i.HAL_RCC_GetPCLK2Freq)
    i.HAL_RCC_GetSysClockFreq                0x08000e04   Section        0  stm32f3xx_hal_rcc.o(i.HAL_RCC_GetSysClockFreq)
    i.HAL_RCC_OscConfig                      0x08000e68   Section        0  stm32f3xx_hal_rcc.o(i.HAL_RCC_OscConfig)
    i.HAL_SYSTICK_CLKSourceConfig            0x08001414   Section        0  stm32f3xx_hal_cortex.o(i.HAL_SYSTICK_CLKSourceConfig)
    i.HAL_SYSTICK_Config                     0x0800142c   Section        0  stm32f3xx_hal_cortex.o(i.HAL_SYSTICK_Config)
    i.HAL_UARTEx_WakeupCallback              0x08001454   Section        0  stm32f3xx_hal_uart_ex.o(i.HAL_UARTEx_WakeupCallback)
    i.HAL_UART_DMAStop                       0x08001456   Section        0  stm32f3xx_hal_uart.o(i.HAL_UART_DMAStop)
    i.HAL_UART_ErrorCallback                 0x080014aa   Section        0  stm32f3xx_hal_uart.o(i.HAL_UART_ErrorCallback)
    i.HAL_UART_IRQHandler                    0x080014ac   Section        0  stm32f3xx_hal_uart.o(i.HAL_UART_IRQHandler)
    i.HAL_UART_Init                          0x080015ec   Section        0  stm32f3xx_hal_uart.o(i.HAL_UART_Init)
    i.HAL_UART_MspInit                       0x08001656   Section        0  stm32f3xx_hal_uart.o(i.HAL_UART_MspInit)
    i.HAL_UART_Receive_DMA                   0x08001658   Section        0  stm32f3xx_hal_uart.o(i.HAL_UART_Receive_DMA)
    i.HAL_UART_RxCpltCallback                0x080016e8   Section        0  stm32f3xx_hal_uart.o(i.HAL_UART_RxCpltCallback)
    i.HAL_UART_RxHalfCpltCallback            0x080016ea   Section        0  stm32f3xx_hal_uart.o(i.HAL_UART_RxHalfCpltCallback)
    i.HAL_UART_Transmit_DMA                  0x080016ec   Section        0  stm32f3xx_hal_uart.o(i.HAL_UART_Transmit_DMA)
    i.HAL_UART_TxCpltCallback                0x08001774   Section        0  stm32f3xx_hal_uart.o(i.HAL_UART_TxCpltCallback)
    i.HAL_UART_TxHalfCpltCallback            0x08001776   Section        0  stm32f3xx_hal_uart.o(i.HAL_UART_TxHalfCpltCallback)
    i.HardFault_Handler                      0x08001778   Section        0  stm32f3xx_it.o(i.HardFault_Handler)
    i.I2C1_ER_IRQHandler                     0x0800177a   Section        0  stm32f3xx_it.o(i.I2C1_ER_IRQHandler)
    i.I2C1_EV_IRQHandler                     0x0800177c   Section        0  stm32f3xx_it.o(i.I2C1_EV_IRQHandler)
    i.MemManage_Handler                      0x0800177e   Section        0  stm32f3xx_it.o(i.MemManage_Handler)
    i.NMI_Handler                            0x08001780   Section        0  stm32f3xx_it.o(i.NMI_Handler)
    i.NVIC_SetPriority                       0x08001782   Section        0  stm32f3xx_hal_cortex.o(i.NVIC_SetPriority)
    NVIC_SetPriority                         0x08001783   Thumb Code    32  stm32f3xx_hal_cortex.o(i.NVIC_SetPriority)
    i.PendSV_Handler                         0x080017a2   Section        0  stm32f3xx_it.o(i.PendSV_Handler)
    i.ReSetTimerTemp                         0x080017a4   Section        0  dri_systick.h.o(i.ReSetTimerTemp)
    i.SVC_Handler                            0x080017aa   Section        0  stm32f3xx_it.o(i.SVC_Handler)
    i.SysTick_Handler                        0x080017ac   Section        0  stm32f3xx_it.o(i.SysTick_Handler)
    i.SysTick_Init                           0x080017bc   Section        0  har_systick.o(i.SysTick_Init)
    i.Sys_LED_Init                           0x080017f8   Section        0  dri_led.o(i.Sys_LED_Init)
    i.Sys_LED_Negative                       0x080017fc   Section        0  dri_led.o(i.Sys_LED_Negative)
    i.Sys_LED_PinInit                        0x08001800   Section        0  har_led.o(i.Sys_LED_PinInit)
    i.Sys_LED_PinNegative                    0x08001838   Section        0  har_led.o(i.Sys_LED_PinNegative)
    i.SystemClock_Config                     0x0800185c   Section        0  main.o(i.SystemClock_Config)
    i.SystemInit                             0x080018d0   Section        0  system_stm32f3xx.o(i.SystemInit)
    i.TIM7_IRQHandler                        0x08001938   Section        0  stm32f3xx_it.o(i.TIM7_IRQHandler)
    i.UART1_SendBytes                        0x0800193c   Section        0  har_uart.o(i.UART1_SendBytes)
    i.UART_AdvFeatureConfig                  0x08001960   Section        0  stm32f3xx_hal_uart.o(i.UART_AdvFeatureConfig)
    i.UART_CheckIdleState                    0x08001a28   Section        0  stm32f3xx_hal_uart.o(i.UART_CheckIdleState)
    i.UART_DMAAbortOnError                   0x08001a84   Section        0  stm32f3xx_hal_uart.o(i.UART_DMAAbortOnError)
    UART_DMAAbortOnError                     0x08001a85   Thumb Code    20  stm32f3xx_hal_uart.o(i.UART_DMAAbortOnError)
    i.UART_DMAError                          0x08001a98   Section        0  stm32f3xx_hal_uart.o(i.UART_DMAError)
    UART_DMAError                            0x08001a99   Thumb Code    74  stm32f3xx_hal_uart.o(i.UART_DMAError)
    i.UART_DMAReceiveCplt                    0x08001ae2   Section        0  stm32f3xx_hal_uart.o(i.UART_DMAReceiveCplt)
    UART_DMAReceiveCplt                      0x08001ae3   Thumb Code    62  stm32f3xx_hal_uart.o(i.UART_DMAReceiveCplt)
    i.UART_DMARxHalfCplt                     0x08001b20   Section        0  stm32f3xx_hal_uart.o(i.UART_DMARxHalfCplt)
    UART_DMARxHalfCplt                       0x08001b21   Thumb Code    10  stm32f3xx_hal_uart.o(i.UART_DMARxHalfCplt)
    i.UART_DMATransmitCplt                   0x08001b2a   Section        0  stm32f3xx_hal_uart.o(i.UART_DMATransmitCplt)
    UART_DMATransmitCplt                     0x08001b2b   Thumb Code    48  stm32f3xx_hal_uart.o(i.UART_DMATransmitCplt)
    i.UART_DMATxHalfCplt                     0x08001b5a   Section        0  stm32f3xx_hal_uart.o(i.UART_DMATxHalfCplt)
    UART_DMATxHalfCplt                       0x08001b5b   Thumb Code    10  stm32f3xx_hal_uart.o(i.UART_DMATxHalfCplt)
    i.UART_DMA_Init                          0x08001b64   Section        0  har_uart.o(i.UART_DMA_Init)
    i.UART_EndRxTransfer                     0x08001c68   Section        0  stm32f3xx_hal_uart.o(i.UART_EndRxTransfer)
    UART_EndRxTransfer                       0x08001c69   Thumb Code    28  stm32f3xx_hal_uart.o(i.UART_EndRxTransfer)
    i.UART_EndTransmit_IT                    0x08001c84   Section        0  stm32f3xx_hal_uart.o(i.UART_EndTransmit_IT)
    i.UART_EndTxTransfer                     0x08001c9e   Section        0  stm32f3xx_hal_uart.o(i.UART_EndTxTransfer)
    UART_EndTxTransfer                       0x08001c9f   Thumb Code    18  stm32f3xx_hal_uart.o(i.UART_EndTxTransfer)
    i.UART_Receive_IT                        0x08001cb0   Section        0  stm32f3xx_hal_uart.o(i.UART_Receive_IT)
    i.UART_SetConfig                         0x08001d28   Section        0  stm32f3xx_hal_uart.o(i.UART_SetConfig)
    i.UART_Transmit_IT                       0x08001efc   Section        0  stm32f3xx_hal_uart.o(i.UART_Transmit_IT)
    i.UART_WaitOnFlagUntilTimeout            0x08001f60   Section        0  stm32f3xx_hal_uart.o(i.UART_WaitOnFlagUntilTimeout)
    i.USART1_IRQHandler                      0x08001fc4   Section        0  stm32f3xx_it.o(i.USART1_IRQHandler)
    i.USART1_UART_Init                       0x0800200c   Section        0  har_uart.o(i.USART1_UART_Init)
    i.USART3_IRQHandler                      0x080020b8   Section        0  stm32f3xx_it.o(i.USART3_IRQHandler)
    i.UsageFault_Handler                     0x080020c4   Section        0  stm32f3xx_it.o(i.UsageFault_Handler)
    i.WaitSysTime_UnBlocked                  0x080020c8   Section        0  dri_systick.h.o(i.WaitSysTime_UnBlocked)
    i.main                                   0x080020e8   Section        0  main.o(i.main)
    x$fpl$fpinit                             0x08002148   Section       10  fpinit.o(x$fpl$fpinit)
    $v0                                      0x08002148   Number         0  fpinit.o(x$fpl$fpinit)
    .constdata                               0x08002152   Section       32  stm32f3xx_hal_rcc.o(.constdata)
    .constdata                               0x08002172   Section       16  system_stm32f3xx.o(.constdata)
    .constdata                               0x08002182   Section        8  system_stm32f3xx.o(.constdata)
    .data                                    0x20000000   Section        4  stm32f3xx_hal.o(.data)
    .data                                    0x20000004   Section        4  system_stm32f3xx.o(.data)
    .data                                    0x20000008   Section        4  dri_systick.h.o(.data)
    .bss                                     0x2000000c   Section     2536  har_uart.o(.bss)
    .bss                                     0x200009f4   Section       96  libspace.o(.bss)
    HEAP                                     0x20000a58   Section      512  startup_stm32f303xc.o(HEAP)
    Heap_Mem                                 0x20000a58   Data         512  startup_stm32f303xc.o(HEAP)
    STACK                                    0x20000c58   Section     1024  startup_stm32f303xc.o(STACK)
    Stack_Mem                                0x20000c58   Data        1024  startup_stm32f303xc.o(STACK)
    __initial_sp                             0x20001058   Data           0  startup_stm32f303xc.o(STACK)

    Global Symbols

    Symbol Name                              Value     Ov Type        Size  Object(Section)

    BuildAttributes$$THM_ISAv4$E$P$D$K$B$S$7EM$VFPi3$EXTD16$VFPS$VFMA$PE$A:L22UL41UL21$X:L11$S22US41US21$IEEE1$IW$USESV6$~STKCKD$USESV7$~SHL$OSPACE$ROPI$EBA8$UX$STANDARDLIB$REQ8$PRES8$EABIv2 0x00000000   Number         0  anon$$obj.o ABSOLUTE
    __ARM_use_no_argv                        0x00000000   Number         0  main.o ABSOLUTE
    __ARM_exceptions_init                     - Undefined Weak Reference
    __alloca_initialize                       - Undefined Weak Reference
    __arm_preinit_                            - Undefined Weak Reference
    __cpp_initialize__aeabi_                  - Undefined Weak Reference
    __cxa_finalize                            - Undefined Weak Reference
    __rt_locale                               - Undefined Weak Reference
    __sigvec_lookup                           - Undefined Weak Reference
    _atexit_init                              - Undefined Weak Reference
    _call_atexit_fns                          - Undefined Weak Reference
    _clock_init                               - Undefined Weak Reference
    _fp_trap_init                             - Undefined Weak Reference
    _fp_trap_shutdown                         - Undefined Weak Reference
    _get_lc_collate                           - Undefined Weak Reference
    _get_lc_ctype                             - Undefined Weak Reference
    _get_lc_monetary                          - Undefined Weak Reference
    _get_lc_numeric                           - Undefined Weak Reference
    _get_lc_time                              - Undefined Weak Reference
    _getenv_init                              - Undefined Weak Reference
    _handle_redirection                       - Undefined Weak Reference
    _init_alloc                               - Undefined Weak Reference
    _init_user_alloc                          - Undefined Weak Reference
    _initio                                   - Undefined Weak Reference
    _rand_init                                - Undefined Weak Reference
    _signal_finish                            - Undefined Weak Reference
    _signal_init                              - Undefined Weak Reference
    _terminate_alloc                          - Undefined Weak Reference
    _terminate_user_alloc                     - Undefined Weak Reference
    _terminateio                              - Undefined Weak Reference
    __Vectors_Size                           0x00000188   Number         0  startup_stm32f303xc.o ABSOLUTE
    __Vectors                                0x08000000   Data           4  startup_stm32f303xc.o(RESET)
    __Vectors_End                            0x08000188   Data           0  startup_stm32f303xc.o(RESET)
    __main                                   0x08000189   Thumb Code     8  __main.o(!!!main)
    __scatterload                            0x08000191   Thumb Code     0  __scatter.o(!!!scatter)
    __scatterload_rt2                        0x08000191   Thumb Code    44  __scatter.o(!!!scatter)
    __scatterload_rt2_thumb_only             0x08000191   Thumb Code     0  __scatter.o(!!!scatter)
    __scatterload_null                       0x0800019f   Thumb Code     0  __scatter.o(!!!scatter)
    __scatterload_copy                       0x080001c5   Thumb Code    26  __scatter_copy.o(!!handler_copy)
    __scatterload_zeroinit                   0x080001e1   Thumb Code    28  __scatter_zi.o(!!handler_zi)
    __rt_lib_init                            0x080001fd   Thumb Code     0  libinit.o(.ARM.Collect$$libinit$$00000000)
    __rt_lib_init_fp_1                       0x080001ff   Thumb Code     0  libinit2.o(.ARM.Collect$$libinit$$00000001)
    __rt_lib_init_alloca_1                   0x08000203   Thumb Code     0  libinit2.o(.ARM.Collect$$libinit$$0000002E)
    __rt_lib_init_argv_1                     0x08000203   Thumb Code     0  libinit2.o(.ARM.Collect$$libinit$$0000002C)
    __rt_lib_init_atexit_1                   0x08000203   Thumb Code     0  libinit2.o(.ARM.Collect$$libinit$$0000001B)
    __rt_lib_init_clock_1                    0x08000203   Thumb Code     0  libinit2.o(.ARM.Collect$$libinit$$00000021)
    __rt_lib_init_cpp_1                      0x08000203   Thumb Code     0  libinit2.o(.ARM.Collect$$libinit$$00000032)
    __rt_lib_init_exceptions_1               0x08000203   Thumb Code     0  libinit2.o(.ARM.Collect$$libinit$$00000030)
    __rt_lib_init_fp_trap_1                  0x08000203   Thumb Code     0  libinit2.o(.ARM.Collect$$libinit$$0000001F)
    __rt_lib_init_getenv_1                   0x08000203   Thumb Code     0  libinit2.o(.ARM.Collect$$libinit$$00000023)
    __rt_lib_init_heap_1                     0x08000203   Thumb Code     0  libinit2.o(.ARM.Collect$$libinit$$0000000A)
    __rt_lib_init_lc_collate_1               0x08000203   Thumb Code     0  libinit2.o(.ARM.Collect$$libinit$$00000011)
    __rt_lib_init_lc_ctype_1                 0x08000203   Thumb Code     0  libinit2.o(.ARM.Collect$$libinit$$00000013)
    __rt_lib_init_lc_monetary_1              0x08000203   Thumb Code     0  libinit2.o(.ARM.Collect$$libinit$$00000015)
    __rt_lib_init_lc_numeric_1               0x08000203   Thumb Code     0  libinit2.o(.ARM.Collect$$libinit$$00000017)
    __rt_lib_init_lc_time_1                  0x08000203   Thumb Code     0  libinit2.o(.ARM.Collect$$libinit$$00000019)
    __rt_lib_init_preinit_1                  0x08000203   Thumb Code     0  libinit2.o(.ARM.Collect$$libinit$$00000004)
    __rt_lib_init_rand_1                     0x08000203   Thumb Code     0  libinit2.o(.ARM.Collect$$libinit$$0000000E)
    __rt_lib_init_return                     0x08000203   Thumb Code     0  libinit2.o(.ARM.Collect$$libinit$$00000033)
    __rt_lib_init_signal_1                   0x08000203   Thumb Code     0  libinit2.o(.ARM.Collect$$libinit$$0000001D)
    __rt_lib_init_stdio_1                    0x08000203   Thumb Code     0  libinit2.o(.ARM.Collect$$libinit$$00000025)
    __rt_lib_init_user_alloc_1               0x08000203   Thumb Code     0  libinit2.o(.ARM.Collect$$libinit$$0000000C)
    __rt_lib_shutdown                        0x08000205   Thumb Code     0  libshutdown.o(.ARM.Collect$$libshutdown$$00000000)
    __rt_lib_shutdown_cpp_1                  0x08000207   Thumb Code     0  libshutdown2.o(.ARM.Collect$$libshutdown$$00000002)
    __rt_lib_shutdown_fp_trap_1              0x08000207   Thumb Code     0  libshutdown2.o(.ARM.Collect$$libshutdown$$00000007)
    __rt_lib_shutdown_heap_1                 0x08000207   Thumb Code     0  libshutdown2.o(.ARM.Collect$$libshutdown$$0000000F)
    __rt_lib_shutdown_return                 0x08000207   Thumb Code     0  libshutdown2.o(.ARM.Collect$$libshutdown$$00000010)
    __rt_lib_shutdown_signal_1               0x08000207   Thumb Code     0  libshutdown2.o(.ARM.Collect$$libshutdown$$0000000A)
    __rt_lib_shutdown_stdio_1                0x08000207   Thumb Code     0  libshutdown2.o(.ARM.Collect$$libshutdown$$00000004)
    __rt_lib_shutdown_user_alloc_1           0x08000207   Thumb Code     0  libshutdown2.o(.ARM.Collect$$libshutdown$$0000000C)
    __rt_entry                               0x08000209   Thumb Code     0  __rtentry.o(.ARM.Collect$$rtentry$$00000000)
    __rt_entry_presh_1                       0x08000209   Thumb Code     0  __rtentry2.o(.ARM.Collect$$rtentry$$00000002)
    __rt_entry_sh                            0x08000209   Thumb Code     0  __rtentry4.o(.ARM.Collect$$rtentry$$00000004)
    __rt_entry_li                            0x0800020f   Thumb Code     0  __rtentry2.o(.ARM.Collect$$rtentry$$0000000A)
    __rt_entry_postsh_1                      0x0800020f   Thumb Code     0  __rtentry2.o(.ARM.Collect$$rtentry$$00000009)
    __rt_entry_main                          0x08000213   Thumb Code     0  __rtentry2.o(.ARM.Collect$$rtentry$$0000000D)
    __rt_entry_postli_1                      0x08000213   Thumb Code     0  __rtentry2.o(.ARM.Collect$$rtentry$$0000000C)
    __rt_exit                                0x0800021b   Thumb Code     0  rtexit.o(.ARM.Collect$$rtexit$$00000000)
    __rt_exit_ls                             0x0800021d   Thumb Code     0  rtexit2.o(.ARM.Collect$$rtexit$$00000003)
    __rt_exit_prels_1                        0x0800021d   Thumb Code     0  rtexit2.o(.ARM.Collect$$rtexit$$00000002)
    __rt_exit_exit                           0x08000221   Thumb Code     0  rtexit2.o(.ARM.Collect$$rtexit$$00000004)
    Reset_Handler                            0x08000229   Thumb Code     8  startup_stm32f303xc.o(.text)
    ADC1_2_IRQHandler                        0x08000243   Thumb Code     0  startup_stm32f303xc.o(.text)
    ADC3_IRQHandler                          0x08000243   Thumb Code     0  startup_stm32f303xc.o(.text)
    ADC4_IRQHandler                          0x08000243   Thumb Code     0  startup_stm32f303xc.o(.text)
    CAN_RX1_IRQHandler                       0x08000243   Thumb Code     0  startup_stm32f303xc.o(.text)
    CAN_SCE_IRQHandler                       0x08000243   Thumb Code     0  startup_stm32f303xc.o(.text)
    COMP1_2_3_IRQHandler                     0x08000243   Thumb Code     0  startup_stm32f303xc.o(.text)
    COMP4_5_6_IRQHandler                     0x08000243   Thumb Code     0  startup_stm32f303xc.o(.text)
    COMP7_IRQHandler                         0x08000243   Thumb Code     0  startup_stm32f303xc.o(.text)
    DMA1_Channel1_IRQHandler                 0x08000243   Thumb Code     0  startup_stm32f303xc.o(.text)
    DMA2_Channel1_IRQHandler                 0x08000243   Thumb Code     0  startup_stm32f303xc.o(.text)
    DMA2_Channel2_IRQHandler                 0x08000243   Thumb Code     0  startup_stm32f303xc.o(.text)
    DMA2_Channel3_IRQHandler                 0x08000243   Thumb Code     0  startup_stm32f303xc.o(.text)
    DMA2_Channel4_IRQHandler                 0x08000243   Thumb Code     0  startup_stm32f303xc.o(.text)
    DMA2_Channel5_IRQHandler                 0x08000243   Thumb Code     0  startup_stm32f303xc.o(.text)
    EXTI0_IRQHandler                         0x08000243   Thumb Code     0  startup_stm32f303xc.o(.text)
    EXTI15_10_IRQHandler                     0x08000243   Thumb Code     0  startup_stm32f303xc.o(.text)
    EXTI1_IRQHandler                         0x08000243   Thumb Code     0  startup_stm32f303xc.o(.text)
    EXTI2_TSC_IRQHandler                     0x08000243   Thumb Code     0  startup_stm32f303xc.o(.text)
    EXTI3_IRQHandler                         0x08000243   Thumb Code     0  startup_stm32f303xc.o(.text)
    EXTI4_IRQHandler                         0x08000243   Thumb Code     0  startup_stm32f303xc.o(.text)
    EXTI9_5_IRQHandler                       0x08000243   Thumb Code     0  startup_stm32f303xc.o(.text)
    FLASH_IRQHandler                         0x08000243   Thumb Code     0  startup_stm32f303xc.o(.text)
    FPU_IRQHandler                           0x08000243   Thumb Code     0  startup_stm32f303xc.o(.text)
    I2C2_ER_IRQHandler                       0x08000243   Thumb Code     0  startup_stm32f303xc.o(.text)
    I2C2_EV_IRQHandler                       0x08000243   Thumb Code     0  startup_stm32f303xc.o(.text)
    PVD_IRQHandler                           0x08000243   Thumb Code     0  startup_stm32f303xc.o(.text)
    RCC_IRQHandler                           0x08000243   Thumb Code     0  startup_stm32f303xc.o(.text)
    RTC_Alarm_IRQHandler                     0x08000243   Thumb Code     0  startup_stm32f303xc.o(.text)
    RTC_WKUP_IRQHandler                      0x08000243   Thumb Code     0  startup_stm32f303xc.o(.text)
    SPI1_IRQHandler                          0x08000243   Thumb Code     0  startup_stm32f303xc.o(.text)
    SPI2_IRQHandler                          0x08000243   Thumb Code     0  startup_stm32f303xc.o(.text)
    SPI3_IRQHandler                          0x08000243   Thumb Code     0  startup_stm32f303xc.o(.text)
    TAMP_STAMP_IRQHandler                    0x08000243   Thumb Code     0  startup_stm32f303xc.o(.text)
    TIM1_BRK_TIM15_IRQHandler                0x08000243   Thumb Code     0  startup_stm32f303xc.o(.text)
    TIM1_CC_IRQHandler                       0x08000243   Thumb Code     0  startup_stm32f303xc.o(.text)
    TIM1_TRG_COM_TIM17_IRQHandler            0x08000243   Thumb Code     0  startup_stm32f303xc.o(.text)
    TIM1_UP_TIM16_IRQHandler                 0x08000243   Thumb Code     0  startup_stm32f303xc.o(.text)
    TIM2_IRQHandler                          0x08000243   Thumb Code     0  startup_stm32f303xc.o(.text)
    TIM3_IRQHandler                          0x08000243   Thumb Code     0  startup_stm32f303xc.o(.text)
    TIM4_IRQHandler                          0x08000243   Thumb Code     0  startup_stm32f303xc.o(.text)
    TIM6_DAC_IRQHandler                      0x08000243   Thumb Code     0  startup_stm32f303xc.o(.text)
    TIM8_BRK_IRQHandler                      0x08000243   Thumb Code     0  startup_stm32f303xc.o(.text)
    TIM8_CC_IRQHandler                       0x08000243   Thumb Code     0  startup_stm32f303xc.o(.text)
    TIM8_TRG_COM_IRQHandler                  0x08000243   Thumb Code     0  startup_stm32f303xc.o(.text)
    TIM8_UP_IRQHandler                       0x08000243   Thumb Code     0  startup_stm32f303xc.o(.text)
    UART4_IRQHandler                         0x08000243   Thumb Code     0  startup_stm32f303xc.o(.text)
    UART5_IRQHandler                         0x08000243   Thumb Code     0  startup_stm32f303xc.o(.text)
    USART2_IRQHandler                        0x08000243   Thumb Code     0  startup_stm32f303xc.o(.text)
    USBWakeUp_IRQHandler                     0x08000243   Thumb Code     0  startup_stm32f303xc.o(.text)
    USBWakeUp_RMP_IRQHandler                 0x08000243   Thumb Code     0  startup_stm32f303xc.o(.text)
    USB_HP_CAN_TX_IRQHandler                 0x08000243   Thumb Code     0  startup_stm32f303xc.o(.text)
    USB_HP_IRQHandler                        0x08000243   Thumb Code     0  startup_stm32f303xc.o(.text)
    USB_LP_CAN_RX0_IRQHandler                0x08000243   Thumb Code     0  startup_stm32f303xc.o(.text)
    USB_LP_IRQHandler                        0x08000243   Thumb Code     0  startup_stm32f303xc.o(.text)
    WWDG_IRQHandler                          0x08000243   Thumb Code     0  startup_stm32f303xc.o(.text)
    __user_initial_stackheap                 0x08000245   Thumb Code     0  startup_stm32f303xc.o(.text)
    __aeabi_memcpy                           0x08000269   Thumb Code     0  rt_memcpy_v6.o(.text)
    __rt_memcpy                              0x08000269   Thumb Code   138  rt_memcpy_v6.o(.text)
    _memcpy_lastbytes                        0x080002cf   Thumb Code     0  rt_memcpy_v6.o(.text)
    __aeabi_memcpy4                          0x080002f3   Thumb Code     0  rt_memcpy_w.o(.text)
    __aeabi_memcpy8                          0x080002f3   Thumb Code     0  rt_memcpy_w.o(.text)
    __rt_memcpy_w                            0x080002f3   Thumb Code   100  rt_memcpy_w.o(.text)
    _memcpy_lastbytes_aligned                0x0800033b   Thumb Code     0  rt_memcpy_w.o(.text)
    __use_two_region_memory                  0x08000357   Thumb Code     2  heapauxi.o(.text)
    __rt_heap_escrow$2region                 0x08000359   Thumb Code     2  heapauxi.o(.text)
    __rt_heap_expand$2region                 0x0800035b   Thumb Code     2  heapauxi.o(.text)
    __user_setup_stackheap                   0x0800035d   Thumb Code    74  sys_stackheap_outer.o(.text)
    exit                                     0x080003a7   Thumb Code    18  exit.o(.text)
    __user_libspace                          0x080003b9   Thumb Code     8  libspace.o(.text)
    __user_perproc_libspace                  0x080003b9   Thumb Code     0  libspace.o(.text)
    __user_perthread_libspace                0x080003b9   Thumb Code     0  libspace.o(.text)
    _sys_exit                                0x080003c1   Thumb Code     8  sys_exit.o(.text)
    __I$use$semihosting                      0x080003cd   Thumb Code     0  use_no_semi.o(.text)
    __use_no_semihosting_swi                 0x080003cd   Thumb Code     2  use_no_semi.o(.text)
    BusFault_Handler                         0x080003cf   Thumb Code     2  stm32f3xx_it.o(i.BusFault_Handler)
    __semihosting_library_function           0x080003cf   Thumb Code     0  indicate_semi.o(.text)
    Buzzer_Init                              0x080003d1   Thumb Code     4  dri_buzzer.o(i.Buzzer_Init)
    Buzzer_PinInit                           0x080003d5   Thumb Code    50  har_buzzer.o(i.Buzzer_PinInit)
    CompareSysTime                           0x08000411   Thumb Code    52  dri_systick.h.o(i.CompareSysTime)
    DMA1_Channel2_IRQHandler                 0x08000455   Thumb Code     6  stm32f3xx_it.o(i.DMA1_Channel2_IRQHandler)
    DMA1_Channel3_IRQHandler                 0x08000461   Thumb Code     6  stm32f3xx_it.o(i.DMA1_Channel3_IRQHandler)
    DMA1_Channel4_IRQHandler                 0x0800046d   Thumb Code     6  stm32f3xx_it.o(i.DMA1_Channel4_IRQHandler)
    DMA1_Channel5_IRQHandler                 0x08000479   Thumb Code     6  stm32f3xx_it.o(i.DMA1_Channel5_IRQHandler)
    DMA1_Channel6_IRQHandler                 0x08000485   Thumb Code     2  stm32f3xx_it.o(i.DMA1_Channel6_IRQHandler)
    DMA1_Channel7_IRQHandler                 0x08000487   Thumb Code     2  stm32f3xx_it.o(i.DMA1_Channel7_IRQHandler)
    DMA_UART1_SendThread                     0x080004f1   Thumb Code    40  har_uart.o(i.DMA_UART1_SendThread)
    DebugMon_Handler                         0x0800051d   Thumb Code     2  stm32f3xx_it.o(i.DebugMon_Handler)
    HAL_DMA_Abort                            0x0800051f   Thumb Code    48  stm32f3xx_hal_dma.o(i.HAL_DMA_Abort)
    HAL_DMA_Abort_IT                         0x0800054f   Thumb Code    74  stm32f3xx_hal_dma.o(i.HAL_DMA_Abort_IT)
    HAL_DMA_IRQHandler                       0x08000599   Thumb Code   168  stm32f3xx_hal_dma.o(i.HAL_DMA_IRQHandler)
    HAL_DMA_Init                             0x08000641   Thumb Code    86  stm32f3xx_hal_dma.o(i.HAL_DMA_Init)
    HAL_DMA_Start_IT                         0x08000697   Thumb Code   112  stm32f3xx_hal_dma.o(i.HAL_DMA_Start_IT)
    HAL_GPIO_Init                            0x08000709   Thumb Code   364  stm32f3xx_hal_gpio.o(i.HAL_GPIO_Init)
    HAL_GPIO_ReadPin                         0x08000891   Thumb Code    10  stm32f3xx_hal_gpio.o(i.HAL_GPIO_ReadPin)
    HAL_GPIO_WritePin                        0x0800089b   Thumb Code    10  stm32f3xx_hal_gpio.o(i.HAL_GPIO_WritePin)
    HAL_GetTick                              0x080008a5   Thumb Code     6  stm32f3xx_hal.o(i.HAL_GetTick)
    HAL_Init                                 0x080008b1   Thumb Code    32  stm32f3xx_hal.o(i.HAL_Init)
    HAL_InitTick                             0x080008d5   Thumb Code    34  stm32f3xx_hal.o(i.HAL_InitTick)
    HAL_MspInit                              0x080008fd   Thumb Code   122  stm32f3xx_hal_msp.o(i.HAL_MspInit)
    HAL_NVIC_EnableIRQ                       0x0800097d   Thumb Code    22  stm32f3xx_hal_cortex.o(i.HAL_NVIC_EnableIRQ)
    HAL_NVIC_SetPriority                     0x08000995   Thumb Code    60  stm32f3xx_hal_cortex.o(i.HAL_NVIC_SetPriority)
    HAL_NVIC_SetPriorityGrouping             0x080009d5   Thumb Code    26  stm32f3xx_hal_cortex.o(i.HAL_NVIC_SetPriorityGrouping)
    HAL_RCCEx_PeriphCLKConfig                0x080009f9   Thumb Code   522  stm32f3xx_hal_rcc_ex.o(i.HAL_RCCEx_PeriphCLKConfig)
    HAL_RCC_ClockConfig                      0x08000c11   Thumb Code   374  stm32f3xx_hal_rcc.o(i.HAL_RCC_ClockConfig)
    HAL_RCC_GetHCLKFreq                      0x08000d99   Thumb Code     6  stm32f3xx_hal_rcc.o(i.HAL_RCC_GetHCLKFreq)
    HAL_RCC_GetPCLK1Freq                     0x08000da5   Thumb Code    34  stm32f3xx_hal_rcc.o(i.HAL_RCC_GetPCLK1Freq)
    HAL_RCC_GetPCLK2Freq                     0x08000dd5   Thumb Code    34  stm32f3xx_hal_rcc.o(i.HAL_RCC_GetPCLK2Freq)
    HAL_RCC_GetSysClockFreq                  0x08000e05   Thumb Code    84  stm32f3xx_hal_rcc.o(i.HAL_RCC_GetSysClockFreq)
    HAL_RCC_OscConfig                        0x08000e69   Thumb Code  1452  stm32f3xx_hal_rcc.o(i.HAL_RCC_OscConfig)
    HAL_SYSTICK_CLKSourceConfig              0x08001415   Thumb Code    24  stm32f3xx_hal_cortex.o(i.HAL_SYSTICK_CLKSourceConfig)
    HAL_SYSTICK_Config                       0x0800142d   Thumb Code    40  stm32f3xx_hal_cortex.o(i.HAL_SYSTICK_Config)
    HAL_UARTEx_WakeupCallback                0x08001455   Thumb Code     2  stm32f3xx_hal_uart_ex.o(i.HAL_UARTEx_WakeupCallback)
    HAL_UART_DMAStop                         0x08001457   Thumb Code    84  stm32f3xx_hal_uart.o(i.HAL_UART_DMAStop)
    HAL_UART_ErrorCallback                   0x080014ab   Thumb Code     2  stm32f3xx_hal_uart.o(i.HAL_UART_ErrorCallback)
    HAL_UART_IRQHandler                      0x080014ad   Thumb Code   316  stm32f3xx_hal_uart.o(i.HAL_UART_IRQHandler)
    HAL_UART_Init                            0x080015ed   Thumb Code   106  stm32f3xx_hal_uart.o(i.HAL_UART_Init)
    HAL_UART_MspInit                         0x08001657   Thumb Code     2  stm32f3xx_hal_uart.o(i.HAL_UART_MspInit)
    HAL_UART_Receive_DMA                     0x08001659   Thumb Code   132  stm32f3xx_hal_uart.o(i.HAL_UART_Receive_DMA)
    HAL_UART_RxCpltCallback                  0x080016e9   Thumb Code     2  stm32f3xx_hal_uart.o(i.HAL_UART_RxCpltCallback)
    HAL_UART_RxHalfCpltCallback              0x080016eb   Thumb Code     2  stm32f3xx_hal_uart.o(i.HAL_UART_RxHalfCpltCallback)
    HAL_UART_Transmit_DMA                    0x080016ed   Thumb Code   122  stm32f3xx_hal_uart.o(i.HAL_UART_Transmit_DMA)
    HAL_UART_TxCpltCallback                  0x08001775   Thumb Code     2  stm32f3xx_hal_uart.o(i.HAL_UART_TxCpltCallback)
    HAL_UART_TxHalfCpltCallback              0x08001777   Thumb Code     2  stm32f3xx_hal_uart.o(i.HAL_UART_TxHalfCpltCallback)
    HardFault_Handler                        0x08001779   Thumb Code     2  stm32f3xx_it.o(i.HardFault_Handler)
    I2C1_ER_IRQHandler                       0x0800177b   Thumb Code     2  stm32f3xx_it.o(i.I2C1_ER_IRQHandler)
    I2C1_EV_IRQHandler                       0x0800177d   Thumb Code     2  stm32f3xx_it.o(i.I2C1_EV_IRQHandler)
    MemManage_Handler                        0x0800177f   Thumb Code     2  stm32f3xx_it.o(i.MemManage_Handler)
    NMI_Handler                              0x08001781   Thumb Code     2  stm32f3xx_it.o(i.NMI_Handler)
    PendSV_Handler                           0x080017a3   Thumb Code     2  stm32f3xx_it.o(i.PendSV_Handler)
    ReSetTimerTemp                           0x080017a5   Thumb Code     6  dri_systick.h.o(i.ReSetTimerTemp)
    SVC_Handler                              0x080017ab   Thumb Code     2  stm32f3xx_it.o(i.SVC_Handler)
    SysTick_Handler                          0x080017ad   Thumb Code    10  stm32f3xx_it.o(i.SysTick_Handler)
    SysTick_Init                             0x080017bd   Thumb Code    48  har_systick.o(i.SysTick_Init)
    Sys_LED_Init                             0x080017f9   Thumb Code     4  dri_led.o(i.Sys_LED_Init)
    Sys_LED_Negative                         0x080017fd   Thumb Code     4  dri_led.o(i.Sys_LED_Negative)
    Sys_LED_PinInit                          0x08001801   Thumb Code    48  har_led.o(i.Sys_LED_PinInit)
    Sys_LED_PinNegative                      0x08001839   Thumb Code    30  har_led.o(i.Sys_LED_PinNegative)
    SystemClock_Config                       0x0800185d   Thumb Code   116  main.o(i.SystemClock_Config)
    SystemInit                               0x080018d1   Thumb Code    82  system_stm32f3xx.o(i.SystemInit)
    TIM7_IRQHandler                          0x08001939   Thumb Code     2  stm32f3xx_it.o(i.TIM7_IRQHandler)
    UART1_SendBytes                          0x0800193d   Thumb Code    30  har_uart.o(i.UART1_SendBytes)
    UART_AdvFeatureConfig                    0x08001961   Thumb Code   200  stm32f3xx_hal_uart.o(i.UART_AdvFeatureConfig)
    UART_CheckIdleState                      0x08001a29   Thumb Code    92  stm32f3xx_hal_uart.o(i.UART_CheckIdleState)
    UART_DMA_Init                            0x08001b65   Thumb Code   238  har_uart.o(i.UART_DMA_Init)
    UART_EndTransmit_IT                      0x08001c85   Thumb Code    26  stm32f3xx_hal_uart.o(i.UART_EndTransmit_IT)
    UART_Receive_IT                          0x08001cb1   Thumb Code   118  stm32f3xx_hal_uart.o(i.UART_Receive_IT)
    UART_SetConfig                           0x08001d29   Thumb Code   434  stm32f3xx_hal_uart.o(i.UART_SetConfig)
    UART_Transmit_IT                         0x08001efd   Thumb Code   100  stm32f3xx_hal_uart.o(i.UART_Transmit_IT)
    UART_WaitOnFlagUntilTimeout              0x08001f61   Thumb Code   100  stm32f3xx_hal_uart.o(i.UART_WaitOnFlagUntilTimeout)
    USART1_IRQHandler                        0x08001fc5   Thumb Code    56  stm32f3xx_it.o(i.USART1_IRQHandler)
    USART1_UART_Init                         0x0800200d   Thumb Code   160  har_uart.o(i.USART1_UART_Init)
    USART3_IRQHandler                        0x080020b9   Thumb Code     6  stm32f3xx_it.o(i.USART3_IRQHandler)
    UsageFault_Handler                       0x080020c5   Thumb Code     2  stm32f3xx_it.o(i.UsageFault_Handler)
    WaitSysTime_UnBlocked                    0x080020c9   Thumb Code    28  dri_systick.h.o(i.WaitSysTime_UnBlocked)
    main                                     0x080020e9   Thumb Code    78  main.o(i.main)
    _fp_init                                 0x08002149   Thumb Code    10  fpinit.o(x$fpl$fpinit)
    __fplib_config_fpu_vfp                   0x08002151   Thumb Code     0  fpinit.o(x$fpl$fpinit)
    __fplib_config_pureend_doubles           0x08002151   Thumb Code     0  fpinit.o(x$fpl$fpinit)
    aPLLMULFactorTable                       0x08002152   Data          16  stm32f3xx_hal_rcc.o(.constdata)
    aPredivFactorTable                       0x08002162   Data          16  stm32f3xx_hal_rcc.o(.constdata)
    AHBPrescTable                            0x08002172   Data          16  system_stm32f3xx.o(.constdata)
    APBPrescTable                            0x08002182   Data           8  system_stm32f3xx.o(.constdata)
    Region$$Table$$Base                      0x0800218c   Number         0  anon$$obj.o(Region$$Table)
    Region$$Table$$Limit                     0x080021ac   Number         0  anon$$obj.o(Region$$Table)
    uwTick                                   0x20000000   Data           4  stm32f3xx_hal.o(.data)
    SystemCoreClock                          0x20000004   Data           4  system_stm32f3xx.o(.data)
    systemTime                               0x20000008   Data           4  dri_systick.h.o(.data)
    huart1                                   0x2000000c   Data         112  har_uart.o(.bss)
    huart3                                   0x2000007c   Data         112  har_uart.o(.bss)
    hdma_usart1_rx                           0x200000ec   Data          68  har_uart.o(.bss)
    hdma_usart1_tx                           0x20000130   Data          68  har_uart.o(.bss)
    hdma_usart3_rx                           0x20000174   Data          68  har_uart.o(.bss)
    hdma_usart3_tx                           0x200001b8   Data          68  har_uart.o(.bss)
    uart1_RX_Buffer                          0x200001fc   Data        1020  har_uart.o(.bss)
    uart1_TX_Buffer                          0x200005f8   Data        1020  har_uart.o(.bss)
    __libspace_start                         0x200009f4   Data          96  libspace.o(.bss)
    __temporary_stack_top$libspace           0x20000a54   Data           0  libspace.o(.bss)



==============================================================================

Memory Map of the image

  Image Entry point : 0x08000189

  Load Region LR_IROM1 (Base: 0x08000000, Size: 0x000021b8, Max: 0x00040000, ABSOLUTE)

    Execution Region ER_IROM1 (Exec base: 0x08000000, Load base: 0x08000000, Size: 0x000021ac, Max: 0x00040000, ABSOLUTE)

    Exec Addr    Load Addr    Size         Type   Attr      Idx    E Section Name        Object

    0x08000000   0x08000000   0x00000188   Data   RO         4257    RESET               startup_stm32f303xc.o
    0x08000188   0x08000188   0x00000008   Code   RO         4678  * !!!main             c_w.l(__main.o)
    0x08000190   0x08000190   0x00000034   Code   RO         4835    !!!scatter          c_w.l(__scatter.o)
    0x080001c4   0x080001c4   0x0000001a   Code   RO         4837    !!handler_copy      c_w.l(__scatter_copy.o)
    0x080001de   0x080001de   0x00000002   PAD
    0x080001e0   0x080001e0   0x0000001c   Code   RO         4839    !!handler_zi        c_w.l(__scatter_zi.o)
    0x080001fc   0x080001fc   0x00000002   Code   RO         4705    .ARM.Collect$$libinit$$00000000  c_w.l(libinit.o)
    0x080001fe   0x080001fe   0x00000004   Code   RO         4711    .ARM.Collect$$libinit$$00000001  c_w.l(libinit2.o)
    0x08000202   0x08000202   0x00000000   Code   RO         4714    .ARM.Collect$$libinit$$00000004  c_w.l(libinit2.o)
    0x08000202   0x08000202   0x00000000   Code   RO         4717    .ARM.Collect$$libinit$$0000000A  c_w.l(libinit2.o)
    0x08000202   0x08000202   0x00000000   Code   RO         4719    .ARM.Collect$$libinit$$0000000C  c_w.l(libinit2.o)
    0x08000202   0x08000202   0x00000000   Code   RO         4721    .ARM.Collect$$libinit$$0000000E  c_w.l(libinit2.o)
    0x08000202   0x08000202   0x00000000   Code   RO         4724    .ARM.Collect$$libinit$$00000011  c_w.l(libinit2.o)
    0x08000202   0x08000202   0x00000000   Code   RO         4726    .ARM.Collect$$libinit$$00000013  c_w.l(libinit2.o)
    0x08000202   0x08000202   0x00000000   Code   RO         4728    .ARM.Collect$$libinit$$00000015  c_w.l(libinit2.o)
    0x08000202   0x08000202   0x00000000   Code   RO         4730    .ARM.Collect$$libinit$$00000017  c_w.l(libinit2.o)
    0x08000202   0x08000202   0x00000000   Code   RO         4732    .ARM.Collect$$libinit$$00000019  c_w.l(libinit2.o)
    0x08000202   0x08000202   0x00000000   Code   RO         4734    .ARM.Collect$$libinit$$0000001B  c_w.l(libinit2.o)
    0x08000202   0x08000202   0x00000000   Code   RO         4736    .ARM.Collect$$libinit$$0000001D  c_w.l(libinit2.o)
    0x08000202   0x08000202   0x00000000   Code   RO         4738    .ARM.Collect$$libinit$$0000001F  c_w.l(libinit2.o)
    0x08000202   0x08000202   0x00000000   Code   RO         4740    .ARM.Collect$$libinit$$00000021  c_w.l(libinit2.o)
    0x08000202   0x08000202   0x00000000   Code   RO         4742    .ARM.Collect$$libinit$$00000023  c_w.l(libinit2.o)
    0x08000202   0x08000202   0x00000000   Code   RO         4744    .ARM.Collect$$libinit$$00000025  c_w.l(libinit2.o)
    0x08000202   0x08000202   0x00000000   Code   RO         4748    .ARM.Collect$$libinit$$0000002C  c_w.l(libinit2.o)
    0x08000202   0x08000202   0x00000000   Code   RO         4750    .ARM.Collect$$libinit$$0000002E  c_w.l(libinit2.o)
    0x08000202   0x08000202   0x00000000   Code   RO         4752    .ARM.Collect$$libinit$$00000030  c_w.l(libinit2.o)
    0x08000202   0x08000202   0x00000000   Code   RO         4754    .ARM.Collect$$libinit$$00000032  c_w.l(libinit2.o)
    0x08000202   0x08000202   0x00000002   Code   RO         4755    .ARM.Collect$$libinit$$00000033  c_w.l(libinit2.o)
    0x08000204   0x08000204   0x00000002   Code   RO         4775    .ARM.Collect$$libshutdown$$00000000  c_w.l(libshutdown.o)
    0x08000206   0x08000206   0x00000000   Code   RO         4788    .ARM.Collect$$libshutdown$$00000002  c_w.l(libshutdown2.o)
    0x08000206   0x08000206   0x00000000   Code   RO         4790    .ARM.Collect$$libshutdown$$00000004  c_w.l(libshutdown2.o)
    0x08000206   0x08000206   0x00000000   Code   RO         4793    .ARM.Collect$$libshutdown$$00000007  c_w.l(libshutdown2.o)
    0x08000206   0x08000206   0x00000000   Code   RO         4796    .ARM.Collect$$libshutdown$$0000000A  c_w.l(libshutdown2.o)
    0x08000206   0x08000206   0x00000000   Code   RO         4798    .ARM.Collect$$libshutdown$$0000000C  c_w.l(libshutdown2.o)
    0x08000206   0x08000206   0x00000000   Code   RO         4801    .ARM.Collect$$libshutdown$$0000000F  c_w.l(libshutdown2.o)
    0x08000206   0x08000206   0x00000002   Code   RO         4802    .ARM.Collect$$libshutdown$$00000010  c_w.l(libshutdown2.o)
    0x08000208   0x08000208   0x00000000   Code   RO         4680    .ARM.Collect$$rtentry$$00000000  c_w.l(__rtentry.o)
    0x08000208   0x08000208   0x00000000   Code   RO         4682    .ARM.Collect$$rtentry$$00000002  c_w.l(__rtentry2.o)
    0x08000208   0x08000208   0x00000006   Code   RO         4694    .ARM.Collect$$rtentry$$00000004  c_w.l(__rtentry4.o)
    0x0800020e   0x0800020e   0x00000000   Code   RO         4684    .ARM.Collect$$rtentry$$00000009  c_w.l(__rtentry2.o)
    0x0800020e   0x0800020e   0x00000004   Code   RO         4685    .ARM.Collect$$rtentry$$0000000A  c_w.l(__rtentry2.o)
    0x08000212   0x08000212   0x00000000   Code   RO         4687    .ARM.Collect$$rtentry$$0000000C  c_w.l(__rtentry2.o)
    0x08000212   0x08000212   0x00000008   Code   RO         4688    .ARM.Collect$$rtentry$$0000000D  c_w.l(__rtentry2.o)
    0x0800021a   0x0800021a   0x00000002   Code   RO         4709    .ARM.Collect$$rtexit$$00000000  c_w.l(rtexit.o)
    0x0800021c   0x0800021c   0x00000000   Code   RO         4757    .ARM.Collect$$rtexit$$00000002  c_w.l(rtexit2.o)
    0x0800021c   0x0800021c   0x00000004   Code   RO         4758    .ARM.Collect$$rtexit$$00000003  c_w.l(rtexit2.o)
    0x08000220   0x08000220   0x00000006   Code   RO         4759    .ARM.Collect$$rtexit$$00000004  c_w.l(rtexit2.o)
    0x08000226   0x08000226   0x00000002   PAD
    0x08000228   0x08000228   0x00000040   Code   RO         4258    .text               startup_stm32f303xc.o
    0x08000268   0x08000268   0x0000008a   Code   RO         4672    .text               c_w.l(rt_memcpy_v6.o)
    0x080002f2   0x080002f2   0x00000064   Code   RO         4674    .text               c_w.l(rt_memcpy_w.o)
    0x08000356   0x08000356   0x00000006   Code   RO         4676    .text               c_w.l(heapauxi.o)
    0x0800035c   0x0800035c   0x0000004a   Code   RO         4696    .text               c_w.l(sys_stackheap_outer.o)
    0x080003a6   0x080003a6   0x00000012   Code   RO         4698    .text               c_w.l(exit.o)
    0x080003b8   0x080003b8   0x00000008   Code   RO         4706    .text               c_w.l(libspace.o)
    0x080003c0   0x080003c0   0x0000000c   Code   RO         4767    .text               c_w.l(sys_exit.o)
    0x080003cc   0x080003cc   0x00000002   Code   RO         4778    .text               c_w.l(use_no_semi.o)
    0x080003ce   0x080003ce   0x00000000   Code   RO         4780    .text               c_w.l(indicate_semi.o)
    0x080003ce   0x080003ce   0x00000002   Code   RO         4054    i.BusFault_Handler  stm32f3xx_it.o
    0x080003d0   0x080003d0   0x00000004   Code   RO         4265    i.Buzzer_Init       dri_buzzer.o
    0x080003d4   0x080003d4   0x0000003c   Code   RO         4527    i.Buzzer_PinInit    har_buzzer.o
    0x08000410   0x08000410   0x00000044   Code   RO         4352    i.CompareSysTime    dri_systick.h.o
    0x08000454   0x08000454   0x0000000c   Code   RO         4055    i.DMA1_Channel2_IRQHandler  stm32f3xx_it.o
    0x08000460   0x08000460   0x0000000c   Code   RO         4056    i.DMA1_Channel3_IRQHandler  stm32f3xx_it.o
    0x0800046c   0x0800046c   0x0000000c   Code   RO         4057    i.DMA1_Channel4_IRQHandler  stm32f3xx_it.o
    0x08000478   0x08000478   0x0000000c   Code   RO         4058    i.DMA1_Channel5_IRQHandler  stm32f3xx_it.o
    0x08000484   0x08000484   0x00000002   Code   RO         4059    i.DMA1_Channel6_IRQHandler  stm32f3xx_it.o
    0x08000486   0x08000486   0x00000002   Code   RO         4060    i.DMA1_Channel7_IRQHandler  stm32f3xx_it.o
    0x08000488   0x08000488   0x0000003c   Code   RO          964    i.DMA_CalcBaseAndBitshift  stm32f3xx_hal_dma.o
    0x080004c4   0x080004c4   0x0000002a   Code   RO          965    i.DMA_SetConfig     stm32f3xx_hal_dma.o
    0x080004ee   0x080004ee   0x00000002   PAD
    0x080004f0   0x080004f0   0x0000002c   Code   RO         4584    i.DMA_UART1_SendThread  har_uart.o
    0x0800051c   0x0800051c   0x00000002   Code   RO         4061    i.DebugMon_Handler  stm32f3xx_it.o
    0x0800051e   0x0800051e   0x00000030   Code   RO          966    i.HAL_DMA_Abort     stm32f3xx_hal_dma.o
    0x0800054e   0x0800054e   0x0000004a   Code   RO          967    i.HAL_DMA_Abort_IT  stm32f3xx_hal_dma.o
    0x08000598   0x08000598   0x000000a8   Code   RO          971    i.HAL_DMA_IRQHandler  stm32f3xx_hal_dma.o
    0x08000640   0x08000640   0x00000056   Code   RO          972    i.HAL_DMA_Init      stm32f3xx_hal_dma.o
    0x08000696   0x08000696   0x00000070   Code   RO          976    i.HAL_DMA_Start_IT  stm32f3xx_hal_dma.o
    0x08000706   0x08000706   0x00000002   PAD
    0x08000708   0x08000708   0x00000188   Code   RO          352    i.HAL_GPIO_Init     stm32f3xx_hal_gpio.o
    0x08000890   0x08000890   0x0000000a   Code   RO          354    i.HAL_GPIO_ReadPin  stm32f3xx_hal_gpio.o
    0x0800089a   0x0800089a   0x0000000a   Code   RO          356    i.HAL_GPIO_WritePin  stm32f3xx_hal_gpio.o
    0x080008a4   0x080008a4   0x0000000c   Code   RO           15    i.HAL_GetTick       stm32f3xx_hal.o
    0x080008b0   0x080008b0   0x00000024   Code   RO           20    i.HAL_Init          stm32f3xx_hal.o
    0x080008d4   0x080008d4   0x00000028   Code   RO           21    i.HAL_InitTick      stm32f3xx_hal.o
    0x080008fc   0x080008fc   0x00000080   Code   RO         4196    i.HAL_MspInit       stm32f3xx_hal_msp.o
    0x0800097c   0x0800097c   0x00000016   Code   RO          834    i.HAL_NVIC_EnableIRQ  stm32f3xx_hal_cortex.o
    0x08000992   0x08000992   0x00000002   PAD
    0x08000994   0x08000994   0x00000040   Code   RO          840    i.HAL_NVIC_SetPriority  stm32f3xx_hal_cortex.o
    0x080009d4   0x080009d4   0x00000024   Code   RO          841    i.HAL_NVIC_SetPriorityGrouping  stm32f3xx_hal_cortex.o
    0x080009f8   0x080009f8   0x00000218   Code   RO         1979    i.HAL_RCCEx_PeriphCLKConfig  stm32f3xx_hal_rcc_ex.o
    0x08000c10   0x08000c10   0x00000188   Code   RO         1873    i.HAL_RCC_ClockConfig  stm32f3xx_hal_rcc.o
    0x08000d98   0x08000d98   0x0000000c   Code   RO         1878    i.HAL_RCC_GetHCLKFreq  stm32f3xx_hal_rcc.o
    0x08000da4   0x08000da4   0x00000030   Code   RO         1880    i.HAL_RCC_GetPCLK1Freq  stm32f3xx_hal_rcc.o
    0x08000dd4   0x08000dd4   0x00000030   Code   RO         1881    i.HAL_RCC_GetPCLK2Freq  stm32f3xx_hal_rcc.o
    0x08000e04   0x08000e04   0x00000064   Code   RO         1882    i.HAL_RCC_GetSysClockFreq  stm32f3xx_hal_rcc.o
    0x08000e68   0x08000e68   0x000005ac   Code   RO         1885    i.HAL_RCC_OscConfig  stm32f3xx_hal_rcc.o
    0x08001414   0x08001414   0x00000018   Code   RO          843    i.HAL_SYSTICK_CLKSourceConfig  stm32f3xx_hal_cortex.o
    0x0800142c   0x0800142c   0x00000028   Code   RO          845    i.HAL_SYSTICK_Config  stm32f3xx_hal_cortex.o
    0x08001454   0x08001454   0x00000002   Code   RO         3680    i.HAL_UARTEx_WakeupCallback  stm32f3xx_hal_uart_ex.o
    0x08001456   0x08001456   0x00000054   Code   RO         3335    i.HAL_UART_DMAStop  stm32f3xx_hal_uart.o
    0x080014aa   0x080014aa   0x00000002   Code   RO         3337    i.HAL_UART_ErrorCallback  stm32f3xx_hal_uart.o
    0x080014ac   0x080014ac   0x00000140   Code   RO         3340    i.HAL_UART_IRQHandler  stm32f3xx_hal_uart.o
    0x080015ec   0x080015ec   0x0000006a   Code   RO         3341    i.HAL_UART_Init     stm32f3xx_hal_uart.o
    0x08001656   0x08001656   0x00000002   Code   RO         3343    i.HAL_UART_MspInit  stm32f3xx_hal_uart.o
    0x08001658   0x08001658   0x00000090   Code   RO         3345    i.HAL_UART_Receive_DMA  stm32f3xx_hal_uart.o
    0x080016e8   0x080016e8   0x00000002   Code   RO         3347    i.HAL_UART_RxCpltCallback  stm32f3xx_hal_uart.o
    0x080016ea   0x080016ea   0x00000002   Code   RO         3348    i.HAL_UART_RxHalfCpltCallback  stm32f3xx_hal_uart.o
    0x080016ec   0x080016ec   0x00000088   Code   RO         3350    i.HAL_UART_Transmit_DMA  stm32f3xx_hal_uart.o
    0x08001774   0x08001774   0x00000002   Code   RO         3352    i.HAL_UART_TxCpltCallback  stm32f3xx_hal_uart.o
    0x08001776   0x08001776   0x00000002   Code   RO         3353    i.HAL_UART_TxHalfCpltCallback  stm32f3xx_hal_uart.o
    0x08001778   0x08001778   0x00000002   Code   RO         4062    i.HardFault_Handler  stm32f3xx_it.o
    0x0800177a   0x0800177a   0x00000002   Code   RO         4063    i.I2C1_ER_IRQHandler  stm32f3xx_it.o
    0x0800177c   0x0800177c   0x00000002   Code   RO         4064    i.I2C1_EV_IRQHandler  stm32f3xx_it.o
    0x0800177e   0x0800177e   0x00000002   Code   RO         4065    i.MemManage_Handler  stm32f3xx_it.o
    0x08001780   0x08001780   0x00000002   Code   RO         4066    i.NMI_Handler       stm32f3xx_it.o
    0x08001782   0x08001782   0x00000020   Code   RO          847    i.NVIC_SetPriority  stm32f3xx_hal_cortex.o
    0x080017a2   0x080017a2   0x00000002   Code   RO         4067    i.PendSV_Handler    stm32f3xx_it.o
    0x080017a4   0x080017a4   0x00000006   Code   RO         4359    i.ReSetTimerTemp    dri_systick.h.o
    0x080017aa   0x080017aa   0x00000002   Code   RO         4068    i.SVC_Handler       stm32f3xx_it.o
    0x080017ac   0x080017ac   0x00000010   Code   RO         4069    i.SysTick_Handler   stm32f3xx_it.o
    0x080017bc   0x080017bc   0x0000003c   Code   RO         4451    i.SysTick_Init      har_systick.o
    0x080017f8   0x080017f8   0x00000004   Code   RO         4310    i.Sys_LED_Init      dri_led.o
    0x080017fc   0x080017fc   0x00000004   Code   RO         4311    i.Sys_LED_Negative  dri_led.o
    0x08001800   0x08001800   0x00000038   Code   RO         4479    i.Sys_LED_PinInit   har_led.o
    0x08001838   0x08001838   0x00000024   Code   RO         4480    i.Sys_LED_PinNegative  har_led.o
    0x0800185c   0x0800185c   0x00000074   Code   RO         3990    i.SystemClock_Config  main.o
    0x080018d0   0x080018d0   0x00000068   Code   RO         4221    i.SystemInit        system_stm32f3xx.o
    0x08001938   0x08001938   0x00000002   Code   RO         4070    i.TIM7_IRQHandler   stm32f3xx_it.o
    0x0800193a   0x0800193a   0x00000002   PAD
    0x0800193c   0x0800193c   0x00000024   Code   RO         4586    i.UART1_SendBytes   har_uart.o
    0x08001960   0x08001960   0x000000c8   Code   RO         3354    i.UART_AdvFeatureConfig  stm32f3xx_hal_uart.o
    0x08001a28   0x08001a28   0x0000005c   Code   RO         3355    i.UART_CheckIdleState  stm32f3xx_hal_uart.o
    0x08001a84   0x08001a84   0x00000014   Code   RO         3356    i.UART_DMAAbortOnError  stm32f3xx_hal_uart.o
    0x08001a98   0x08001a98   0x0000004a   Code   RO         3357    i.UART_DMAError     stm32f3xx_hal_uart.o
    0x08001ae2   0x08001ae2   0x0000003e   Code   RO         3358    i.UART_DMAReceiveCplt  stm32f3xx_hal_uart.o
    0x08001b20   0x08001b20   0x0000000a   Code   RO         3360    i.UART_DMARxHalfCplt  stm32f3xx_hal_uart.o
    0x08001b2a   0x08001b2a   0x00000030   Code   RO         3362    i.UART_DMATransmitCplt  stm32f3xx_hal_uart.o
    0x08001b5a   0x08001b5a   0x0000000a   Code   RO         3364    i.UART_DMATxHalfCplt  stm32f3xx_hal_uart.o
    0x08001b64   0x08001b64   0x00000104   Code   RO         4587    i.UART_DMA_Init     har_uart.o
    0x08001c68   0x08001c68   0x0000001c   Code   RO         3366    i.UART_EndRxTransfer  stm32f3xx_hal_uart.o
    0x08001c84   0x08001c84   0x0000001a   Code   RO         3367    i.UART_EndTransmit_IT  stm32f3xx_hal_uart.o
    0x08001c9e   0x08001c9e   0x00000012   Code   RO         3368    i.UART_EndTxTransfer  stm32f3xx_hal_uart.o
    0x08001cb0   0x08001cb0   0x00000076   Code   RO         3369    i.UART_Receive_IT   stm32f3xx_hal_uart.o
    0x08001d26   0x08001d26   0x00000002   PAD
    0x08001d28   0x08001d28   0x000001d4   Code   RO         3370    i.UART_SetConfig    stm32f3xx_hal_uart.o
    0x08001efc   0x08001efc   0x00000064   Code   RO         3371    i.UART_Transmit_IT  stm32f3xx_hal_uart.o
    0x08001f60   0x08001f60   0x00000064   Code   RO         3372    i.UART_WaitOnFlagUntilTimeout  stm32f3xx_hal_uart.o
    0x08001fc4   0x08001fc4   0x00000048   Code   RO         4071    i.USART1_IRQHandler  stm32f3xx_it.o
    0x0800200c   0x0800200c   0x000000ac   Code   RO         4588    i.USART1_UART_Init  har_uart.o
    0x080020b8   0x080020b8   0x0000000c   Code   RO         4072    i.USART3_IRQHandler  stm32f3xx_it.o
    0x080020c4   0x080020c4   0x00000002   Code   RO         4073    i.UsageFault_Handler  stm32f3xx_it.o
    0x080020c6   0x080020c6   0x00000002   PAD
    0x080020c8   0x080020c8   0x00000020   Code   RO         4361    i.WaitSysTime_UnBlocked  dri_systick.h.o
    0x080020e8   0x080020e8   0x00000060   Code   RO         3991    i.main              main.o
    0x08002148   0x08002148   0x0000000a   Code   RO         4765    x$fpl$fpinit        fz_wm.l(fpinit.o)
    0x08002152   0x08002152   0x00000020   Data   RO         1886    .constdata          stm32f3xx_hal_rcc.o
    0x08002172   0x08002172   0x00000010   Data   RO         4222    .constdata          system_stm32f3xx.o
    0x08002182   0x08002182   0x00000008   Data   RO         4223    .constdata          system_stm32f3xx.o
    0x0800218a   0x0800218a   0x00000002   PAD
    0x0800218c   0x0800218c   0x00000020   Data   RO         4833    Region$$Table       anon$$obj.o


    Execution Region RW_IRAM1 (Exec base: 0x20000000, Load base: 0x080021ac, Size: 0x00001058, Max: 0x0000c000, ABSOLUTE)

    Exec Addr    Load Addr    Size         Type   Attr      Idx    E Section Name        Object

    0x20000000   0x080021ac   0x00000004   Data   RW           26    .data               stm32f3xx_hal.o
    0x20000004   0x080021b0   0x00000004   Data   RW         4224    .data               system_stm32f3xx.o
    0x20000008   0x080021b4   0x00000004   Data   RW         4368    .data               dri_systick.h.o
    0x2000000c        -       0x000009e8   Zero   RW         4590    .bss                har_uart.o
    0x200009f4        -       0x00000060   Zero   RW         4707    .bss                c_w.l(libspace.o)
    0x20000a54   0x080021b8   0x00000004   PAD
    0x20000a58        -       0x00000200   Zero   RW         4256    HEAP                startup_stm32f303xc.o
    0x20000c58        -       0x00000400   Zero   RW         4255    STACK               startup_stm32f303xc.o


==============================================================================

Image component sizes


      Code (inc. data)   RO Data    RW Data    ZI Data      Debug   Object Name

         4          0          0          0          0        466   dri_buzzer.o
         8          0          0          0          0        930   dri_led.o
       106         26          0          4          0       2707   dri_systick.h.o
        60         10          0          0          0        929   har_buzzer.o
        92         14          0          0          0       1432   har_led.o
        60         12          0          0          0      27258   har_systick.o
       512         44          0          0       2536       4148   har_uart.o
       212         18          0          0          0       2164   main.o
        64         26        392          0       1536        828   startup_stm32f303xc.o
        88         16          0          4          0     542305   stm32f3xx_hal.o
       218         14          0          0          0      30801   stm32f3xx_hal_cortex.o
       590         12          0          0          0       5282   stm32f3xx_hal_dma.o
       412         28          0          0          0       2883   stm32f3xx_hal_gpio.o
       128          6          0          0          0        898   stm32f3xx_hal_msp.o
      2052         80         32          0          0       6016   stm32f3xx_hal_rcc.o
       536         14          0          0          0       1516   stm32f3xx_hal_rcc_ex.o
      2176         84          0          0          0      17800   stm32f3xx_hal_uart.o
         2          0          0          0          0        852   stm32f3xx_hal_uart_ex.o
       174         52          0          0          0       9328   stm32f3xx_it.o
       104         22         24          4          0       1139   system_stm32f3xx.o

    ----------------------------------------------------------------------
      7610        478        482         12       4072     659682   Object Totals
         0          0         32          0          0          0   (incl. Generated)
        12          0          2          0          0          0   (incl. Padding)

    ----------------------------------------------------------------------

      Code (inc. data)   RO Data    RW Data    ZI Data      Debug   Library Member Name

         8          0          0          0          0         68   __main.o
         0          0          0          0          0          0   __rtentry.o
        12          0          0          0          0          0   __rtentry2.o
         6          0          0          0          0          0   __rtentry4.o
        52          8          0          0          0          0   __scatter.o
        26          0          0          0          0          0   __scatter_copy.o
        28          0          0          0          0          0   __scatter_zi.o
        18          0          0          0          0         80   exit.o
         6          0          0          0          0        152   heapauxi.o
         0          0          0          0          0          0   indicate_semi.o
         2          0          0          0          0          0   libinit.o
         6          0          0          0          0          0   libinit2.o
         2          0          0          0          0          0   libshutdown.o
         2          0          0          0          0          0   libshutdown2.o
         8          4          0          0         96         68   libspace.o
       138          0          0          0          0         68   rt_memcpy_v6.o
       100          0          0          0          0         80   rt_memcpy_w.o
         2          0          0          0          0          0   rtexit.o
        10          0          0          0          0          0   rtexit2.o
        12          4          0          0          0         68   sys_exit.o
        74          0          0          0          0         80   sys_stackheap_outer.o
         2          0          0          0          0         68   use_no_semi.o
        10          0          0          0          0        116   fpinit.o

    ----------------------------------------------------------------------
       528         16          0          0        100        848   Library Totals
         4          0          0          0          4          0   (incl. Padding)

    ----------------------------------------------------------------------

      Code (inc. data)   RO Data    RW Data    ZI Data      Debug   Library Name

       514         16          0          0         96        732   c_w.l
        10          0          0          0          0        116   fz_wm.l

    ----------------------------------------------------------------------
       528         16          0          0        100        848   Library Totals

    ----------------------------------------------------------------------

==============================================================================


      Code (inc. data)   RO Data    RW Data    ZI Data      Debug   

      8138        494        482         12       4172     651870   Grand Totals
      8138        494        482         12       4172     651870   ELF Image Totals
      8138        494        482         12          0          0   ROM Totals

==============================================================================

    Total RO  Size (Code + RO Data)                 8620 (   8.42kB)
    Total RW  Size (RW Data + ZI Data)              4184 (   4.09kB)
    Total ROM Size (Code + RO Data + RW Data)       8632 (   8.43kB)

==============================================================================

