<html>
<body>
<pre>
<h1>µVision Build Log</h1>
<h2>Tool Versions:</h2>
IDE-Version: ¦ÌVision V5.26.2.0
Copyright (C) 2018 ARM Ltd and ARM Germany GmbH. All rights reserved.
License Information: BB A, ZSC, LIC=HF8TG-VE355-ZCAJY-IURX2-DLA2F-NBCI8
 
Tool Versions:
Toolchain:       MDK-ARM Professional  Version: 5.26.2.0
Toolchain Path:  C:\software\keil5\ARM\ARMCC\Bin
C Compiler:      Armcc.exe V5.06 update 6 (build 750)
Assembler:       Armasm.exe V5.06 update 6 (build 750)
Linker/Locator:  ArmLink.exe V5.06 update 6 (build 750)
Library Manager: ArmAr.exe V5.06 update 6 (build 750)
Hex Converter:   FromElf.exe V5.06 update 6 (build 750)
CPU DLL:         SARMCM3.DLL V5.26.2.0
Dialog DLL:      DCM.DLL V1.17.2.0
Target DLL:      STLink\ST-LINKIII-KEIL_SWO.dll V3.0.5.0
Dialog DLL:      TCM.DLL V1.36.1.0
 
<h2>Project:</h2>
D:\ËÄÖá·ÉÐÐÆ÷\³ÌÐò\Mine\Project\MyF3.uvprojx
Project File Date:  02/15/2019

<h2>Output:</h2>
*** Using Compiler 'V5.06 update 6 (build 750)', folder: 'C:\software\keil5\ARM\ARMCC\Bin'
Build target 'Target 1'
compiling Dri_MPU6050.c...
..\USER\Inc\MyTypedef.h(23): warning:  #1-D: last line of file ends without a newline
  #endif
..\USER\Inc\MyConfiguration.h(7): warning:  #1-D: last line of file ends without a newline
  #endif
..\Devices\HardWare\Inc\Har_I2C.h(9): warning:  #1-D: last line of file ends without a newline
  #endif
..\Devices\Drivers\Inc\Dri_MPU6050.h(19): warning:  #1-D: last line of file ends without a newline
  #endif
..\Devices\Drivers\Src\Dri_MPU6050.c(36): warning:  #1035-D: single-precision operand implicitly converted to double-precision
  	MPU6050_TEMP=36.53+((float)((int16)tempture)/340);
..\Devices\Drivers\Src\Dri_MPU6050.c(40): warning:  #1-D: last line of file ends without a newline
  }
..\Devices\Drivers\Src\Dri_MPU6050.c(40): warning:  #940-D: missing return statement at end of non-void function "Read_MPU6050" 
  }
..\Devices\Drivers\Src\Dri_MPU6050.c: 7 warnings, 0 errors
linking...
Program Size: Code=18206 RO-data=658 RW-data=40 ZI-data=4400  
".\OutPut\MyF3.axf" - 0 Error(s), 7 Warning(s).

<h2>Software Packages used:</h2>

Package Vendor: Keil
                http://www.keil.com/pack/Keil.STM32F3xx_DFP.2.1.0.pack
                Keil.STM32F3xx_DFP.2.1.0
                STMicroelectronics STM32F3 Series Device Support and Examples

<h2>Collection of Component include folders:</h2>
  .\RTE\_Target_1
  C:\software\keil5\ARM\PACK\Keil\STM32F3xx_DFP\2.1.0\Drivers\CMSIS\Device\ST\STM32F3xx\Include

<h2>Collection of Component Files used:</h2>
Build Time Elapsed:  00:00:05
</pre>
</body>
</html>
